Archive member included to satisfy reference by file (symbol)

libbb/lib.a(appletlib.o)      /usr/lib/gcc/armv6-alpine-linux-musleabihf/12.2.1/../../../crt1.o (main)
libbb/lib.a(compare_string_array.o)
                              libbb/lib.a(appletlib.o) (is_prefixed_with)
libbb/lib.a(default_error_retval.o)
                              libbb/lib.a(appletlib.o) (xfunc_error_retval)
libbb/lib.a(get_last_path_component.o)
                              libbb/lib.a(appletlib.o) (bb_basename)
libbb/lib.a(last_char_is.o)   libbb/lib.a(get_last_path_component.o) (last_char_is)
libbb/lib.a(messages.o)       libbb/lib.a(appletlib.o) (bb_banner)
libbb/lib.a(ptr_to_globals.o)
                              libbb/lib.a(appletlib.o) (bb_errno)
libbb/lib.a(vfork_daemon_rexec.o)
                              libbb/lib.a(appletlib.o) (re_execed_comm)
libbb/lib.a(xfunc_die.o)      libbb/lib.a(appletlib.o) (xfunc_die)
libbb/lib.a(xfuncs.o)         libbb/lib.a(appletlib.o) (full_write2_str)
libbb/lib.a(xfuncs_printf.o)  libbb/lib.a(vfork_daemon_rexec.o) (xopen)
libbb/lib.a(copyfd.o)         libbb/lib.a(xfuncs_printf.o) (bb_copyfd_eof)
libbb/lib.a(executable.o)     libbb/lib.a(vfork_daemon_rexec.o) (BB_EXECVP)
libbb/lib.a(full_write.o)     libbb/lib.a(xfuncs.o) (full_write)
libbb/lib.a(getopt32.o)       libbb/lib.a(vfork_daemon_rexec.o) (option_mask32)
libbb/lib.a(llist.o)          libbb/lib.a(getopt32.o) (llist_add_to_end)
libbb/lib.a(perror_msg.o)     libbb/lib.a(xfuncs_printf.o) (bb_perror_msg)
libbb/lib.a(read.o)           libbb/lib.a(copyfd.o) (safe_read)
libbb/lib.a(safe_strncpy.o)   libbb/lib.a(getopt32.o) (overlapping_strcpy)
libbb/lib.a(safe_write.o)     libbb/lib.a(full_write.o) (safe_write)
libbb/lib.a(signals.o)        libbb/lib.a(xfuncs_printf.o) (kill_myself_with_sig)
libbb/lib.a(time.o)           libbb/lib.a(xfuncs_printf.o) (monotonic_us)
libbb/lib.a(verror_msg.o)     libbb/lib.a(xfuncs_printf.o) (bb_verror_msg)
libbb/lib.a(xatonum.o)        libbb/lib.a(getopt32.o) (xatoi_positive)
libbb/lib.a(bb_strtonum.o)    libbb/lib.a(time.o) (bb_strtoll)
libbb/lib.a(concat_path_file.o)
                              libbb/lib.a(executable.o) (concat_path_file)
shell/lib.a(ash.o)            libbb/lib.a(appletlib.o) (ash_main)
shell/lib.a(ash_ptr_hack.o)   shell/lib.a(ash.o) (ash_ptr_to_globals_var)
shell/lib.a(shell_common.o)   shell/lib.a(ash.o) (shell_builtin_read)
util-linux/lib.a(fatattr.o)   libbb/lib.a(appletlib.o) (fatattr_main)
coreutils/lib.a(cat.o)        libbb/lib.a(appletlib.o) (cat_main)
coreutils/lib.a(echo.o)       shell/lib.a(ash.o) (echo_main)
coreutils/lib.a(ls.o)         libbb/lib.a(appletlib.o) (ls_main)
coreutils/lib.a(printf.o)     shell/lib.a(ash.o) (printf_main)
editors/lib.a(vi.o)           libbb/lib.a(appletlib.o) (vi_main)
libbb/lib.a(bb_cat.o)         coreutils/lib.a(cat.o) (bb_cat)
libbb/lib.a(common_bufsiz.o)  coreutils/lib.a(ls.o) (bb_common_bufsiz1)
libbb/lib.a(endofname.o)      shell/lib.a(ash.o) (endofname)
libbb/lib.a(mode_string.o)    coreutils/lib.a(ls.o) (bb_mode_string)
libbb/lib.a(parse_mode.o)     shell/lib.a(ash.o) (bb_parse_mode)
libbb/lib.a(printable_string.o)
                              coreutils/lib.a(ls.o) (printable_string2)
libbb/lib.a(process_escape_sequence.o)
                              coreutils/lib.a(printf.o) (bb_process_escape_sequence)
libbb/lib.a(read_key.o)       editors/lib.a(vi.o) (safe_read_key)
libbb/lib.a(read_printf.o)    shell/lib.a(ash.o) (nonblock_immune_read)
libbb/lib.a(safe_poll.o)      editors/lib.a(vi.o) (safe_poll)
libbb/lib.a(skip_whitespace.o)
                              coreutils/lib.a(printf.o) (skip_whitespace)
libbb/lib.a(sysconf.o)        shell/lib.a(ash.o) (bb_clk_tck)
libbb/lib.a(u_signal_names.o)
                              shell/lib.a(ash.o) (get_signum)
libbb/lib.a(wfopen_input.o)   libbb/lib.a(bb_cat.o) (open_or_warn_stdin)
libbb/lib.a(xreadlink.o)      coreutils/lib.a(ls.o) (xmalloc_readlink_or_warn)
libbb/lib.a(auto_string.o)    libbb/lib.a(printable_string.o) (auto_string)
libbb/lib.a(wfopen.o)         libbb/lib.a(wfopen_input.o) (fopen_or_warn)
libbb/lib.a(xgetcwd.o)        libbb/lib.a(xreadlink.o) (xrealloc_getcwd_or_warn)
/usr/lib/gcc/armv6-alpine-linux-musleabihf/12.2.1/libgcc.a(_udivsi3.o)
                              shell/lib.a(ash.o) (__aeabi_uidiv)
/usr/lib/gcc/armv6-alpine-linux-musleabihf/12.2.1/libgcc.a(_divsi3.o)
                              editors/lib.a(vi.o) (__aeabi_idiv)
/usr/lib/gcc/armv6-alpine-linux-musleabihf/12.2.1/libgcc.a(_aeabi_ldivmod.o)
                              libbb/lib.a(time.o) (__aeabi_ldivmod)
/usr/lib/gcc/armv6-alpine-linux-musleabihf/12.2.1/libgcc.a(_dvmd_lnx.o)
                              /usr/lib/gcc/armv6-alpine-linux-musleabihf/12.2.1/libgcc.a(_aeabi_ldivmod.o) (__aeabi_ldiv0)
/usr/lib/gcc/armv6-alpine-linux-musleabihf/12.2.1/libgcc.a(_udivmoddi4.o)
                              /usr/lib/gcc/armv6-alpine-linux-musleabihf/12.2.1/libgcc.a(_aeabi_ldivmod.o) (__udivmoddi4)
[...]
Memory Configuration

Name             Origin             Length             Attributes
*default*        0x00000000         0xffffffff

Linker script and memory map

LOAD /usr/lib/gcc/armv6-alpine-linux-musleabihf/12.2.1/../../../crt1.o
LOAD /usr/lib/gcc/armv6-alpine-linux-musleabihf/12.2.1/../../../crti.o
LOAD /usr/lib/gcc/armv6-alpine-linux-musleabihf/12.2.1/crtbeginT.o
START GROUP
LOAD applets/built-in.o
LOAD archival/lib.a
LOAD archival/libarchive/lib.a
LOAD console-tools/lib.a
LOAD coreutils/lib.a
LOAD coreutils/libcoreutils/lib.a
LOAD debianutils/lib.a
LOAD klibc-utils/lib.a
LOAD e2fsprogs/lib.a
LOAD editors/lib.a
LOAD findutils/lib.a
LOAD init/lib.a
LOAD libbb/lib.a
LOAD libpwdgrp/lib.a
LOAD loginutils/lib.a
LOAD mailutils/lib.a
LOAD miscutils/lib.a
LOAD modutils/lib.a
LOAD networking/lib.a
LOAD networking/libiproute/lib.a
LOAD networking/udhcp/lib.a
LOAD printutils/lib.a
LOAD procps/lib.a
LOAD runit/lib.a
LOAD selinux/lib.a
LOAD shell/lib.a
LOAD sysklogd/lib.a
LOAD util-linux/lib.a
LOAD util-linux/volume_id/lib.a
LOAD archival/built-in.o
LOAD archival/libarchive/built-in.o
LOAD console-tools/built-in.o
LOAD coreutils/built-in.o
LOAD coreutils/libcoreutils/built-in.o
LOAD debianutils/built-in.o
LOAD klibc-utils/built-in.o
LOAD e2fsprogs/built-in.o
LOAD editors/built-in.o
LOAD findutils/built-in.o
LOAD init/built-in.o
LOAD libbb/built-in.o
LOAD libpwdgrp/built-in.o
LOAD loginutils/built-in.o
LOAD mailutils/built-in.o
LOAD miscutils/built-in.o
LOAD modutils/built-in.o
LOAD networking/built-in.o
LOAD networking/libiproute/built-in.o
LOAD networking/udhcp/built-in.o
LOAD printutils/built-in.o
LOAD procps/built-in.o
LOAD runit/built-in.o
LOAD selinux/built-in.o
LOAD shell/built-in.o
LOAD sysklogd/built-in.o
LOAD util-linux/built-in.o
LOAD util-linux/volume_id/built-in.o
END GROUP
LOAD /usr/lib/gcc/armv6-alpine-linux-musleabihf/12.2.1/../../../libssp_nonshared.a
START GROUP
LOAD /usr/lib/gcc/armv6-alpine-linux-musleabihf/12.2.1/libgcc.a
LOAD /usr/lib/gcc/armv6-alpine-linux-musleabihf/12.2.1/libgcc_eh.a
LOAD /usr/lib/gcc/armv6-alpine-linux-musleabihf/12.2.1/../../../libc.a
END GROUP
LOAD /usr/lib/gcc/armv6-alpine-linux-musleabihf/12.2.1/crtend.o
LOAD /usr/lib/gcc/armv6-alpine-linux-musleabihf/12.2.1/../../../crtn.o
                [!provide]                        PROVIDE (__executable_start = SEGMENT_START ("text-segment", 0x10000))
                0x000100d4                        . = (SEGMENT_START ("text-segment", 0x10000) + SIZEOF_HEADERS)

.interp
 *(SORT_BY_ALIGNMENT(.interp))

.note.gnu.build-id
 *(SORT_BY_ALIGNMENT(.note.gnu.build-id))

.hash
 *(SORT_BY_ALIGNMENT(.hash))

.gnu.hash
 *(SORT_BY_ALIGNMENT(.gnu.hash))

.dynsym
 *(SORT_BY_ALIGNMENT(.dynsym))

.dynstr
 *(SORT_BY_ALIGNMENT(.dynstr))

.gnu.version
 *(SORT_BY_ALIGNMENT(.gnu.version))

.gnu.version_d
 *(SORT_BY_ALIGNMENT(.gnu.version_d))

.gnu.version_r
 *(SORT_BY_ALIGNMENT(.gnu.version_r))

.rel.dyn        0x000100d4        0x0
 *(SORT_BY_ALIGNMENT(.rel.init))
 *(SORT_BY_ALIGNMENT(.rel.text) SORT_BY_ALIGNMENT(.rel.text.*) SORT_BY_ALIGNMENT(.rel.gnu.linkonce.t.*))
 *(SORT_BY_ALIGNMENT(.rel.fini))
 *(SORT_BY_ALIGNMENT(.rel.rodata) SORT_BY_ALIGNMENT(.rel.rodata.*) SORT_BY_ALIGNMENT(.rel.gnu.linkonce.r.*))
 *(SORT_BY_ALIGNMENT(.rel.data.rel.ro) SORT_BY_ALIGNMENT(.rel.data.rel.ro.*) SORT_BY_ALIGNMENT(.rel.gnu.linkonce.d.rel.ro.*))
 *(SORT_BY_ALIGNMENT(.rel.data) SORT_BY_ALIGNMENT(.rel.data.*) SORT_BY_ALIGNMENT(.rel.gnu.linkonce.d.*))
 *(SORT_BY_ALIGNMENT(.rel.tdata) SORT_BY_ALIGNMENT(.rel.tdata.*) SORT_BY_ALIGNMENT(.rel.gnu.linkonce.td.*))
 *(SORT_BY_ALIGNMENT(.rel.tbss) SORT_BY_ALIGNMENT(.rel.tbss.*) SORT_BY_ALIGNMENT(.rel.gnu.linkonce.tb.*))
 *(SORT_BY_ALIGNMENT(.rel.ctors))
 *(SORT_BY_ALIGNMENT(.rel.dtors))
 *(SORT_BY_ALIGNMENT(.rel.got))
 .rel.got       0x000100d4        0x0 /usr/lib/gcc/armv6-alpine-linux-musleabihf/12.2.1/../../../crt1.o
 *(SORT_BY_ALIGNMENT(.rel.bss) SORT_BY_ALIGNMENT(.rel.bss.*) SORT_BY_ALIGNMENT(.rel.gnu.linkonce.b.*))
                [!provide]                        PROVIDE (__rel_iplt_start = .)
 *(SORT_BY_ALIGNMENT(.rel.iplt))
 .rel.iplt      0x000100d4        0x0 /usr/lib/gcc/armv6-alpine-linux-musleabihf/12.2.1/../../../crt1.o
                [!provide]                        PROVIDE (__rel_iplt_end = .)

.rela.dyn       0x000100d4        0x0
 *(SORT_BY_ALIGNMENT(.rela.init))
 *(SORT_BY_ALIGNMENT(.rela.text) SORT_BY_ALIGNMENT(.rela.text.*) SORT_BY_ALIGNMENT(.rela.gnu.linkonce.t.*))
 *(SORT_BY_ALIGNMENT(.rela.fini))
 *(SORT_BY_ALIGNMENT(.rela.rodata) SORT_BY_ALIGNMENT(.rela.rodata.*) SORT_BY_ALIGNMENT(.rela.gnu.linkonce.r.*))
 *(SORT_BY_ALIGNMENT(.rela.data) SORT_BY_ALIGNMENT(.rela.data.*) SORT_BY_ALIGNMENT(.rela.gnu.linkonce.d.*))
 *(SORT_BY_ALIGNMENT(.rela.tdata) SORT_BY_ALIGNMENT(.rela.tdata.*) SORT_BY_ALIGNMENT(.rela.gnu.linkonce.td.*))
 *(SORT_BY_ALIGNMENT(.rela.tbss) SORT_BY_ALIGNMENT(.rela.tbss.*) SORT_BY_ALIGNMENT(.rela.gnu.linkonce.tb.*))
 *(SORT_BY_ALIGNMENT(.rela.ctors))
 *(SORT_BY_ALIGNMENT(.rela.dtors))
 *(SORT_BY_ALIGNMENT(.rela.got))
 *(SORT_BY_ALIGNMENT(.rela.bss) SORT_BY_ALIGNMENT(.rela.bss.*) SORT_BY_ALIGNMENT(.rela.gnu.linkonce.b.*))
                [!provide]                        PROVIDE (__rela_iplt_start = .)
 *(SORT_BY_ALIGNMENT(.rela.iplt))
                [!provide]                        PROVIDE (__rela_iplt_end = .)

.rel.plt
 *(SORT_BY_ALIGNMENT(.rel.plt))

.rela.plt
 *(SORT_BY_ALIGNMENT(.rela.plt))

.init           0x000100d4        0xc
 *(SORT_NONE(.init))
 .init          0x000100d4        0x4 /usr/lib/gcc/armv6-alpine-linux-musleabihf/12.2.1/../../../crti.o
                0x000100d4                _init
 .init          0x000100d8        0x8 /usr/lib/gcc/armv6-alpine-linux-musleabihf/12.2.1/../../../crtn.o

.plt
 *(SORT_BY_ALIGNMENT(.plt))

.iplt           0x000100e0        0x0
 *(SORT_BY_ALIGNMENT(.iplt))
 .iplt          0x000100e0        0x0 /usr/lib/gcc/armv6-alpine-linux-musleabihf/12.2.1/../../../crt1.o

.text           0x000100e0    0x252b8
 *(SORT_BY_ALIGNMENT(.text.unlikely) SORT_BY_ALIGNMENT(.text.*_unlikely) SORT_BY_ALIGNMENT(.text.unlikely.*))
 *(SORT_BY_ALIGNMENT(.text.exit) SORT_BY_ALIGNMENT(.text.exit.*))
 .text.exit     0x000100e0       0x1c /usr/lib/gcc/armv6-alpine-linux-musleabihf/12.2.1/../../../libc.a(exit.lo)
                0x000100e0                exit
 *(SORT_BY_ALIGNMENT(.text.startup) SORT_BY_ALIGNMENT(.text.startup.*))
 *(SORT_BY_ALIGNMENT(.text.hot) SORT_BY_ALIGNMENT(.text.hot.*))
 *(SORT_BY_NAME(SORT_BY_ALIGNMENT(.text.sorted.*)))
 *(SORT_BY_ALIGNMENT(.text) SORT_BY_ALIGNMENT(.stub) SORT_BY_ALIGNMENT(.text.*) SORT_BY_ALIGNMENT(.gnu.linkonce.t.*))
 *fill*         0x000100fc        0x4 
 .text.fmt_fp   0x00010100      0xd80 /usr/lib/gcc/armv6-alpine-linux-musleabihf/12.2.1/../../../libc.a(vfprintf.lo)
 .text.decfloat
                0x00010e80      0xa54 /usr/lib/gcc/armv6-alpine-linux-musleabihf/12.2.1/../../../libc.a(floatscan.lo)
 *fill*         0x000118d4        0x4 
 .text.__floatscan
                0x000118d8      0x890 /usr/lib/gcc/armv6-alpine-linux-musleabihf/12.2.1/../../../libc.a(floatscan.lo)
                0x000118d8                __floatscan
 .text.scalbn   0x00012168       0xb0 /usr/lib/gcc/armv6-alpine-linux-musleabihf/12.2.1/../../../libc.a(scalbn.lo)
                0x00012168                scalbn
 .text.fmod     0x00012218      0x1f0 /usr/lib/gcc/armv6-alpine-linux-musleabihf/12.2.1/../../../libc.a(fmod.lo)
                0x00012218                fmod
 .text.frexp    0x00012408       0x8c /usr/lib/gcc/armv6-alpine-linux-musleabihf/12.2.1/../../../libc.a(frexp.lo)
                0x00012408                frexp
 .text          0x00012494       0x24 /usr/lib/gcc/armv6-alpine-linux-musleabihf/12.2.1/../../../crt1.o
                0x00012494                _start
 .text._start_c
                0x000124b8       0x64 /usr/lib/gcc/armv6-alpine-linux-musleabihf/12.2.1/../../../crt1.o
                0x000124b8                _start_c
 .text          0x0001251c       0xdc /usr/lib/gcc/armv6-alpine-linux-musleabihf/12.2.1/crtbeginT.o
 .text.string_array_len
                0x000125f8       0x24 libbb/lib.a(appletlib.o)
                0x000125f8                string_array_len
 .text.bb_show_usage
                0x0001261c        0x8 libbb/lib.a(appletlib.o)
                0x0001261c                bb_show_usage
 .text.find_applet_by_name
                0x00012624       0x80 libbb/lib.a(appletlib.o)
                0x00012624                find_applet_by_name
 .text.lbb_prepare
                0x000126a4       0x30 libbb/lib.a(appletlib.o)
                0x000126a4                lbb_prepare
 .text.show_usage_if_dash_dash_help
                0x000126d4       0x3c libbb/lib.a(appletlib.o)
                0x000126d4                show_usage_if_dash_dash_help
 .text.run_applet_no_and_exit
                0x00012710       0x58 libbb/lib.a(appletlib.o)
                0x00012710                run_applet_no_and_exit
 .text.run_applet_and_exit
                0x00012768      0x270 libbb/lib.a(appletlib.o)
 .text.main     0x000129d8       0x7c libbb/lib.a(appletlib.o)
                0x000129d8                main
 .text.is_prefixed_with
                0x00012a54       0x24 libbb/lib.a(compare_string_array.o)
                0x00012a54                is_prefixed_with
 .text.nth_string
                0x00012a78       0x28 libbb/lib.a(compare_string_array.o)
                0x00012a78                nth_string
 .text.bb_basename
                0x00012aa0       0x20 libbb/lib.a(get_last_path_component.o)
                0x00012aa0                bb_basename
 .text.bb_get_last_path_component_nostrip
                0x00012ac0       0x3c libbb/lib.a(get_last_path_component.o)
                0x00012ac0                bb_get_last_path_component_nostrip
 .text.last_char_is
                0x00012afc       0x34 libbb/lib.a(last_char_is.o)
                0x00012afc                last_char_is
 .text.jump     0x00012b30       0x28 libbb/lib.a(vfork_daemon_rexec.o)
 .text.re_execed_comm
                0x00012b58       0x9c libbb/lib.a(vfork_daemon_rexec.o)
                0x00012b58                re_execed_comm
 .text.set_task_comm
                0x00012bf4       0x24 libbb/lib.a(vfork_daemon_rexec.o)
                0x00012bf4                set_task_comm
 .text.run_nofork_applet
                0x00012c18      0x2c8 libbb/lib.a(vfork_daemon_rexec.o)
                0x00012c18                run_nofork_applet
 .text.run_noexec_applet_and_exit
                0x00012ee0       0x7c libbb/lib.a(vfork_daemon_rexec.o)
                0x00012ee0                run_noexec_applet_and_exit
 .text.xfunc_die
                0x00012f5c       0x34 libbb/lib.a(xfunc_die.o)
                0x00012f5c                xfunc_die
 .text.utoa_to_buf
                0x00012f90       0x88 libbb/lib.a(xfuncs.o)
                0x00012f90                utoa_to_buf
 .text.itoa_to_buf
                0x00013018       0x28 libbb/lib.a(xfuncs.o)
                0x00013018                itoa_to_buf
 .text.utoa     0x00013040       0x2c libbb/lib.a(xfuncs.o)
                0x00013040                utoa
 .text.itoa     0x0001306c       0x2c libbb/lib.a(xfuncs.o)
                0x0001306c                itoa
 .text.full_write2_str
                0x00013098       0x20 libbb/lib.a(xfuncs.o)
                0x00013098                full_write2_str
 .text.get_terminal_width_height
                0x000130b8      0x198 libbb/lib.a(xfuncs.o)
                0x000130b8                get_terminal_width_height
 .text.get_terminal_width
                0x00013250       0x6c libbb/lib.a(xfuncs.o)
                0x00013250                get_terminal_width
 .text.tcsetattr_stdin_TCSANOW
                0x000132bc       0x10 libbb/lib.a(xfuncs.o)
                0x000132bc                tcsetattr_stdin_TCSANOW
 .text.get_termios_and_make_raw
                0x000132cc       0xb4 libbb/lib.a(xfuncs.o)
                0x000132cc                get_termios_and_make_raw
 .text.set_termios_to_raw
                0x00013380       0x88 libbb/lib.a(xfuncs.o)
                0x00013380                set_termios_to_raw
 .text._exit_SUCCESS
                0x00013408        0xc libbb/lib.a(xfuncs.o)
                0x00013408                _exit_SUCCESS
 .text.bb_die_memory_exhausted
                0x00013414       0x14 libbb/lib.a(xfuncs_printf.o)
                0x00013414                bb_die_memory_exhausted
 .text.xmalloc  0x00013428       0x28 libbb/lib.a(xfuncs_printf.o)
                0x00013428                xmalloc
 .text.xrealloc
                0x00013450       0x28 libbb/lib.a(xfuncs_printf.o)
                0x00013450                xrealloc
 .text.xzalloc  0x00013478       0x24 libbb/lib.a(xfuncs_printf.o)
                0x00013478                xzalloc
 .text.xstrdup  0x0001349c       0x2c libbb/lib.a(xfuncs_printf.o)
                0x0001349c                xstrdup
 .text.xmemdup  0x000134c8       0x4c libbb/lib.a(xfuncs_printf.o)
                0x000134c8                xmemdup
 .text.xopen3   0x00013514       0x28 libbb/lib.a(xfuncs_printf.o)
                0x00013514                xopen3
 .text.xopen    0x0001353c        0xc libbb/lib.a(xfuncs_printf.o)
                0x0001353c                xopen
 .text.open3_or_warn
                0x00013548       0x30 libbb/lib.a(xfuncs_printf.o)
                0x00013548                open3_or_warn
 .text.open_or_warn
                0x00013578        0xc libbb/lib.a(xfuncs_printf.o)
                0x00013578                open_or_warn
 .text.xwrite   0x00013584       0x40 libbb/lib.a(xfuncs_printf.o)
                0x00013584                xwrite
 .text.fflush_all
                0x000135c4        0x8 libbb/lib.a(xfuncs_printf.o)
                0x000135c4                fflush_all
 .text.bb_putchar
                0x000135cc        0x4 libbb/lib.a(xfuncs_printf.o)
                0x000135cc                bb_putchar
 .text.fputs_stdout
                0x000135d0       0x20 libbb/lib.a(xfuncs_printf.o)
                0x000135d0                fputs_stdout
 .text.xasprintf
                0x000135f0       0x8c libbb/lib.a(xfuncs_printf.o)
                0x000135f0                xasprintf
 .text.warn_opendir
                0x0001367c       0x30 libbb/lib.a(xfuncs_printf.o)
                0x0001367c                warn_opendir
 .text.bb_xioctl
                0x000136ac       0x28 libbb/lib.a(xfuncs_printf.o)
                0x000136ac                bb_xioctl
 .text.xgettimeofday
                0x000136d4        0x8 libbb/lib.a(xfuncs_printf.o)
                0x000136d4                xgettimeofday
 .text.bb_full_fd_action
                0x000136dc      0x188 libbb/lib.a(copyfd.o)
 .text.bb_copyfd_eof
                0x00013864        0xc libbb/lib.a(copyfd.o)
                0x00013864                bb_copyfd_eof
 .text.full_write
                0x00013870       0x54 libbb/lib.a(full_write.o)
                0x00013870                full_write
 .text.vgetopt32
                0x000138c4      0x534 libbb/lib.a(getopt32.o)
 .text.getopt32
                0x00013df8       0x78 libbb/lib.a(getopt32.o)
                0x00013df8                getopt32
 .text.llist_add_to_end
                0x00013e70       0x34 libbb/lib.a(llist.o)
                0x00013e70                llist_add_to_end
 .text.bb_perror_msg
                0x00013ea4       0xa4 libbb/lib.a(perror_msg.o)
                0x00013ea4                bb_perror_msg
 .text.bb_perror_msg_and_die
                0x00013f48       0x6c libbb/lib.a(perror_msg.o)
                0x00013f48                bb_perror_msg_and_die
 .text.bb_simple_perror_msg
                0x00013fb4       0x14 libbb/lib.a(perror_msg.o)
                0x00013fb4                bb_simple_perror_msg
 .text.bb_simple_perror_msg_and_die
                0x00013fc8       0x18 libbb/lib.a(perror_msg.o)
                0x00013fc8                bb_simple_perror_msg_and_die
 .text.safe_read
                0x00013fe0       0x50 libbb/lib.a(read.o)
                0x00013fe0                safe_read
 .text.full_read
                0x00014030       0x58 libbb/lib.a(read.o)
                0x00014030                full_read
 .text.safe_strncpy
                0x00014088       0x18 libbb/lib.a(safe_strncpy.o)
                0x00014088                safe_strncpy
 .text.overlapping_strcpy
                0x000140a0       0x24 libbb/lib.a(safe_strncpy.o)
                0x000140a0                overlapping_strcpy
 .text.safe_write
                0x000140c4       0x50 libbb/lib.a(safe_write.o)
                0x000140c4                safe_write
 .text.sigaction_set
                0x00014114        0x8 libbb/lib.a(signals.o)
                0x00014114                sigaction_set
 .text.sigprocmask_allsigs
                0x0001411c       0x80 libbb/lib.a(signals.o)
                0x0001411c                sigprocmask_allsigs
 .text.sigprocmask2
                0x0001419c        0x8 libbb/lib.a(signals.o)
                0x0001419c                sigprocmask2
 .text.monotonic_ms
                0x000141a4       0x94 libbb/lib.a(time.o)
                0x000141a4                monotonic_ms
 .text.bb_verror_msg
                0x00014238      0x268 libbb/lib.a(verror_msg.o)
                0x00014238                bb_verror_msg
 .text.bb_error_msg_and_die
                0x000144a0       0x44 libbb/lib.a(verror_msg.o)
                0x000144a0                bb_error_msg_and_die
 .text.bb_error_msg
                0x000144e4       0x7c libbb/lib.a(verror_msg.o)
                0x000144e4                bb_error_msg
 .text.bb_simple_error_msg
                0x00014560       0x14 libbb/lib.a(verror_msg.o)
                0x00014560                bb_simple_error_msg
 .text.bb_simple_error_msg_and_die
                0x00014574       0x18 libbb/lib.a(verror_msg.o)
                0x00014574                bb_simple_error_msg_and_die
 .text.xstrtoul_range_sfx
                0x0001458c      0x178 libbb/lib.a(xatonum.o)
                0x0001458c                xstrtoul_range_sfx
 .text.xatoul_range
                0x00014704       0x24 libbb/lib.a(xatonum.o)
                0x00014704                xatoul_range
 .text.xatoi_positive
                0x00014728        0xc libbb/lib.a(xatonum.o)
                0x00014728                xatoi_positive
 .text.handle_errors.isra.0
                0x00014734       0x64 libbb/lib.a(bb_strtonum.o)
 .text.bb_strtoull
                0x00014798       0xc4 libbb/lib.a(bb_strtonum.o)
                0x00014798                bb_strtoull
 .text.bb_strtoll
                0x0001485c       0xd0 libbb/lib.a(bb_strtonum.o)
                0x0001485c                bb_strtoll
 .text.bb_strtoul
                0x0001492c       0xc0 libbb/lib.a(bb_strtonum.o)
                0x0001492c                bb_strtoul
 .text.bb_strtol
                0x000149ec       0xcc libbb/lib.a(bb_strtonum.o)
                0x000149ec                bb_strtol
 .text.concat_path_file
                0x00014ab8       0x74 libbb/lib.a(concat_path_file.o)
                0x00014ab8                concat_path_file
 .text.prefix   0x00014b2c       0x24 shell/lib.a(ash.o)
 .text.is_number
                0x00014b50       0x2c shell/lib.a(ash.o)
 .text.varcmp   0x00014b7c       0x40 shell/lib.a(ash.o)
 .text.hashvar  0x00014bbc       0x58 shell/lib.a(ash.o)
 .text.vpcmp    0x00014c14        0xc shell/lib.a(ash.o)
 .text.findvar  0x00014c20       0x3c shell/lib.a(ash.o)
 .text.getstatus
                0x00014c5c       0x28 shell/lib.a(ash.o)
 .text.skiploop
                0x00014c84       0x48 shell/lib.a(ash.o)
 .text.falsecmd
                0x00014ccc        0x8 shell/lib.a(ash.o)
 .text.truecmd  0x00014cd4        0x8 shell/lib.a(ash.o)
 .text.bltincmd
                0x00014cdc       0x24 shell/lib.a(ash.o)
 .text.nlnoprompt
                0x00014d00       0x60 shell/lib.a(ash.o)
 .text.pungetc  0x00014d60       0x1c shell/lib.a(ash.o)
 .text.pushfile
                0x00014d7c       0x30 shell/lib.a(ash.o)
 .text.pushredir
                0x00014dac       0x94 shell/lib.a(ash.o)
 .text.freeparam
                0x00014e40       0x38 shell/lib.a(ash.o)
 .text.freefunc
                0x00014e78       0x20 shell/lib.a(ash.o)
 .text.ignoresig
                0x00014e98       0x4c shell/lib.a(ash.o)
 .text.raise_exception
                0x00014ee4       0x3c shell/lib.a(ash.o)
 .text.raise_interrupt
                0x00014f20       0x6c shell/lib.a(ash.o)
 .text.int_on   0x00014f8c       0x44 shell/lib.a(ash.o)
 .text.clearcmdentry
                0x00014fd0       0xbc shell/lib.a(ash.o)
 .text.changepath
                0x0001508c       0x70 shell/lib.a(ash.o)
 .text.ifsfree  0x000150fc       0x80 shell/lib.a(ash.o)
 .text.freestrings
                0x0001517c       0x6c shell/lib.a(ash.o)
 .text.delete_cmd_entry
                0x000151e8       0x6c shell/lib.a(ash.o)
 .text.recordregion
                0x00015254       0x98 shell/lib.a(ash.o)
 .text.popstackmark
                0x000152ec       0x8c shell/lib.a(ash.o)
 .text.signal_handler
                0x00015378       0x80 shell/lib.a(ash.o)
 .text.force_int_on
                0x000153f8       0x38 shell/lib.a(ash.o)
 .text.setinputstring
                0x00015430       0x80 shell/lib.a(ash.o)
 .text.nodeckstrdup
                0x000154b0       0x44 shell/lib.a(ash.o)
 .text.copynode
                0x000154f4      0x1a0 shell/lib.a(ash.o)
 .text.copynodelist
                0x00015694       0xa8 shell/lib.a(ash.o)
 .text.pstrcmp1
                0x0001573c        0xc shell/lib.a(ash.o)
 .text.cmdlookup
                0x00015748       0xd0 shell/lib.a(ash.o)
 .text.pstrcmp  0x00015818        0x8 shell/lib.a(ash.o)
 .text.flush_stdout_stderr
                0x00015820       0x38 shell/lib.a(ash.o)
 .text.popstring
                0x00015858       0xa8 shell/lib.a(ash.o)
 .text.popfile  0x00015900       0xbc shell/lib.a(ash.o)
 .text.unwindfiles
                0x000159bc       0x28 shell/lib.a(ash.o)
 .text.setsignal
                0x000159e4      0x1f0 shell/lib.a(ash.o)
 .text.out1fmt  0x00015bd4       0xac shell/lib.a(ash.o)
 .text.optschanged
                0x00015c80       0xbc shell/lib.a(ash.o)
 .text.newline_and_flush
                0x00015d3c       0x4c shell/lib.a(ash.o)
 .text.ash_vmsg
                0x00015d88       0xe8 shell/lib.a(ash.o)
 .text.ash_msg_and_raise_error
                0x00015e70       0x6c shell/lib.a(ash.o)
 .text.setvareq
                0x00015edc      0x18c shell/lib.a(ash.o)
 .text.setvar   0x00016068      0x114 shell/lib.a(ash.o)
 .text.setvar0  0x0001617c        0x8 shell/lib.a(ash.o)
 .text.raise_error_syntax
                0x00016184       0x4c shell/lib.a(ash.o)
 .text.nextopt  0x000161d0      0x144 shell/lib.a(ash.o)
 .text.unsetcmd
                0x00016314       0x94 shell/lib.a(ash.o)
 .text.cdopt    0x000163a8       0x40 shell/lib.a(ash.o)
 .text.ash_msg  0x000163e8       0x78 shell/lib.a(ash.o)
 .text.stalloc  0x00016460       0xb0 shell/lib.a(ash.o)
 .text.setstackmark
                0x00016510       0x50 shell/lib.a(ash.o)
 .text.sstrdup  0x00016560       0x50 shell/lib.a(ash.o)
 .text.setparam
                0x000165b0       0x88 shell/lib.a(ash.o)
 .text.options  0x00016638      0x378 shell/lib.a(ash.o)
 .text.setpwd   0x000169b0       0xf8 shell/lib.a(ash.o)
 .text.pwdcmd   0x00016aa8       0x6c shell/lib.a(ash.o)
 .text.setinputfile
                0x00016b14      0x148 shell/lib.a(ash.o)
 .text.dup_CLOEXEC
                0x00016c5c       0x50 shell/lib.a(ash.o)
 .text.fmtstr   0x00016cac       0xb8 shell/lib.a(ash.o)
 .text.out2str  0x00016d64       0x4c shell/lib.a(ash.o)
 .text.setprompt_if
                0x00016db0       0x80 shell/lib.a(ash.o)
 .text.nlprompt
                0x00016e30       0x54 shell/lib.a(ash.o)
 .text.stoppedjobs
                0x00016e84       0x84 shell/lib.a(ash.o)
 .text.__pgetc  0x00016f08      0x1fc shell/lib.a(ash.o)
 .text.pgetc    0x00017104       0x2c shell/lib.a(ash.o)
 .text.pgetc_eatbnl
                0x00017130       0x34 shell/lib.a(ash.o)
 .text.number   0x00017164       0x30 shell/lib.a(ash.o)
 .text.shiftcmd
                0x00017194       0xd0 shell/lib.a(ash.o)
 .text.returncmd
                0x00017264       0x54 shell/lib.a(ash.o)
 .text.exitcmd  0x000172b8       0x54 shell/lib.a(ash.o)
 .text.breakcmd
                0x0001730c       0x94 shell/lib.a(ash.o)
 .text.stzalloc
                0x000173a0       0x1c shell/lib.a(ash.o)
 .text.makename
                0x000173bc       0x40 shell/lib.a(ash.o)
 .text.growstackblock
                0x000173fc      0x114 shell/lib.a(ash.o)
 .text.growstackstr
                0x00017510       0x38 shell/lib.a(ash.o)
 .text._STPUTC  0x00017548       0x40 shell/lib.a(ash.o)
 .text.listvars
                0x00017588      0x130 shell/lib.a(ash.o)
 .text.growstackto
                0x000176b8       0x38 shell/lib.a(ash.o)
 .text.makestrspace
                0x000176f0       0x38 shell/lib.a(ash.o)
 .text.single_quote
                0x00017728       0xd4 shell/lib.a(ash.o)
 .text.maybe_single_quote
                0x000177fc       0x48 shell/lib.a(ash.o)
 .text.stack_putstr
                0x00017844       0x2c shell/lib.a(ash.o)
 .text.memtodest
                0x00017870       0xe0 shell/lib.a(ash.o)
 .text.findkwd  0x00017950       0x38 shell/lib.a(ash.o)
 .text.umaskcmd
                0x00017988      0x1cc shell/lib.a(ash.o)
 .text.ulimitcmd
                0x00017b54        0x8 shell/lib.a(ash.o)
 .text.errmsg   0x00017b5c       0x18 shell/lib.a(ash.o)
 .text.trapcmd  0x00017b74      0x1f0 shell/lib.a(ash.o)
 .text.timescmd
                0x00017d64       0xfc shell/lib.a(ash.o)
 .text.showvars
                0x00017e60      0x130 shell/lib.a(ash.o)
 .text.setcmd   0x00017f90       0x80 shell/lib.a(ash.o)
 .text.exportcmd
                0x00018010       0xe4 shell/lib.a(ash.o)
 .text.printfcmd
                0x000180f4        0x4 shell/lib.a(ash.o)
 .text.echocmd  0x000180f8        0x4 shell/lib.a(ash.o)
 .text.rmescapes
                0x000180fc      0x1a0 shell/lib.a(ash.o)
 .text.tokname  0x0001829c       0x40 shell/lib.a(ash.o)
 .text.raise_error_unexpected_syntax
                0x000182dc       0xb0 shell/lib.a(ash.o)
 .text.cvtnum   0x0001838c       0x94 shell/lib.a(ash.o)
 .text.scanright
                0x00018420      0x128 shell/lib.a(ash.o)
 .text.scanleft
                0x00018548       0x78 shell/lib.a(ash.o)
 .text.legal_pathopt.constprop.0
                0x000185c0       0x4c shell/lib.a(ash.o)
 .text.padvance
                0x0001860c      0x150 shell/lib.a(ash.o)
 .text.dup2_or_raise.isra.0
                0x0001875c       0x38 shell/lib.a(ash.o)
 .text.popredir
                0x00018794       0xc8 shell/lib.a(ash.o)
 .text.exitreset
                0x0001885c       0xb0 shell/lib.a(ash.o)
 .text.dowait.isra.0
                0x0001890c      0x2e0 shell/lib.a(ash.o)
 .text.waitcmd  0x00018bec      0x2e8 shell/lib.a(ash.o)
 .text.parse_command
                0x00018ed4      0x8b4 shell/lib.a(ash.o)
 .text.pipeline
                0x00019788      0x100 shell/lib.a(ash.o)
 .text.list     0x00019888      0x22c shell/lib.a(ash.o)
 .text.readtoken1
                0x00019ab4      0xfc4 shell/lib.a(ash.o)
 .text.xxreadtoken
                0x0001aa78      0x138 shell/lib.a(ash.o)
 .text.parseheredoc
                0x0001abb0       0xc8 shell/lib.a(ash.o)
 .text.readtoken
                0x0001ac78       0xd4 shell/lib.a(ash.o)
 .text.parsefname
                0x0001ad4c      0x150 shell/lib.a(ash.o)
 .text.parsecmd
                0x0001ae9c       0x6c shell/lib.a(ash.o)
 .text.calcsize
                0x0001af08      0x1b8 shell/lib.a(ash.o)
 .text.freejob  0x0001b0c0       0xb0 shell/lib.a(ash.o)
 .text.makejob  0x0001b170      0x1a0 shell/lib.a(ash.o)
 .text.waitforjob
                0x0001b310       0x60 shell/lib.a(ash.o)
 .text.forkchild
                0x0001b370      0x220 shell/lib.a(ash.o)
 .text.forkshell
                0x0001b590       0xfc shell/lib.a(ash.o)
 .text.mklocal  0x0001b68c      0x1d0 shell/lib.a(ash.o)
 .text.localcmd
                0x0001b85c       0x54 shell/lib.a(ash.o)
 .text.ash_msg_and_raise.constprop.0
                0x0001b8b0       0x50 shell/lib.a(ash.o)
 .text.shellexec
                0x0001b900      0x2b0 shell/lib.a(ash.o)
 .text.execcmd  0x0001bbb0       0xc4 shell/lib.a(ash.o)
 .text.out1str  0x0001bc74       0x48 shell/lib.a(ash.o)
 .text.unwindlocalvars
                0x0001bcbc      0x160 shell/lib.a(ash.o)
 .text.lookupvar
                0x0001be1c       0xd4 shell/lib.a(ash.o)
 .text.init     0x0001bef0      0x22c shell/lib.a(ash.o)
 .text.readcmd  0x0001c11c      0x20c shell/lib.a(ash.o)
 .text.cdcmd    0x0001c328      0x48c shell/lib.a(ash.o)
 .text.varvalue
                0x0001c7b4      0x3a4 shell/lib.a(ash.o)
 .text.evalvar  0x0001cb58      0x288 shell/lib.a(ash.o)
 .text.argstr   0x0001cde0      0x610 shell/lib.a(ash.o)
 .text.subevalvar
                0x0001d3f0      0x36c shell/lib.a(ash.o)
 .text.expandarg
                0x0001d75c      0x554 shell/lib.a(ash.o)
 .text.redirect
                0x0001dcb0      0x6b0 shell/lib.a(ash.o)
 .text.redirectsafe.constprop.0
                0x0001e360      0x12c shell/lib.a(ash.o)
 .text.expredir
                0x0001e48c      0x160 shell/lib.a(ash.o)
 .text.evaltree
                0x0001e5ec      0x4a4 shell/lib.a(ash.o)
 .text.evalloop
                0x0001ea90       0xb0 shell/lib.a(ash.o)
 .text.evalfun  0x0001eb40      0x274 shell/lib.a(ash.o)
 .text.evalstring
                0x0001edb4      0x1c8 shell/lib.a(ash.o)
 .text.dotrap   0x0001ef7c      0x108 shell/lib.a(ash.o)
 .text.exitshell
                0x0001f084       0xe8 shell/lib.a(ash.o)
 .text.evalbltin
                0x0001f16c      0x230 shell/lib.a(ash.o)
 .text.cmdloop  0x0001f39c      0x178 shell/lib.a(ash.o)
 .text.find_command
                0x0001f514      0x4d8 shell/lib.a(ash.o)
 .text.hashcmd  0x0001f9ec      0x238 shell/lib.a(ash.o)
 .text.typecmd  0x0001fc24      0x24c shell/lib.a(ash.o)
 .text.dotcmd   0x0001fe70      0x1fc shell/lib.a(ash.o)
 .text.evalpipe
                0x0002006c      0x220 shell/lib.a(ash.o)
 .text.evalsubshell
                0x0002028c       0xec shell/lib.a(ash.o)
 .text.evalcase
                0x00020378      0x1e4 shell/lib.a(ash.o)
 .text.evalfor  0x0002055c      0x150 shell/lib.a(ash.o)
 .text.expandstr.constprop.0
                0x000206ac      0x1d4 shell/lib.a(ash.o)
 .text.read_profile
                0x00020880       0x28 shell/lib.a(ash.o)
 .text.evalcommand
                0x000208a8      0x77c shell/lib.a(ash.o)
 .text.ash_main
                0x00021024      0x57c shell/lib.a(ash.o)
                0x00021024                ash_main
 .text.printlim
                0x000215a0       0x5c shell/lib.a(shell_common.o)
 .text.shell_builtin_read
                0x000215fc      0x66c shell/lib.a(shell_common.o)
                0x000215fc                shell_builtin_read
 .text.shell_builtin_ulimit
                0x00021c68      0x3e0 shell/lib.a(shell_common.o)
                0x00021c68                shell_builtin_ulimit
 .text.fatattr_main
                0x00022048      0x19c util-linux/lib.a(fatattr.o)
                0x00022048                fatattr_main
 .text.cat_main
                0x000221e4       0x64 coreutils/lib.a(cat.o)
                0x000221e4                cat_main
 .text.echo_main
                0x00022248       0xe0 coreutils/lib.a(echo.o)
                0x00022248                echo_main
 .text.dnalloc  0x00022328       0x14 coreutils/lib.a(ls.o)
 .text.my_stat  0x0002233c      0x19c coreutils/lib.a(ls.o)
 .text.print_name
                0x000224d8       0xe4 coreutils/lib.a(ls.o)
 .text.display_single
                0x000225bc      0x1f4 coreutils/lib.a(ls.o)
 .text.display_files
                0x000227b0      0x240 coreutils/lib.a(ls.o)
 .text.ls_main  0x000229f0      0x428 coreutils/lib.a(ls.o)
                0x000229f0                ls_main
 .text.get_width_prec
                0x00022e18       0x4c coreutils/lib.a(printf.o)
 .text.conv_strtoll
                0x00022e64       0x28 coreutils/lib.a(printf.o)
 .text.multiconvert
                0x00022e8c       0x74 coreutils/lib.a(printf.o)
 .text.print_direc
                0x00022f00      0x2e0 coreutils/lib.a(printf.o)
 .text.conv_strtoull
                0x000231e0       0x60 coreutils/lib.a(printf.o)
 .text.conv_strtod
                0x00023240       0xa0 coreutils/lib.a(printf.o)
 .text.printf_main
                0x000232e0      0x498 coreutils/lib.a(printf.o)
                0x000232e0                printf_main
 .text.next_column
                0x00023778       0x50 editors/lib.a(vi.o)
 .text.dot_left
                0x000237c8       0x30 editors/lib.a(vi.o)
 .text.dot_right
                0x000237f8       0x30 editors/lib.a(vi.o)
 .text.dot_skip_over_ws
                0x00023828       0x58 editors/lib.a(vi.o)
 .text.at_eof   0x00023880       0x48 editors/lib.a(vi.o)
 .text.screen_erase
                0x000238c8       0x20 editors/lib.a(vi.o)
 .text.text_hole_delete
                0x000238e8       0xb4 editors/lib.a(vi.o)
 .text.text_hole_make
                0x0002399c       0xbc editors/lib.a(vi.o)
 .text.status_line_bold
                0x00023a58       0xe8 editors/lib.a(vi.o)
 .text.not_implemented
                0x00023b40       0xf4 editors/lib.a(vi.o)
 .text.begin_line
                0x00023c34       0x3c editors/lib.a(vi.o)
 .text.get_column
                0x00023c70       0x2c editors/lib.a(vi.o)
 .text.prev_line
                0x00023c9c       0x38 editors/lib.a(vi.o)
 .text.dot_prev
                0x00023cd4       0x20 editors/lib.a(vi.o)
 .text.move_to_col
                0x00023cf4       0x58 editors/lib.a(vi.o)
 .text.dot_begin
                0x00023d4c       0x20 editors/lib.a(vi.o)
 .text.skip_thing
                0x00023d6c      0x12c editors/lib.a(vi.o)
 .text.file_write
                0x00023e98       0x88 editors/lib.a(vi.o)
 .text.end_line
                0x00023f20       0x4c editors/lib.a(vi.o)
 .text.count_lines
                0x00023f6c       0x70 editors/lib.a(vi.o)
 .text.next_line
                0x00023fdc       0x38 editors/lib.a(vi.o)
 .text.find_line
                0x00024014       0x30 editors/lib.a(vi.o)
 .text.dot_next
                0x00024044       0x20 editors/lib.a(vi.o)
 .text.end_screen
                0x00024064       0x40 editors/lib.a(vi.o)
 .text.dot_scroll
                0x000240a4       0x70 editors/lib.a(vi.o)
 .text.dot_end  0x00024114       0x20 editors/lib.a(vi.o)
 .text.indicate_error
                0x00024134       0x28 editors/lib.a(vi.o)
 .text.place_cursor
                0x0002415c       0xd0 editors/lib.a(vi.o)
 .text.refresh  0x0002422c      0x47c editors/lib.a(vi.o)
 .text.go_bottom_and_clear_to_eol
                0x000246a8       0x38 editors/lib.a(vi.o)
 .text.readit   0x000246e0       0x6c editors/lib.a(vi.o)
 .text.redraw   0x0002474c       0x44 editors/lib.a(vi.o)
 .text.show_status_line
                0x00024790      0x208 editors/lib.a(vi.o)
 .text.yank_delete.constprop.0
                0x00024998       0x28 editors/lib.a(vi.o)
 .text.status_line.constprop.0
                0x000249c0       0x9c editors/lib.a(vi.o)
 .text.char_insert
                0x00024a5c      0x1b0 editors/lib.a(vi.o)
 .text.do_cmd   0x00024c0c     0x139c editors/lib.a(vi.o)
 .text.find_range
                0x00025fa8      0x340 editors/lib.a(vi.o)
 .text.vi_main  0x000262e8      0x3a4 editors/lib.a(vi.o)
                0x000262e8                vi_main
 .text.bb_cat   0x0002668c       0x6c libbb/lib.a(bb_cat.o)
                0x0002668c                bb_cat
 .text.endofname
                0x000266f8       0x44 libbb/lib.a(endofname.o)
                0x000266f8                endofname
 .text.bb_mode_string
                0x0002673c       0xc4 libbb/lib.a(mode_string.o)
                0x0002673c                bb_mode_string
 .text.bb_parse_mode
                0x00026800      0x2c4 libbb/lib.a(parse_mode.o)
                0x00026800                bb_parse_mode
 .text.printable_string2
                0x00026ac4       0x8c libbb/lib.a(printable_string.o)
                0x00026ac4                printable_string2
 .text.bb_process_escape_sequence
                0x00026b50       0xe8 libbb/lib.a(process_escape_sequence.o)
                0x00026b50                bb_process_escape_sequence
 .text.read_key
                0x00026c38      0x280 libbb/lib.a(read_key.o)
                0x00026c38                read_key
 .text.safe_read_key
                0x00026eb8       0x40 libbb/lib.a(read_key.o)
                0x00026eb8                safe_read_key
 .text.nonblock_immune_read
                0x00026ef8       0xc4 libbb/lib.a(read_printf.o)
                0x00026ef8                nonblock_immune_read
 .text.safe_poll
                0x00026fbc       0x74 libbb/lib.a(safe_poll.o)
                0x00026fbc                safe_poll
 .text.skip_whitespace
                0x00027030       0x20 libbb/lib.a(skip_whitespace.o)
                0x00027030                skip_whitespace
 .text.bb_clk_tck
                0x00027050        0x8 libbb/lib.a(sysconf.o)
                0x00027050                bb_clk_tck
 .text.get_signum
                0x00027058       0x80 libbb/lib.a(u_signal_names.o)
                0x00027058                get_signum
 .text.get_signame
                0x000270d8       0x34 libbb/lib.a(u_signal_names.o)
                0x000270d8                get_signame
 .text.open_or_warn_stdin
                0x0002710c       0x3c libbb/lib.a(wfopen_input.o)
                0x0002710c                open_or_warn_stdin
 .text.xmalloc_readlink
                0x00027148       0x64 libbb/lib.a(xreadlink.o)
                0x00027148                xmalloc_readlink
 .text.xmalloc_readlink_or_warn
                0x000271ac       0x64 libbb/lib.a(xreadlink.o)
                0x000271ac                xmalloc_readlink_or_warn
 .text.auto_string
                0x00027210       0x44 libbb/lib.a(auto_string.o)
                0x00027210                auto_string
 .text          0x00027254      0x20c /usr/lib/gcc/armv6-alpine-linux-musleabihf/12.2.1/libgcc.a(_udivsi3.o)
                0x00027254                __udivsi3
                0x00027254                __aeabi_uidiv
                0x00027440                __aeabi_uidivmod
 .text          0x00027460      0x240 /usr/lib/gcc/armv6-alpine-linux-musleabihf/12.2.1/libgcc.a(_divsi3.o)
                0x00027460                __aeabi_idiv
                0x00027460                __divsi3
                0x00027680                __aeabi_idivmod
 .text          0x000276a0       0xd4 /usr/lib/gcc/armv6-alpine-linux-musleabihf/12.2.1/libgcc.a(_aeabi_ldivmod.o)
                0x000276a0                __aeabi_ldivmod
 .text          0x00027774       0x10 /usr/lib/gcc/armv6-alpine-linux-musleabihf/12.2.1/libgcc.a(_dvmd_lnx.o)
                0x00027774                __aeabi_ldiv0
                0x00027774                __aeabi_idiv0
 .text          0x00027784      0x120 /usr/lib/gcc/armv6-alpine-linux-musleabihf/12.2.1/libgcc.a(_udivmoddi4.o)
                0x00027784                __udivmoddi4
 .text.sysconf  0x000278a4      0x200 /usr/lib/gcc/armv6-alpine-linux-musleabihf/12.2.1/../../../libc.a(sysconf.lo)
                0x000278a4                sysconf
 .text.closedir
                0x00027aa4       0x24 /usr/lib/gcc/armv6-alpine-linux-musleabihf/12.2.1/../../../libc.a(closedir.lo)
                0x00027aa4                closedir
 .text.opendir  0x00027ac8       0x48 /usr/lib/gcc/armv6-alpine-linux-musleabihf/12.2.1/../../../libc.a(opendir.lo)
                0x00027ac8                opendir
 .text.readdir  0x00027b10       0x84 /usr/lib/gcc/armv6-alpine-linux-musleabihf/12.2.1/../../../libc.a(readdir.lo)
                0x00027b10                readdir
                0x00027b10                readdir64
 .text.__init_libc
                0x00027b94      0x200 /usr/lib/gcc/armv6-alpine-linux-musleabihf/12.2.1/../../../libc.a(__libc_start_main.lo)
                0x00027b94                __init_libc
 .text.libc_start_init
                0x00027d94       0x40 /usr/lib/gcc/armv6-alpine-linux-musleabihf/12.2.1/../../../libc.a(__libc_start_main.lo)
                0x00027d94                __libc_start_init
 .text.libc_start_main_stage2
                0x00027dd4       0x30 /usr/lib/gcc/armv6-alpine-linux-musleabihf/12.2.1/../../../libc.a(__libc_start_main.lo)
 .text.__libc_start_main
                0x00027e04       0x40 /usr/lib/gcc/armv6-alpine-linux-musleabihf/12.2.1/../../../libc.a(__libc_start_main.lo)
                0x00027e04                __libc_start_main
 .text.__init_ssp
                0x00027e44       0x54 /usr/lib/gcc/armv6-alpine-linux-musleabihf/12.2.1/../../../libc.a(__stack_chk_fail.lo)
                0x00027e44                __init_ssp
 .text.__stack_chk_fail
                0x00027e98        0x8 /usr/lib/gcc/armv6-alpine-linux-musleabihf/12.2.1/../../../libc.a(__stack_chk_fail.lo)
                0x00027e98                __stack_chk_fail_local
                0x00027e98                __stack_chk_fail
 .text.clearenv
                0x00027ea0       0x54 /usr/lib/gcc/armv6-alpine-linux-musleabihf/12.2.1/../../../libc.a(clearenv.lo)
                0x00027ea0                clearenv
 .text.getenv   0x00027ef4       0x90 /usr/lib/gcc/armv6-alpine-linux-musleabihf/12.2.1/../../../libc.a(getenv.lo)
                0x00027ef4                getenv
 .text.__putenv
                0x00027f84      0x124 /usr/lib/gcc/armv6-alpine-linux-musleabihf/12.2.1/../../../libc.a(putenv.lo)
                0x00027f84                __putenv
 .text.putenv   0x000280a8       0x40 /usr/lib/gcc/armv6-alpine-linux-musleabihf/12.2.1/../../../libc.a(putenv.lo)
                0x000280a8                putenv
 .text.__env_rm_add
                0x000280e8       0xb8 /usr/lib/gcc/armv6-alpine-linux-musleabihf/12.2.1/../../../libc.a(setenv.lo)
                0x000280e8                __env_rm_add
 .text.unsetenv
                0x000281a0       0xc0 /usr/lib/gcc/armv6-alpine-linux-musleabihf/12.2.1/../../../libc.a(unsetenv.lo)
                0x000281a0                unsetenv
 .text.__errno_location
                0x00028260        0xc /usr/lib/gcc/armv6-alpine-linux-musleabihf/12.2.1/../../../libc.a(__errno_location.lo)
                0x00028260                ___errno_location
                0x00028260                __errno_location
 .text.__strerror_l
                0x0002826c       0x34 /usr/lib/gcc/armv6-alpine-linux-musleabihf/12.2.1/../../../libc.a(strerror.lo)
                0x0002826c                strerror_l
                0x0002826c                __strerror_l
 .text.strerror
                0x000282a0        0xc /usr/lib/gcc/armv6-alpine-linux-musleabihf/12.2.1/../../../libc.a(strerror.lo)
                0x000282a0                strerror
 .text.dummy    0x000282ac        0x4 /usr/lib/gcc/armv6-alpine-linux-musleabihf/12.2.1/../../../libc.a(exit.lo)
                0x000282ac                __funcs_on_exit
 .text.libc_exit_fini
                0x000282b0       0x44 /usr/lib/gcc/armv6-alpine-linux-musleabihf/12.2.1/../../../libc.a(exit.lo)
                0x000282b0                __libc_exit_fini
 .text.fcntl    0x000282f4      0x170 /usr/lib/gcc/armv6-alpine-linux-musleabihf/12.2.1/../../../libc.a(fcntl.lo)
                0x000282f4                fcntl
 .text.open     0x00028464       0x8c /usr/lib/gcc/armv6-alpine-linux-musleabihf/12.2.1/../../../libc.a(open.lo)
                0x00028464                open64
                0x00028464                open
 .text.__syscall_ret
                0x000284f0       0x24 /usr/lib/gcc/armv6-alpine-linux-musleabihf/12.2.1/../../../libc.a(syscall_ret.lo)
                0x000284f0                __syscall_ret
 .text.prctl    0x00028514       0x38 /usr/lib/gcc/armv6-alpine-linux-musleabihf/12.2.1/../../../libc.a(prctl.lo)
                0x00028514                prctl
 .text.__lsysinfo
                0x0002854c       0x14 /usr/lib/gcc/armv6-alpine-linux-musleabihf/12.2.1/../../../libc.a(sysinfo.lo)
                0x0002854c                __lsysinfo
                0x0002854c                sysinfo
 .text.dummy    0x00028560        0x4 /usr/lib/gcc/armv6-alpine-linux-musleabihf/12.2.1/../../../libc.a(__lctrans.lo)
                0x00028560                __lctrans_impl
 .text.__lctrans
                0x00028564        0x4 /usr/lib/gcc/armv6-alpine-linux-musleabihf/12.2.1/../../../libc.a(__lctrans.lo)
                0x00028564                __lctrans
 .text.__lctrans_cur
                0x00028568       0x10 /usr/lib/gcc/armv6-alpine-linux-musleabihf/12.2.1/../../../libc.a(__lctrans.lo)
                0x00028568                __lctrans_cur
 .text.calloc   0x00028578       0xe0 /usr/lib/gcc/armv6-alpine-linux-musleabihf/12.2.1/../../../libc.a(calloc.lo)
                0x00028578                calloc
 .text.free     0x00028658        0x4 /usr/lib/gcc/armv6-alpine-linux-musleabihf/12.2.1/../../../libc.a(free.lo)
                0x00028658                free
 .text.default_malloc
                0x0002865c        0x4 /usr/lib/gcc/armv6-alpine-linux-musleabihf/12.2.1/../../../libc.a(lite_malloc.lo)
                0x0002865c                malloc
 .text.a_barrier
                0x00028660       0x18 /usr/lib/gcc/armv6-alpine-linux-musleabihf/12.2.1/../../../libc.a(free.lo)
 .text.queue    0x00028678       0x58 /usr/lib/gcc/armv6-alpine-linux-musleabihf/12.2.1/../../../libc.a(free.lo)
 .text.get_meta
                0x000286d0      0x170 /usr/lib/gcc/armv6-alpine-linux-musleabihf/12.2.1/../../../libc.a(free.lo)
 .text.get_stride
                0x00028840       0x4c /usr/lib/gcc/armv6-alpine-linux-musleabihf/12.2.1/../../../libc.a(free.lo)
 .text.nontrivial_free
                0x0002888c      0x378 /usr/lib/gcc/armv6-alpine-linux-musleabihf/12.2.1/../../../libc.a(free.lo)
 .text.__libc_free
                0x00028c04      0x1c4 /usr/lib/gcc/armv6-alpine-linux-musleabihf/12.2.1/../../../libc.a(free.lo)
                0x00028c04                __libc_free
 .text.queue    0x00028dc8       0x58 /usr/lib/gcc/armv6-alpine-linux-musleabihf/12.2.1/../../../libc.a(malloc.lo)
 .text.get_stride
                0x00028e20       0x4c /usr/lib/gcc/armv6-alpine-linux-musleabihf/12.2.1/../../../libc.a(malloc.lo)
 .text.enframe  0x00028e6c      0x108 /usr/lib/gcc/armv6-alpine-linux-musleabihf/12.2.1/../../../libc.a(malloc.lo)
 .text.size_to_class
                0x00028f74       0x5c /usr/lib/gcc/armv6-alpine-linux-musleabihf/12.2.1/../../../libc.a(malloc.lo)
 .text.step_seq
                0x00028fd0       0x58 /usr/lib/gcc/armv6-alpine-linux-musleabihf/12.2.1/../../../libc.a(malloc.lo)
 .text.__malloc_atfork
                0x00029028       0x5c /usr/lib/gcc/armv6-alpine-linux-musleabihf/12.2.1/../../../libc.a(malloc.lo)
                0x00029028                __malloc_atfork
 .text.__malloc_alloc_meta
                0x00029084      0x330 /usr/lib/gcc/armv6-alpine-linux-musleabihf/12.2.1/../../../libc.a(malloc.lo)
                0x00029084                __malloc_alloc_meta
 .text.alloc_slot
                0x000293b4      0x734 /usr/lib/gcc/armv6-alpine-linux-musleabihf/12.2.1/../../../libc.a(malloc.lo)
 .text.__libc_malloc_impl
                0x00029ae8      0x2b0 /usr/lib/gcc/armv6-alpine-linux-musleabihf/12.2.1/../../../libc.a(malloc.lo)
                0x00029ae8                __libc_malloc_impl
 .text.__malloc_allzerop
                0x00029d98      0x1b0 /usr/lib/gcc/armv6-alpine-linux-musleabihf/12.2.1/../../../libc.a(malloc.lo)
                0x00029d98                __malloc_allzerop
 .text.realloc  0x00029f48        0x4 /usr/lib/gcc/armv6-alpine-linux-musleabihf/12.2.1/../../../libc.a(realloc.lo)
                0x00029f48                realloc
 .text.__getauxval
                0x00029f4c       0x64 /usr/lib/gcc/armv6-alpine-linux-musleabihf/12.2.1/../../../libc.a(getauxval.lo)
                0x00029f4c                getauxval
                0x00029f4c                __getauxval
 .text.__getopt_msg
                0x00029fb0       0xe4 /usr/lib/gcc/armv6-alpine-linux-musleabihf/12.2.1/../../../libc.a(getopt.lo)
                0x00029fb0                __getopt_msg
 .text.getopt   0x0002a094      0x2f8 /usr/lib/gcc/armv6-alpine-linux-musleabihf/12.2.1/../../../libc.a(getopt.lo)
                0x0002a094                __posix_getopt
                0x0002a094                getopt
 .text.getrlimit
                0x0002a38c       0xe8 /usr/lib/gcc/armv6-alpine-linux-musleabihf/12.2.1/../../../libc.a(getrlimit.lo)
                0x0002a38c                getrlimit
                0x0002a38c                getrlimit64
 .text.convert_ioctl_struct
                0x0002a474      0x188 /usr/lib/gcc/armv6-alpine-linux-musleabihf/12.2.1/../../../libc.a(ioctl.lo)
 .text.ioctl    0x0002a5fc       0xe4 /usr/lib/gcc/armv6-alpine-linux-musleabihf/12.2.1/../../../libc.a(ioctl.lo)
                0x0002a5fc                ioctl
 .text.do_setrlimit
                0x0002a6e0       0x2c /usr/lib/gcc/armv6-alpine-linux-musleabihf/12.2.1/../../../libc.a(setrlimit.lo)
 .text.setrlimit
                0x0002a70c       0xac /usr/lib/gcc/armv6-alpine-linux-musleabihf/12.2.1/../../../libc.a(setrlimit.lo)
                0x0002a70c                setrlimit64
                0x0002a70c                setrlimit
 .text.dummy    0x0002a7b8        0x4 /usr/lib/gcc/armv6-alpine-linux-musleabihf/12.2.1/../../../libc.a(mmap.lo)
                0x0002a7b8                __vm_wait
 .text.__mmap   0x0002a7bc       0xb0 /usr/lib/gcc/armv6-alpine-linux-musleabihf/12.2.1/../../../libc.a(mmap.lo)
                0x0002a7bc                __mmap
                0x0002a7bc                mmap
                0x0002a7bc                mmap64
 .text.__mprotect
                0x0002a86c       0x44 /usr/lib/gcc/armv6-alpine-linux-musleabihf/12.2.1/../../../libc.a(mprotect.lo)
                0x0002a86c                __mprotect
                0x0002a86c                mprotect
 .text.__munmap
                0x0002a8b0       0x28 /usr/lib/gcc/armv6-alpine-linux-musleabihf/12.2.1/../../../libc.a(munmap.lo)
                0x0002a8b0                munmap
                0x0002a8b0                __munmap
 .text.mbtowc   0x0002a8d8      0x12c /usr/lib/gcc/armv6-alpine-linux-musleabihf/12.2.1/../../../libc.a(mbtowc.lo)
                0x0002a8d8                mbtowc
 .text.socket   0x0002aa04       0xa0 /usr/lib/gcc/armv6-alpine-linux-musleabihf/12.2.1/../../../libc.a(socket.lo)
                0x0002aa04                socket
 .text.getpwnam
                0x0002aaa4       0x48 /usr/lib/gcc/armv6-alpine-linux-musleabihf/12.2.1/../../../libc.a(getpwent.lo)
                0x0002aaa4                getpwnam
 .text.__getpwent_a
                0x0002aaec      0x1a0 /usr/lib/gcc/armv6-alpine-linux-musleabihf/12.2.1/../../../libc.a(getpwent_a.lo)
                0x0002aaec                __getpwent_a
 .text.execve   0x0002ac8c       0x14 /usr/lib/gcc/armv6-alpine-linux-musleabihf/12.2.1/../../../libc.a(execve.lo)
                0x0002ac8c                execve
 .text.dummy    0x0002aca0        0x4 /usr/lib/gcc/armv6-alpine-linux-musleabihf/12.2.1/../../../libc.a(fork.lo)
                0x0002aca0                __pthread_key_atfork
                0x0002aca0                __aio_atfork
                0x0002aca0                __ldso_atfork
                0x0002aca0                __fork_handler
 .text.dummy_0  0x0002aca4        0x4 /usr/lib/gcc/armv6-alpine-linux-musleabihf/12.2.1/../../../libc.a(fork.lo)
                0x0002aca4                __tl_lock
                0x0002aca4                __tl_unlock
 .text.fork     0x0002aca8      0x1a0 /usr/lib/gcc/armv6-alpine-linux-musleabihf/12.2.1/../../../libc.a(fork.lo)
                0x0002aca8                fork
 .text.waitpid  0x0002ae48       0x34 /usr/lib/gcc/armv6-alpine-linux-musleabihf/12.2.1/../../../libc.a(waitpid.lo)
                0x0002ae48                waitpid
 .text.casefold
                0x0002ae7c       0x1c /usr/lib/gcc/armv6-alpine-linux-musleabihf/12.2.1/../../../libc.a(fnmatch.lo)
 .text.match_bracket
                0x0002ae98      0x200 /usr/lib/gcc/armv6-alpine-linux-musleabihf/12.2.1/../../../libc.a(fnmatch.lo)
 .text.pat_next
                0x0002b098      0x1f8 /usr/lib/gcc/armv6-alpine-linux-musleabihf/12.2.1/../../../libc.a(fnmatch.lo)
 .text.str_next
                0x0002b290       0x5c /usr/lib/gcc/armv6-alpine-linux-musleabihf/12.2.1/../../../libc.a(fnmatch.lo)
 .text.fnmatch_internal
                0x0002b2ec      0x40c /usr/lib/gcc/armv6-alpine-linux-musleabihf/12.2.1/../../../libc.a(fnmatch.lo)
 .text.fnmatch  0x0002b6f8      0x144 /usr/lib/gcc/armv6-alpine-linux-musleabihf/12.2.1/../../../libc.a(fnmatch.lo)
                0x0002b6f8                fnmatch
 .text.ignore_err
                0x0002b83c        0x8 /usr/lib/gcc/armv6-alpine-linux-musleabihf/12.2.1/../../../libc.a(glob.lo)
 .text.freelist
                0x0002b844       0x28 /usr/lib/gcc/armv6-alpine-linux-musleabihf/12.2.1/../../../libc.a(glob.lo)
 .text.sort     0x0002b86c        0xc /usr/lib/gcc/armv6-alpine-linux-musleabihf/12.2.1/../../../libc.a(glob.lo)
 .text.append   0x0002b878       0x94 /usr/lib/gcc/armv6-alpine-linux-musleabihf/12.2.1/../../../libc.a(glob.lo)
 .text.do_glob  0x0002b90c      0x54c /usr/lib/gcc/armv6-alpine-linux-musleabihf/12.2.1/../../../libc.a(glob.lo)
 .text.glob     0x0002be58      0x384 /usr/lib/gcc/armv6-alpine-linux-musleabihf/12.2.1/../../../libc.a(glob.lo)
                0x0002be58                glob
                0x0002be58                glob64
 .text.globfree
                0x0002c1dc       0x4c /usr/lib/gcc/armv6-alpine-linux-musleabihf/12.2.1/../../../libc.a(glob.lo)
                0x0002c1dc                globfree
                0x0002c1dc                globfree64
 .text.poll     0x0002c228       0x34 /usr/lib/gcc/armv6-alpine-linux-musleabihf/12.2.1/../../../libc.a(poll.lo)
                0x0002c228                poll
 .text          0x0002c25c       0x6c /usr/lib/gcc/armv6-alpine-linux-musleabihf/12.2.1/../../../libc.a(longjmp.lo)
                0x0002c25c                longjmp
                0x0002c25c                _longjmp
 .text          0x0002c2c8       0x68 /usr/lib/gcc/armv6-alpine-linux-musleabihf/12.2.1/../../../libc.a(setjmp.lo)
                0x0002c2c8                setjmp
                0x0002c2c8                __setjmp
                0x0002c2c8                _setjmp
 .text.__block_all_sigs
                0x0002c330       0x28 /usr/lib/gcc/armv6-alpine-linux-musleabihf/12.2.1/../../../libc.a(block.lo)
                0x0002c330                __block_all_sigs
 .text.__block_app_sigs
                0x0002c358       0x28 /usr/lib/gcc/armv6-alpine-linux-musleabihf/12.2.1/../../../libc.a(block.lo)
                0x0002c358                __block_app_sigs
 .text.__restore_sigs
                0x0002c380       0x20 /usr/lib/gcc/armv6-alpine-linux-musleabihf/12.2.1/../../../libc.a(block.lo)
                0x0002c380                __restore_sigs
 .text.raise    0x0002c3a0       0x48 /usr/lib/gcc/armv6-alpine-linux-musleabihf/12.2.1/../../../libc.a(raise.lo)
                0x0002c3a0                raise
 .text.a_barrier
                0x0002c3e8       0x18 /usr/lib/gcc/armv6-alpine-linux-musleabihf/12.2.1/../../../libc.a(sigaction.lo)
 .text.__libc_sigaction
                0x0002c400      0x1a0 /usr/lib/gcc/armv6-alpine-linux-musleabihf/12.2.1/../../../libc.a(sigaction.lo)
                0x0002c400                __libc_sigaction
 .text.__sigaction
                0x0002c5a0       0xac /usr/lib/gcc/armv6-alpine-linux-musleabihf/12.2.1/../../../libc.a(sigaction.lo)
                0x0002c5a0                sigaction
                0x0002c5a0                __sigaction
 .text.sigfillset
                0x0002c64c       0x14 /usr/lib/gcc/armv6-alpine-linux-musleabihf/12.2.1/../../../libc.a(sigfillset.lo)
                0x0002c64c                sigfillset
 .text.signal   0x0002c660       0x50 /usr/lib/gcc/armv6-alpine-linux-musleabihf/12.2.1/../../../libc.a(signal.lo)
                0x0002c660                __sysv_signal
                0x0002c660                bsd_signal
                0x0002c660                signal
 .text.sigprocmask
                0x0002c6b0       0x24 /usr/lib/gcc/armv6-alpine-linux-musleabihf/12.2.1/../../../libc.a(sigprocmask.lo)
                0x0002c6b0                sigprocmask
 .text.sigsuspend
                0x0002c6d4       0x30 /usr/lib/gcc/armv6-alpine-linux-musleabihf/12.2.1/../../../libc.a(sigsuspend.lo)
                0x0002c6d4                sigsuspend
 .text.__fstat  0x0002c704       0x28 /usr/lib/gcc/armv6-alpine-linux-musleabihf/12.2.1/../../../libc.a(fstat.lo)
                0x0002c704                __fstat_time64
                0x0002c704                __fstat
 .text.__fstatat
                0x0002c72c      0x3e0 /usr/lib/gcc/armv6-alpine-linux-musleabihf/12.2.1/../../../libc.a(fstatat.lo)
                0x0002c72c                __fstatat
                0x0002c72c                __fstatat_time64
 .text.__lstat_time64
                0x0002cb0c       0x14 /usr/lib/gcc/armv6-alpine-linux-musleabihf/12.2.1/../../../libc.a(lstat.lo)
                0x0002cb0c                __lstat_time64
 .text.__stat_time64
                0x0002cb20       0x14 /usr/lib/gcc/armv6-alpine-linux-musleabihf/12.2.1/../../../libc.a(stat.lo)
                0x0002cb20                __stat_time64
 .text.umask    0x0002cb34       0x14 /usr/lib/gcc/armv6-alpine-linux-musleabihf/12.2.1/../../../libc.a(umask.lo)
                0x0002cb34                umask
 .text.__fdopen
                0x0002cb48      0x1a8 /usr/lib/gcc/armv6-alpine-linux-musleabihf/12.2.1/../../../libc.a(__fdopen.lo)
                0x0002cb48                fdopen
                0x0002cb48                __fdopen
 .text.a_barrier
                0x0002ccf0       0x18 /usr/lib/gcc/armv6-alpine-linux-musleabihf/12.2.1/../../../libc.a(__lockfile.lo)
 .text.__lockfile
                0x0002cd08       0xe0 /usr/lib/gcc/armv6-alpine-linux-musleabihf/12.2.1/../../../libc.a(__lockfile.lo)
                0x0002cd08                __lockfile
 .text.__unlockfile
                0x0002cde8       0x58 /usr/lib/gcc/armv6-alpine-linux-musleabihf/12.2.1/../../../libc.a(__lockfile.lo)
                0x0002cde8                __unlockfile
 .text.dummy    0x0002ce40        0x4 /usr/lib/gcc/armv6-alpine-linux-musleabihf/12.2.1/../../../libc.a(__stdio_close.lo)
                0x0002ce40                __aio_close
 .text.__stdio_close
                0x0002ce44       0x1c /usr/lib/gcc/armv6-alpine-linux-musleabihf/12.2.1/../../../libc.a(__stdio_close.lo)
                0x0002ce44                __stdio_close
 .text.__stdio_read
                0x0002ce60       0xcc /usr/lib/gcc/armv6-alpine-linux-musleabihf/12.2.1/../../../libc.a(__stdio_read.lo)
                0x0002ce60                __stdio_read
 .text.__stdio_seek
                0x0002cf2c        0x8 /usr/lib/gcc/armv6-alpine-linux-musleabihf/12.2.1/../../../libc.a(__stdio_seek.lo)
                0x0002cf2c                __stdio_seek
 .text.__stdio_write
                0x0002cf34       0xe8 /usr/lib/gcc/armv6-alpine-linux-musleabihf/12.2.1/../../../libc.a(__stdio_write.lo)
                0x0002cf34                __stdio_write
 .text.clearerr
                0x0002d01c       0x48 /usr/lib/gcc/armv6-alpine-linux-musleabihf/12.2.1/../../../libc.a(clearerr.lo)
                0x0002d01c                clearerr_unlocked
                0x0002d01c                clearerr
 .text.dprintf  0x0002d064       0x28 /usr/lib/gcc/armv6-alpine-linux-musleabihf/12.2.1/../../../libc.a(dprintf.lo)
                0x0002d064                dprintf
 .text.dummy    0x0002d08c        0x4 /usr/lib/gcc/armv6-alpine-linux-musleabihf/12.2.1/../../../libc.a(fclose.lo)
                0x0002d08c                __unlist_locked_file
 .text.fclose   0x0002d090       0xb0 /usr/lib/gcc/armv6-alpine-linux-musleabihf/12.2.1/../../../libc.a(fclose.lo)
                0x0002d090                fclose
 .text.ferror   0x0002d140       0x44 /usr/lib/gcc/armv6-alpine-linux-musleabihf/12.2.1/../../../libc.a(ferror.lo)
                0x0002d140                ferror
                0x0002d140                _IO_ferror_unlocked
                0x0002d140                ferror_unlocked
 .text.fflush   0x0002d184      0x1a8 /usr/lib/gcc/armv6-alpine-linux-musleabihf/12.2.1/../../../libc.a(fflush.lo)
                0x0002d184                fflush
                0x0002d184                fflush_unlocked
 .text.fopen    0x0002d32c       0xa8 /usr/lib/gcc/armv6-alpine-linux-musleabihf/12.2.1/../../../libc.a(fopen.lo)
                0x0002d32c                fopen
                0x0002d32c                fopen64
 .text.fprintf  0x0002d3d4       0x28 /usr/lib/gcc/armv6-alpine-linux-musleabihf/12.2.1/../../../libc.a(fprintf.lo)
                0x0002d3d4                fprintf
 .text.fputs    0x0002d3fc       0x34 /usr/lib/gcc/armv6-alpine-linux-musleabihf/12.2.1/../../../libc.a(fputs.lo)
                0x0002d3fc                fputs_unlocked
                0x0002d3fc                fputs
 .text.__fwritex
                0x0002d430       0xe0 /usr/lib/gcc/armv6-alpine-linux-musleabihf/12.2.1/../../../libc.a(fwrite.lo)
                0x0002d430                __fwritex
 .text.fwrite   0x0002d510       0x94 /usr/lib/gcc/armv6-alpine-linux-musleabihf/12.2.1/../../../libc.a(fwrite.lo)
                0x0002d510                fwrite_unlocked
                0x0002d510                fwrite
 .text.getline  0x0002d5a4        0xc /usr/lib/gcc/armv6-alpine-linux-musleabihf/12.2.1/../../../libc.a(getline.lo)
                0x0002d5a4                getline
 .text.__ofl_lock
                0x0002d5b0       0x24 /usr/lib/gcc/armv6-alpine-linux-musleabihf/12.2.1/../../../libc.a(ofl.lo)
                0x0002d5b0                __ofl_lock
 .text.__ofl_unlock
                0x0002d5d4       0x10 /usr/lib/gcc/armv6-alpine-linux-musleabihf/12.2.1/../../../libc.a(ofl.lo)
                0x0002d5d4                __ofl_unlock
 .text.__ofl_add
                0x0002d5e4       0x2c /usr/lib/gcc/armv6-alpine-linux-musleabihf/12.2.1/../../../libc.a(ofl_add.lo)
                0x0002d5e4                __ofl_add
 .text.printf   0x0002d610       0x34 /usr/lib/gcc/armv6-alpine-linux-musleabihf/12.2.1/../../../libc.a(printf.lo)
                0x0002d610                printf
 .text.a_barrier
                0x0002d644       0x18 /usr/lib/gcc/armv6-alpine-linux-musleabihf/12.2.1/../../../libc.a(putc.lo)
 .text.locking_putc
                0x0002d65c       0xd0 /usr/lib/gcc/armv6-alpine-linux-musleabihf/12.2.1/../../../libc.a(putc.lo)
 .text.putc     0x0002d72c       0x6c /usr/lib/gcc/armv6-alpine-linux-musleabihf/12.2.1/../../../libc.a(putc.lo)
                0x0002d72c                putc
                0x0002d72c                _IO_putc
 .text.putc_unlocked
                0x0002d798       0x44 /usr/lib/gcc/armv6-alpine-linux-musleabihf/12.2.1/../../../libc.a(putc_unlocked.lo)
                0x0002d798                putc_unlocked
                0x0002d798                _IO_putc_unlocked
                0x0002d798                fputc_unlocked
 .text.putchar_unlocked
                0x0002d7dc       0x54 /usr/lib/gcc/armv6-alpine-linux-musleabihf/12.2.1/../../../libc.a(putchar_unlocked.lo)
                0x0002d7dc                putchar_unlocked
 .text.puts     0x0002d830       0xbc /usr/lib/gcc/armv6-alpine-linux-musleabihf/12.2.1/../../../libc.a(puts.lo)
                0x0002d830                puts
 .text.snprintf
                0x0002d8ec       0x28 /usr/lib/gcc/armv6-alpine-linux-musleabihf/12.2.1/../../../libc.a(snprintf.lo)
                0x0002d8ec                snprintf
 .text.sprintf  0x0002d914       0x28 /usr/lib/gcc/armv6-alpine-linux-musleabihf/12.2.1/../../../libc.a(sprintf.lo)
                0x0002d914                sprintf
 .text.sscanf   0x0002d93c       0x28 /usr/lib/gcc/armv6-alpine-linux-musleabihf/12.2.1/../../../libc.a(sscanf.lo)
                0x0002d93c                sscanf
                0x0002d93c                __isoc99_sscanf
 .text.vasprintf
                0x0002d964       0x68 /usr/lib/gcc/armv6-alpine-linux-musleabihf/12.2.1/../../../libc.a(vasprintf.lo)
                0x0002d964                vasprintf
 .text.vdprintf
                0x0002d9cc       0x60 /usr/lib/gcc/armv6-alpine-linux-musleabihf/12.2.1/../../../libc.a(vdprintf.lo)
                0x0002d9cc                vdprintf
 .text.pop_arg  0x0002da2c      0x140 /usr/lib/gcc/armv6-alpine-linux-musleabihf/12.2.1/../../../libc.a(vfprintf.lo)
 .text.fmt_u    0x0002db6c       0x70 /usr/lib/gcc/armv6-alpine-linux-musleabihf/12.2.1/../../../libc.a(vfprintf.lo)
 .text.getint   0x0002dbdc       0x58 /usr/lib/gcc/armv6-alpine-linux-musleabihf/12.2.1/../../../libc.a(vfprintf.lo)
 .text.out      0x0002dc34       0x20 /usr/lib/gcc/armv6-alpine-linux-musleabihf/12.2.1/../../../libc.a(vfprintf.lo)
 .text.pad      0x0002dc54       0x8c /usr/lib/gcc/armv6-alpine-linux-musleabihf/12.2.1/../../../libc.a(vfprintf.lo)
 .text.printf_core
                0x0002dce0      0xb0c /usr/lib/gcc/armv6-alpine-linux-musleabihf/12.2.1/../../../libc.a(vfprintf.lo)
 .text.vfprintf
                0x0002e7ec      0x17c /usr/lib/gcc/armv6-alpine-linux-musleabihf/12.2.1/../../../libc.a(vfprintf.lo)
                0x0002e7ec                vfprintf
 .text.vprintf  0x0002e968       0x18 /usr/lib/gcc/armv6-alpine-linux-musleabihf/12.2.1/../../../libc.a(vprintf.lo)
                0x0002e968                vprintf
 .text.sn_write
                0x0002e980       0xb4 /usr/lib/gcc/armv6-alpine-linux-musleabihf/12.2.1/../../../libc.a(vsnprintf.lo)
 .text.vsnprintf
                0x0002ea34       0xa8 /usr/lib/gcc/armv6-alpine-linux-musleabihf/12.2.1/../../../libc.a(vsnprintf.lo)
                0x0002ea34                vsnprintf
 .text.vsprintf
                0x0002eadc       0x10 /usr/lib/gcc/armv6-alpine-linux-musleabihf/12.2.1/../../../libc.a(vsprintf.lo)
                0x0002eadc                vsprintf
 .text.string_read
                0x0002eaec       0x64 /usr/lib/gcc/armv6-alpine-linux-musleabihf/12.2.1/../../../libc.a(vsscanf.lo)
 .text.vsscanf  0x0002eb50       0x5c /usr/lib/gcc/armv6-alpine-linux-musleabihf/12.2.1/../../../libc.a(vsscanf.lo)
                0x0002eb50                vsscanf
                0x0002eb50                __isoc99_vsscanf
 .text.atoi     0x0002ebac       0x70 /usr/lib/gcc/armv6-alpine-linux-musleabihf/12.2.1/../../../libc.a(atoi.lo)
                0x0002ebac                atoi
 .text.bsearch  0x0002ec1c       0x60 /usr/lib/gcc/armv6-alpine-linux-musleabihf/12.2.1/../../../libc.a(bsearch.lo)
                0x0002ec1c                bsearch
 .text.wrapper_cmp
                0x0002ec7c        0x4 /usr/lib/gcc/armv6-alpine-linux-musleabihf/12.2.1/../../../libc.a(qsort_nr.lo)
 .text.qsort    0x0002ec80       0x20 /usr/lib/gcc/armv6-alpine-linux-musleabihf/12.2.1/../../../libc.a(qsort_nr.lo)
                0x0002ec80                qsort
 .text.strtox   0x0002eca0       0x74 /usr/lib/gcc/armv6-alpine-linux-musleabihf/12.2.1/../../../libc.a(strtod.lo)
 .text.strtod   0x0002ed14        0x8 /usr/lib/gcc/armv6-alpine-linux-musleabihf/12.2.1/../../../libc.a(strtod.lo)
                0x0002ed14                strtod
 .text.strtox   0x0002ed1c       0x7c /usr/lib/gcc/armv6-alpine-linux-musleabihf/12.2.1/../../../libc.a(strtol.lo)
 .text.strtoull
                0x0002ed98       0x1c /usr/lib/gcc/armv6-alpine-linux-musleabihf/12.2.1/../../../libc.a(strtol.lo)
                0x0002ed98                __strtoull_internal
                0x0002ed98                strtoull
 .text.strtoll  0x0002edb4       0x1c /usr/lib/gcc/armv6-alpine-linux-musleabihf/12.2.1/../../../libc.a(strtol.lo)
                0x0002edb4                __strtoll_internal
                0x0002edb4                strtoll
 .text.strtoul  0x0002edd0       0x1c /usr/lib/gcc/armv6-alpine-linux-musleabihf/12.2.1/../../../libc.a(strtol.lo)
                0x0002edd0                strtoul
                0x0002edd0                __strtoul_internal
 .text.strtol   0x0002edec       0x1c /usr/lib/gcc/armv6-alpine-linux-musleabihf/12.2.1/../../../libc.a(strtol.lo)
                0x0002edec                __strtol_internal
                0x0002edec                strtol
 .text          0x0002ee08      0x304 /usr/lib/gcc/armv6-alpine-linux-musleabihf/12.2.1/../../../libc.a(memcpy.lo)
                0x0002ee08                memcpy
 .text.memchr   0x0002f10c       0xc0 /usr/lib/gcc/armv6-alpine-linux-musleabihf/12.2.1/../../../libc.a(memchr.lo)
                0x0002f10c                memchr
 .text.memcmp   0x0002f1cc       0x40 /usr/lib/gcc/armv6-alpine-linux-musleabihf/12.2.1/../../../libc.a(memcmp.lo)
                0x0002f1cc                memcmp
 .text.memmove  0x0002f20c      0x140 /usr/lib/gcc/armv6-alpine-linux-musleabihf/12.2.1/../../../libc.a(memmove.lo)
                0x0002f20c                memmove
 .text.mempcpy  0x0002f34c       0x14 /usr/lib/gcc/armv6-alpine-linux-musleabihf/12.2.1/../../../libc.a(mempcpy.lo)
                0x0002f34c                mempcpy
 .text.__memrchr
                0x0002f360       0x34 /usr/lib/gcc/armv6-alpine-linux-musleabihf/12.2.1/../../../libc.a(memrchr.lo)
                0x0002f360                memrchr
                0x0002f360                __memrchr
 .text.memset   0x0002f394       0xfc /usr/lib/gcc/armv6-alpine-linux-musleabihf/12.2.1/../../../libc.a(memset.lo)
                0x0002f394                memset
 .text.__stpcpy
                0x0002f490       0x84 /usr/lib/gcc/armv6-alpine-linux-musleabihf/12.2.1/../../../libc.a(stpcpy.lo)
                0x0002f490                stpcpy
                0x0002f490                __stpcpy
 .text.__stpncpy
                0x0002f514       0xdc /usr/lib/gcc/armv6-alpine-linux-musleabihf/12.2.1/../../../libc.a(stpncpy.lo)
                0x0002f514                stpncpy
                0x0002f514                __stpncpy
 .text.strcasecmp
                0x0002f5f0       0x6c /usr/lib/gcc/armv6-alpine-linux-musleabihf/12.2.1/../../../libc.a(strcasecmp.lo)
                0x0002f5f0                strcasecmp
 .text.strcat   0x0002f65c       0x24 /usr/lib/gcc/armv6-alpine-linux-musleabihf/12.2.1/../../../libc.a(strcat.lo)
                0x0002f65c                strcat
 .text.strchr   0x0002f680       0x20 /usr/lib/gcc/armv6-alpine-linux-musleabihf/12.2.1/../../../libc.a(strchr.lo)
                0x0002f680                strchr
 .text.__strchrnul
                0x0002f6a0       0xa0 /usr/lib/gcc/armv6-alpine-linux-musleabihf/12.2.1/../../../libc.a(strchrnul.lo)
                0x0002f6a0                __strchrnul
                0x0002f6a0                strchrnul
 .text.strcmp   0x0002f740       0x28 /usr/lib/gcc/armv6-alpine-linux-musleabihf/12.2.1/../../../libc.a(strcmp.lo)
                0x0002f740                strcmp
 .text.strcpy   0x0002f768       0x14 /usr/lib/gcc/armv6-alpine-linux-musleabihf/12.2.1/../../../libc.a(strcpy.lo)
                0x0002f768                strcpy
 .text.strcspn  0x0002f77c       0xb8 /usr/lib/gcc/armv6-alpine-linux-musleabihf/12.2.1/../../../libc.a(strcspn.lo)
                0x0002f77c                strcspn
 .text.strdup   0x0002f834       0x30 /usr/lib/gcc/armv6-alpine-linux-musleabihf/12.2.1/../../../libc.a(strdup.lo)
                0x0002f834                strdup
 .text.strlen   0x0002f864       0x74 /usr/lib/gcc/armv6-alpine-linux-musleabihf/12.2.1/../../../libc.a(strlen.lo)
                0x0002f864                strlen
 .text.strncasecmp
                0x0002f8d8       0x7c /usr/lib/gcc/armv6-alpine-linux-musleabihf/12.2.1/../../../libc.a(strncasecmp.lo)
                0x0002f8d8                strncasecmp
 .text.strncmp  0x0002f954       0x58 /usr/lib/gcc/armv6-alpine-linux-musleabihf/12.2.1/../../../libc.a(strncmp.lo)
                0x0002f954                strncmp
 .text.strncpy  0x0002f9ac       0x14 /usr/lib/gcc/armv6-alpine-linux-musleabihf/12.2.1/../../../libc.a(strncpy.lo)
                0x0002f9ac                strncpy
 .text.strnlen  0x0002f9c0       0x28 /usr/lib/gcc/armv6-alpine-linux-musleabihf/12.2.1/../../../libc.a(strnlen.lo)
                0x0002f9c0                strnlen
 .text.strpbrk  0x0002f9e8       0x20 /usr/lib/gcc/armv6-alpine-linux-musleabihf/12.2.1/../../../libc.a(strpbrk.lo)
                0x0002f9e8                strpbrk
 .text.strrchr  0x0002fa08       0x24 /usr/lib/gcc/armv6-alpine-linux-musleabihf/12.2.1/../../../libc.a(strrchr.lo)
                0x0002fa08                strrchr
 .text.strsignal
                0x0002fa2c       0x38 /usr/lib/gcc/armv6-alpine-linux-musleabihf/12.2.1/../../../libc.a(strsignal.lo)
                0x0002fa2c                strsignal
 .text.twoway_strstr
                0x0002fa64      0x2bc /usr/lib/gcc/armv6-alpine-linux-musleabihf/12.2.1/../../../libc.a(strstr.lo)
 .text.strstr   0x0002fd20      0x15c /usr/lib/gcc/armv6-alpine-linux-musleabihf/12.2.1/../../../libc.a(strstr.lo)
                0x0002fd20                strstr
 .text.strtok_r
                0x0002fe7c       0x7c /usr/lib/gcc/armv6-alpine-linux-musleabihf/12.2.1/../../../libc.a(strtok_r.lo)
                0x0002fe7c                strtok_r
 .text.tcgetattr
                0x0002fef8       0x24 /usr/lib/gcc/armv6-alpine-linux-musleabihf/12.2.1/../../../libc.a(tcgetattr.lo)
                0x0002fef8                tcgetattr
 .text.tcsetattr
                0x0002ff1c       0x2c /usr/lib/gcc/armv6-alpine-linux-musleabihf/12.2.1/../../../libc.a(tcsetattr.lo)
                0x0002ff1c                tcsetattr
 .text.a_barrier
                0x0002ff48       0x18 /usr/lib/gcc/armv6-alpine-linux-musleabihf/12.2.1/../../../libc.a(__lock.lo)
 .text.__lock   0x0002ff60      0x134 /usr/lib/gcc/armv6-alpine-linux-musleabihf/12.2.1/../../../libc.a(__lock.lo)
                0x0002ff60                __lock
 .text.__unlock
                0x00030094       0x64 /usr/lib/gcc/armv6-alpine-linux-musleabihf/12.2.1/../../../libc.a(__lock.lo)
                0x00030094                __unlock
 .text.sccp     0x000300f8       0x24 /usr/lib/gcc/armv6-alpine-linux-musleabihf/12.2.1/../../../libc.a(__syscall_cp.lo)
                0x000300f8                __syscall_cp_c
 .text.__syscall_cp
                0x0003011c        0x4 /usr/lib/gcc/armv6-alpine-linux-musleabihf/12.2.1/../../../libc.a(__syscall_cp.lo)
                0x0003011c                __syscall_cp
 .text          0x00030120       0x9c /usr/lib/gcc/armv6-alpine-linux-musleabihf/12.2.1/../../../libc.a(atomics.lo)
                0x00030120                __a_barrier_dummy
                0x00030124                __a_barrier_oldkuser
                0x00030144                __a_barrier_v6
                0x0003014c                __a_barrier_v7
                0x00030154                __a_cas_dummy
                0x00030168                __a_cas_v6
                0x0003018c                __a_cas_v7
                0x000301b0                __a_gettp_cp15
 .text.__inhibit_ptc
                0x000301bc       0x10 /usr/lib/gcc/armv6-alpine-linux-musleabihf/12.2.1/../../../libc.a(lock_ptc.lo)
                0x000301bc                __inhibit_ptc
 .text.__release_ptc
                0x000301cc       0x10 /usr/lib/gcc/armv6-alpine-linux-musleabihf/12.2.1/../../../libc.a(lock_ptc.lo)
                0x000301cc                __release_ptc
 .text.__pthread_rwlock_unlock
                0x000301dc       0xd4 /usr/lib/gcc/armv6-alpine-linux-musleabihf/12.2.1/../../../libc.a(pthread_rwlock_unlock.lo)
                0x000301dc                pthread_rwlock_unlock
                0x000301dc                __pthread_rwlock_unlock
 .text.__pthread_rwlock_wrlock
                0x000302b0        0x8 /usr/lib/gcc/armv6-alpine-linux-musleabihf/12.2.1/../../../libc.a(pthread_rwlock_wrlock.lo)
                0x000302b0                __pthread_rwlock_wrlock
                0x000302b0                pthread_rwlock_wrlock
 .text.__pthread_setcancelstate
                0x000302b8       0x34 /usr/lib/gcc/armv6-alpine-linux-musleabihf/12.2.1/../../../libc.a(pthread_setcancelstate.lo)
                0x000302b8                __pthread_setcancelstate
                0x000302b8                pthread_setcancelstate
 .text.pthread_sigmask
                0x000302ec       0x68 /usr/lib/gcc/armv6-alpine-linux-musleabihf/12.2.1/../../../libc.a(pthread_sigmask.lo)
                0x000302ec                pthread_sigmask
 .text.dummy    0x00030354        0x4 /usr/lib/gcc/armv6-alpine-linux-musleabihf/12.2.1/../../../libc.a(synccall.lo)
 .text.handler  0x00030358       0x98 /usr/lib/gcc/armv6-alpine-linux-musleabihf/12.2.1/../../../libc.a(synccall.lo)
 .text.__synccall
                0x000303f0      0x298 /usr/lib/gcc/armv6-alpine-linux-musleabihf/12.2.1/../../../libc.a(synccall.lo)
                0x000303f0                __synccall
 .text.__gettimeofday_time64
                0x00030688       0x50 /usr/lib/gcc/armv6-alpine-linux-musleabihf/12.2.1/../../../libc.a(gettimeofday.lo)
                0x00030688                __gettimeofday_time64
 .text.times    0x000306d8       0x10 /usr/lib/gcc/armv6-alpine-linux-musleabihf/12.2.1/../../../libc.a(times.lo)
                0x000306d8                times
 .text._exit    0x000306e8        0x8 /usr/lib/gcc/armv6-alpine-linux-musleabihf/12.2.1/../../../libc.a(_exit.lo)
                0x000306e8                _exit
 .text.chdir    0x000306f0       0x14 /usr/lib/gcc/armv6-alpine-linux-musleabihf/12.2.1/../../../libc.a(chdir.lo)
                0x000306f0                chdir
 .text.close    0x00030704       0x3c /usr/lib/gcc/armv6-alpine-linux-musleabihf/12.2.1/../../../libc.a(close.lo)
                0x00030704                close
 .text.dup2     0x00030740       0x24 /usr/lib/gcc/armv6-alpine-linux-musleabihf/12.2.1/../../../libc.a(dup2.lo)
                0x00030740                dup2
 .text.ftruncate
                0x00030764       0x18 /usr/lib/gcc/armv6-alpine-linux-musleabihf/12.2.1/../../../libc.a(ftruncate.lo)
                0x00030764                ftruncate
                0x00030764                ftruncate64
 .text.getcwd   0x0003077c       0x9c /usr/lib/gcc/armv6-alpine-linux-musleabihf/12.2.1/../../../libc.a(getcwd.lo)
                0x0003077c                getcwd
 .text.geteuid  0x00030818       0x10 /usr/lib/gcc/armv6-alpine-linux-musleabihf/12.2.1/../../../libc.a(geteuid.lo)
                0x00030818                geteuid
 .text.getpid   0x00030828       0x10 /usr/lib/gcc/armv6-alpine-linux-musleabihf/12.2.1/../../../libc.a(getpid.lo)
                0x00030828                getpid
 .text.getppid  0x00030838       0x10 /usr/lib/gcc/armv6-alpine-linux-musleabihf/12.2.1/../../../libc.a(getppid.lo)
                0x00030838                getppid
 .text.getuid   0x00030848       0x10 /usr/lib/gcc/armv6-alpine-linux-musleabihf/12.2.1/../../../libc.a(getuid.lo)
                0x00030848                getuid
 .text.isatty   0x00030858       0x48 /usr/lib/gcc/armv6-alpine-linux-musleabihf/12.2.1/../../../libc.a(isatty.lo)
                0x00030858                isatty
 .text.__lseek  0x000308a0       0x34 /usr/lib/gcc/armv6-alpine-linux-musleabihf/12.2.1/../../../libc.a(lseek.lo)
                0x000308a0                lseek
                0x000308a0                __lseek
                0x000308a0                lseek64
 .text.pipe     0x000308d4       0x14 /usr/lib/gcc/armv6-alpine-linux-musleabihf/12.2.1/../../../libc.a(pipe.lo)
                0x000308d4                pipe
 .text.read     0x000308e8       0x34 /usr/lib/gcc/armv6-alpine-linux-musleabihf/12.2.1/../../../libc.a(read.lo)
                0x000308e8                read
 .text.readlink
                0x0003091c       0x30 /usr/lib/gcc/armv6-alpine-linux-musleabihf/12.2.1/../../../libc.a(readlink.lo)
                0x0003091c                readlink
 .text.write    0x0003094c       0x34 /usr/lib/gcc/armv6-alpine-linux-musleabihf/12.2.1/../../../libc.a(write.lo)
                0x0003094c                write
 .text.iswctype
                0x00030980       0x88 /usr/lib/gcc/armv6-alpine-linux-musleabihf/12.2.1/../../../libc.a(iswctype.lo)
                0x00030980                iswctype
 .text.wctype   0x00030a08       0x60 /usr/lib/gcc/armv6-alpine-linux-musleabihf/12.2.1/../../../libc.a(iswctype.lo)
                0x00030a08                wctype
 .text.iswgraph
                0x00030a68       0x30 /usr/lib/gcc/armv6-alpine-linux-musleabihf/12.2.1/../../../libc.a(iswgraph.lo)
                0x00030a68                iswgraph
 .text.iswlower
                0x00030a98       0x18 /usr/lib/gcc/armv6-alpine-linux-musleabihf/12.2.1/../../../libc.a(iswlower.lo)
                0x00030a98                iswlower
 .text.iswprint
                0x00030ab0       0x9c /usr/lib/gcc/armv6-alpine-linux-musleabihf/12.2.1/../../../libc.a(iswprint.lo)
                0x00030ab0                iswprint
 .text.iswpunct
                0x00030b4c       0x40 /usr/lib/gcc/armv6-alpine-linux-musleabihf/12.2.1/../../../libc.a(iswpunct.lo)
                0x00030b4c                iswpunct
 .text.iswspace
                0x00030b8c       0x30 /usr/lib/gcc/armv6-alpine-linux-musleabihf/12.2.1/../../../libc.a(iswspace.lo)
                0x00030b8c                iswspace
 .text.iswupper
                0x00030bbc       0x18 /usr/lib/gcc/armv6-alpine-linux-musleabihf/12.2.1/../../../libc.a(iswupper.lo)
                0x00030bbc                iswupper
 .text.iswxdigit
                0x00030bd4       0x2c /usr/lib/gcc/armv6-alpine-linux-musleabihf/12.2.1/../../../libc.a(iswxdigit.lo)
                0x00030bd4                iswxdigit
 .text.tolower  0x00030c00       0x10 /usr/lib/gcc/armv6-alpine-linux-musleabihf/12.2.1/../../../libc.a(tolower.lo)
                0x00030c00                tolower
 .text.casemap  0x00030c10      0x148 /usr/lib/gcc/armv6-alpine-linux-musleabihf/12.2.1/../../../libc.a(towctrans.lo)
 .text.towlower
                0x00030d58        0x8 /usr/lib/gcc/armv6-alpine-linux-musleabihf/12.2.1/../../../libc.a(towctrans.lo)
                0x00030d58                towlower
 .text.towupper
                0x00030d60        0x8 /usr/lib/gcc/armv6-alpine-linux-musleabihf/12.2.1/../../../libc.a(towctrans.lo)
                0x00030d60                towupper
 .text.__init_tp
                0x00030d68       0x9c /usr/lib/gcc/armv6-alpine-linux-musleabihf/12.2.1/../../../libc.a(__init_tls.lo)
                0x00030d68                __init_tp
 .text.__copy_tls
                0x00030e04       0x98 /usr/lib/gcc/armv6-alpine-linux-musleabihf/12.2.1/../../../libc.a(__init_tls.lo)
                0x00030e04                __copy_tls
 .text.static_init_tls
                0x00030e9c      0x1d8 /usr/lib/gcc/armv6-alpine-linux-musleabihf/12.2.1/../../../libc.a(__init_tls.lo)
                0x00030e9c                __init_tls
 .text._Exit    0x00031074       0x1c /usr/lib/gcc/armv6-alpine-linux-musleabihf/12.2.1/../../../libc.a(_Exit.lo)
                0x00031074                _Exit
 .text.scanexp  0x00031090      0x224 /usr/lib/gcc/armv6-alpine-linux-musleabihf/12.2.1/../../../libc.a(floatscan.lo)
 .text.__intscan
                0x000312b4      0x614 /usr/lib/gcc/armv6-alpine-linux-musleabihf/12.2.1/../../../libc.a(intscan.lo)
                0x000312b4                __intscan
 .text.__procfdname
                0x000318c8       0xb0 /usr/lib/gcc/armv6-alpine-linux-musleabihf/12.2.1/../../../libc.a(procfdname.lo)
                0x000318c8                __procfdname
 .text.__shlim  0x00031978       0x48 /usr/lib/gcc/armv6-alpine-linux-musleabihf/12.2.1/../../../libc.a(shgetc.lo)
                0x00031978                __shlim
 .text.__shgetc
                0x000319c0       0xf0 /usr/lib/gcc/armv6-alpine-linux-musleabihf/12.2.1/../../../libc.a(shgetc.lo)
                0x000319c0                __shgetc
 .text.set_size
                0x00031ab0       0x3c /usr/lib/gcc/armv6-alpine-linux-musleabihf/12.2.1/../../../libc.a(realloc.lo)
 .text.__libc_realloc
                0x00031aec      0x3f4 /usr/lib/gcc/armv6-alpine-linux-musleabihf/12.2.1/../../../libc.a(realloc.lo)
                0x00031aec                __libc_realloc
 .text.copysignl
                0x00031ee0        0x4 /usr/lib/gcc/armv6-alpine-linux-musleabihf/12.2.1/../../../libc.a(copysignl.lo)
                0x00031ee0                copysignl
 .text.fabsl    0x00031ee4        0x4 /usr/lib/gcc/armv6-alpine-linux-musleabihf/12.2.1/../../../libc.a(fabsl.lo)
                0x00031ee4                fabsl
 .text.fmodl    0x00031ee8        0x4 /usr/lib/gcc/armv6-alpine-linux-musleabihf/12.2.1/../../../libc.a(fmodl.lo)
                0x00031ee8                fmodl
 .text.frexpl   0x00031eec        0x4 /usr/lib/gcc/armv6-alpine-linux-musleabihf/12.2.1/../../../libc.a(frexpl.lo)
                0x00031eec                frexpl
 .text.scalbnl  0x00031ef0        0x4 /usr/lib/gcc/armv6-alpine-linux-musleabihf/12.2.1/../../../libc.a(scalbnl.lo)
                0x00031ef0                scalbnl
 .text.__mremap
                0x00031ef4       0x78 /usr/lib/gcc/armv6-alpine-linux-musleabihf/12.2.1/../../../libc.a(mremap.lo)
                0x00031ef4                mremap
                0x00031ef4                __mremap
 .text.wctomb   0x00031f6c       0x10 /usr/lib/gcc/armv6-alpine-linux-musleabihf/12.2.1/../../../libc.a(wctomb.lo)
                0x00031f6c                wctomb
 .text.__getpw_a
                0x00031f7c      0x3e8 /usr/lib/gcc/armv6-alpine-linux-musleabihf/12.2.1/../../../libc.a(getpw_a.lo)
                0x00031f7c                __getpw_a
 .text.getpw_r  0x00032364      0x118 /usr/lib/gcc/armv6-alpine-linux-musleabihf/12.2.1/../../../libc.a(getpw_r.lo)
 .text.getpwnam_r
                0x0003247c       0x24 /usr/lib/gcc/armv6-alpine-linux-musleabihf/12.2.1/../../../libc.a(getpw_r.lo)
                0x0003247c                getpwnam_r
 .text.getpwuid_r
                0x000324a0       0x28 /usr/lib/gcc/armv6-alpine-linux-musleabihf/12.2.1/../../../libc.a(getpw_r.lo)
                0x000324a0                getpwuid_r
 .text.__nscd_query
                0x000324c8      0x25c /usr/lib/gcc/armv6-alpine-linux-musleabihf/12.2.1/../../../libc.a(nscd_query.lo)
                0x000324c8                __nscd_query
 .text._Fork    0x00032724       0xc4 /usr/lib/gcc/armv6-alpine-linux-musleabihf/12.2.1/../../../libc.a(_Fork.lo)
                0x00032724                _Fork
 .text          0x000327e8       0x10 /usr/lib/gcc/armv6-alpine-linux-musleabihf/12.2.1/../../../libc.a(restore.lo)
                0x000327e8                __restore
                0x000327f0                __restore_rt
 .text.__fmodeflags
                0x000327f8       0x7c /usr/lib/gcc/armv6-alpine-linux-musleabihf/12.2.1/../../../libc.a(__fmodeflags.lo)
                0x000327f8                __fmodeflags
 .text.__overflow
                0x00032874       0x80 /usr/lib/gcc/armv6-alpine-linux-musleabihf/12.2.1/../../../libc.a(__overflow.lo)
                0x00032874                __overflow
 .text.__stdout_write
                0x000328f4       0x68 /usr/lib/gcc/armv6-alpine-linux-musleabihf/12.2.1/../../../libc.a(__stdout_write.lo)
                0x000328f4                __stdout_write
 .text.__towrite
                0x0003295c       0x54 /usr/lib/gcc/armv6-alpine-linux-musleabihf/12.2.1/../../../libc.a(__towrite.lo)
                0x0003295c                __towrite
 .text.__uflow  0x000329b0       0x44 /usr/lib/gcc/armv6-alpine-linux-musleabihf/12.2.1/../../../libc.a(__uflow.lo)
                0x000329b0                __uflow
 .text.fread    0x000329f4      0x108 /usr/lib/gcc/armv6-alpine-linux-musleabihf/12.2.1/../../../libc.a(fread.lo)
                0x000329f4                fread
                0x000329f4                fread_unlocked
 .text.getdelim
                0x00032afc      0x2a4 /usr/lib/gcc/armv6-alpine-linux-musleabihf/12.2.1/../../../libc.a(getdelim.lo)
                0x00032afc                __getdelim
                0x00032afc                getdelim
 .text.store_int
                0x00032da0       0x50 /usr/lib/gcc/armv6-alpine-linux-musleabihf/12.2.1/../../../libc.a(vfscanf.lo)
 .text.arg_n    0x00032df0       0x60 /usr/lib/gcc/armv6-alpine-linux-musleabihf/12.2.1/../../../libc.a(vfscanf.lo)
 .text.vfscanf  0x00032e50      0xbe0 /usr/lib/gcc/armv6-alpine-linux-musleabihf/12.2.1/../../../libc.a(vfscanf.lo)
                0x00032e50                __isoc99_vfscanf
                0x00032e50                vfscanf
 .text.shl      0x00033a30       0x3c /usr/lib/gcc/armv6-alpine-linux-musleabihf/12.2.1/../../../libc.a(qsort.lo)
 .text.shr      0x00033a6c       0x40 /usr/lib/gcc/armv6-alpine-linux-musleabihf/12.2.1/../../../libc.a(qsort.lo)
 .text.cycle    0x00033aac       0x80 /usr/lib/gcc/armv6-alpine-linux-musleabihf/12.2.1/../../../libc.a(qsort.lo)
 .text.sift     0x00033b2c       0xc8 /usr/lib/gcc/armv6-alpine-linux-musleabihf/12.2.1/../../../libc.a(qsort.lo)
 .text.pntz     0x00033bf4       0x40 /usr/lib/gcc/armv6-alpine-linux-musleabihf/12.2.1/../../../libc.a(qsort.lo)
 .text.trinkle  0x00033c34      0x168 /usr/lib/gcc/armv6-alpine-linux-musleabihf/12.2.1/../../../libc.a(qsort.lo)
 .text.__qsort_r
                0x00033d9c      0x26c /usr/lib/gcc/armv6-alpine-linux-musleabihf/12.2.1/../../../libc.a(qsort.lo)
                0x00033d9c                __qsort_r
                0x00033d9c                qsort_r
 .text.strspn   0x00034008       0xcc /usr/lib/gcc/armv6-alpine-linux-musleabihf/12.2.1/../../../libc.a(strspn.lo)
                0x00034008                strspn
 .text.wcschr   0x000340d4       0x44 /usr/lib/gcc/armv6-alpine-linux-musleabihf/12.2.1/../../../libc.a(wcschr.lo)
                0x000340d4                wcschr
 .text.wcslen   0x00034118       0x24 /usr/lib/gcc/armv6-alpine-linux-musleabihf/12.2.1/../../../libc.a(wcslen.lo)
                0x00034118                wcslen
 .text.__timedwait_cp
                0x0003413c      0x1c8 /usr/lib/gcc/armv6-alpine-linux-musleabihf/12.2.1/../../../libc.a(__timedwait.lo)
                0x0003413c                __timedwait_cp
 .text.__timedwait
                0x00034304       0x5c /usr/lib/gcc/armv6-alpine-linux-musleabihf/12.2.1/../../../libc.a(__timedwait.lo)
                0x00034304                __timedwait
 .text.__set_thread_area
                0x00034360      0x170 /usr/lib/gcc/armv6-alpine-linux-musleabihf/12.2.1/../../../libc.a(__set_thread_area.lo)
                0x00034360                __set_thread_area
 .text.a_barrier
                0x000344d0       0x18 /usr/lib/gcc/armv6-alpine-linux-musleabihf/12.2.1/../../../libc.a(pthread_rwlock_timedwrlock.lo)
 .text.__pthread_rwlock_timedwrlock
                0x000344e8       0xec /usr/lib/gcc/armv6-alpine-linux-musleabihf/12.2.1/../../../libc.a(pthread_rwlock_timedwrlock.lo)
                0x000344e8                __pthread_rwlock_timedwrlock
                0x000344e8                __pthread_rwlock_timedwrlock_time64
 .text.__pthread_rwlock_trywrlock
                0x000345d4       0x50 /usr/lib/gcc/armv6-alpine-linux-musleabihf/12.2.1/../../../libc.a(pthread_rwlock_trywrlock.lo)
                0x000345d4                __pthread_rwlock_trywrlock
                0x000345d4                pthread_rwlock_trywrlock
 .text.sem_destroy
                0x00034624        0x8 /usr/lib/gcc/armv6-alpine-linux-musleabihf/12.2.1/../../../libc.a(sem_destroy.lo)
                0x00034624                sem_destroy
 .text.sem_init
                0x0003462c       0x44 /usr/lib/gcc/armv6-alpine-linux-musleabihf/12.2.1/../../../libc.a(sem_init.lo)
                0x0003462c                sem_init
 .text.sem_post
                0x00034670       0xe0 /usr/lib/gcc/armv6-alpine-linux-musleabihf/12.2.1/../../../libc.a(sem_post.lo)
                0x00034670                sem_post
 .text.sem_wait
                0x00034750        0x8 /usr/lib/gcc/armv6-alpine-linux-musleabihf/12.2.1/../../../libc.a(sem_wait.lo)
                0x00034750                sem_wait
 .text.a_cas_p.isra.0
                0x00034758       0x40 /usr/lib/gcc/armv6-alpine-linux-musleabihf/12.2.1/../../../libc.a(clock_gettime.lo)
 .text.cgt_init
                0x00034798       0xf4 /usr/lib/gcc/armv6-alpine-linux-musleabihf/12.2.1/../../../libc.a(clock_gettime.lo)
 .text.cgt_time32_wrap
                0x0003488c       0x78 /usr/lib/gcc/armv6-alpine-linux-musleabihf/12.2.1/../../../libc.a(clock_gettime.lo)
 .text.__clock_gettime
                0x00034904       0xd4 /usr/lib/gcc/armv6-alpine-linux-musleabihf/12.2.1/../../../libc.a(clock_gettime.lo)
                0x00034904                __clock_gettime
                0x00034904                __clock_gettime64
 .text.iswalnum
                0x000349d8       0x28 /usr/lib/gcc/armv6-alpine-linux-musleabihf/12.2.1/../../../libc.a(iswalnum.lo)
                0x000349d8                iswalnum
 .text.iswalpha
                0x00034a00       0x50 /usr/lib/gcc/armv6-alpine-linux-musleabihf/12.2.1/../../../libc.a(iswalpha.lo)
                0x00034a00                iswalpha
 .text.iswblank
                0x00034a50        0x4 /usr/lib/gcc/armv6-alpine-linux-musleabihf/12.2.1/../../../libc.a(iswblank.lo)
                0x00034a50                iswblank
 .text.iswcntrl
                0x00034a54       0x40 /usr/lib/gcc/armv6-alpine-linux-musleabihf/12.2.1/../../../libc.a(iswcntrl.lo)
                0x00034a54                iswcntrl
 .text.__vdsosym
                0x00034a94      0x23c /usr/lib/gcc/armv6-alpine-linux-musleabihf/12.2.1/../../../libc.a(vdso.lo)
                0x00034a94                __vdsosym
 .text.fabs     0x00034cd0        0x8 /usr/lib/gcc/armv6-alpine-linux-musleabihf/12.2.1/../../../libc.a(fabs.lo)
                0x00034cd0                fabs
 .text.copysign
                0x00034cd8       0x24 /usr/lib/gcc/armv6-alpine-linux-musleabihf/12.2.1/../../../libc.a(copysign.lo)
                0x00034cd8                copysign
 .text.mbrtowc  0x00034cfc      0x148 /usr/lib/gcc/armv6-alpine-linux-musleabihf/12.2.1/../../../libc.a(mbrtowc.lo)