Archive member included to satisfy reference by file (symbol)

libbb/lib.a(appletlib.o)      /usr/lib/gcc/armv6-alpine-linux-musleabihf/12.2.1/../../../crt1.o (main)
libbb/lib.a(compare_string_array.o)
                              libbb/lib.a(appletlib.o) (is_prefixed_with)
libbb/lib.a(default_error_retval.o)
                              libbb/lib.a(appletlib.o) (xfunc_error_retval)
libbb/lib.a(get_last_path_component.o)
                              libbb/lib.a(appletlib.o) (bb_basename)
libbb/lib.a(last_char_is.o)   libbb/lib.a(get_last_path_component.o) (last_char_is)
libbb/lib.a(messages.o)       libbb/lib.a(appletlib.o) (bb_banner)
libbb/lib.a(ptr_to_globals.o)
                              libbb/lib.a(appletlib.o) (bb_errno)
libbb/lib.a(xfunc_die.o)      libbb/lib.a(appletlib.o) (xfunc_die)
libbb/lib.a(xfuncs.o)         libbb/lib.a(appletlib.o) (full_write2_str)
libbb/lib.a(full_write.o)     libbb/lib.a(xfuncs.o) (full_write)
libbb/lib.a(safe_write.o)     libbb/lib.a(full_write.o) (safe_write)
shell/lib.a(ash.o)            libbb/lib.a(appletlib.o) (ash_main)
shell/lib.a(ash_ptr_hack.o)   shell/lib.a(ash.o) (ash_ptr_to_globals_var)
shell/lib.a(shell_common.o)   shell/lib.a(ash.o) (shell_builtin_read)
util-linux/lib.a(fatattr.o)   libbb/lib.a(appletlib.o) (fatattr_main)
coreutils/lib.a(cat.o)        libbb/lib.a(appletlib.o) (cat_main)
coreutils/lib.a(echo.o)       shell/lib.a(ash.o) (echo_main)
coreutils/lib.a(ls.o)         libbb/lib.a(appletlib.o) (ls_main)
editors/lib.a(vi.o)           libbb/lib.a(appletlib.o) (vi_main)
libbb/lib.a(bb_cat.o)         coreutils/lib.a(cat.o) (bb_cat)
libbb/lib.a(bb_strtonum.o)    shell/lib.a(shell_common.o) (bb_strtoull)
libbb/lib.a(common_bufsiz.o)  coreutils/lib.a(ls.o) (bb_common_bufsiz1)
libbb/lib.a(concat_path_file.o)
                              coreutils/lib.a(ls.o) (concat_path_file)
libbb/lib.a(copyfd.o)         libbb/lib.a(bb_cat.o) (bb_copyfd_eof)
libbb/lib.a(endofname.o)      shell/lib.a(ash.o) (endofname)
libbb/lib.a(getopt32.o)       coreutils/lib.a(ls.o) (option_mask32)
libbb/lib.a(llist.o)          libbb/lib.a(getopt32.o) (llist_add_to_end)
libbb/lib.a(mode_string.o)    coreutils/lib.a(ls.o) (bb_mode_string)
libbb/lib.a(parse_mode.o)     shell/lib.a(ash.o) (bb_parse_mode)
libbb/lib.a(perror_msg.o)     shell/lib.a(shell_common.o) (bb_simple_perror_msg)
libbb/lib.a(printable_string.o)
                              coreutils/lib.a(ls.o) (printable_string2)
libbb/lib.a(read.o)           libbb/lib.a(copyfd.o) (safe_read)
libbb/lib.a(read_key.o)       editors/lib.a(vi.o) (safe_read_key)
libbb/lib.a(read_printf.o)    shell/lib.a(ash.o) (nonblock_immune_read)
libbb/lib.a(safe_poll.o)      editors/lib.a(vi.o) (safe_poll)
libbb/lib.a(safe_strncpy.o)   shell/lib.a(ash.o) (safe_strncpy)
libbb/lib.a(signals.o)        shell/lib.a(ash.o) (sigaction_set)
libbb/lib.a(sysconf.o)        shell/lib.a(ash.o) (bb_clk_tck)
libbb/lib.a(time.o)           shell/lib.a(shell_common.o) (monotonic_ms)
libbb/lib.a(u_signal_names.o)
                              shell/lib.a(ash.o) (get_signum)
libbb/lib.a(verror_msg.o)     libbb/lib.a(perror_msg.o) (bb_verror_msg)
libbb/lib.a(wfopen_input.o)   libbb/lib.a(bb_cat.o) (open_or_warn_stdin)
libbb/lib.a(xatonum.o)        libbb/lib.a(getopt32.o) (xatoi_positive)
libbb/lib.a(xfuncs_printf.o)  shell/lib.a(ash.o) (xmalloc)
libbb/lib.a(xreadlink.o)      coreutils/lib.a(ls.o) (xmalloc_readlink_or_warn)
libbb/lib.a(auto_string.o)    libbb/lib.a(printable_string.o) (auto_string)
libbb/lib.a(wfopen.o)         libbb/lib.a(wfopen_input.o) (fopen_or_warn)
libbb/lib.a(xgetcwd.o)        libbb/lib.a(xreadlink.o) (xrealloc_getcwd_or_warn)
/usr/lib/gcc/armv6-alpine-linux-musleabihf/12.2.1/libgcc.a(_udivsi3.o)
                              shell/lib.a(ash.o) (__aeabi_uidiv)
/usr/lib/gcc/armv6-alpine-linux-musleabihf/12.2.1/libgcc.a(_divsi3.o)
                              editors/lib.a(vi.o) (__aeabi_idiv)
/usr/lib/gcc/armv6-alpine-linux-musleabihf/12.2.1/libgcc.a(_aeabi_ldivmod.o)
                              libbb/lib.a(time.o) (__aeabi_ldivmod)
/usr/lib/gcc/armv6-alpine-linux-musleabihf/12.2.1/libgcc.a(_dvmd_lnx.o)
                              /usr/lib/gcc/armv6-alpine-linux-musleabihf/12.2.1/libgcc.a(_aeabi_ldivmod.o) (__aeabi_ldiv0)
/usr/lib/gcc/armv6-alpine-linux-musleabihf/12.2.1/libgcc.a(_udivmoddi4.o)
                              /usr/lib/gcc/armv6-alpine-linux-musleabihf/12.2.1/libgcc.a(_aeabi_ldivmod.o) (__udivmoddi4)
/usr/lib/gcc/armv6-alpine-linux-musleabihf/12.2.1/../../../libc.a(sysconf.lo)
                              libbb/lib.a(sysconf.o) (sysconf)
/usr/lib/gcc/armv6-alpine-linux-musleabihf/12.2.1/../../../libc.a(closedir.lo)
                              coreutils/lib.a(ls.o) (closedir)
/usr/lib/gcc/armv6-alpine-linux-musleabihf/12.2.1/../../../libc.a(opendir.lo)
                              libbb/lib.a(xfuncs_printf.o) (opendir)
/usr/lib/gcc/armv6-alpine-linux-musleabihf/12.2.1/../../../libc.a(readdir.lo)
[...]
Memory Configuration

Name             Origin             Length             Attributes
*default*        0x00000000         0xffffffff

Linker script and memory map

LOAD /usr/lib/gcc/armv6-alpine-linux-musleabihf/12.2.1/../../../crt1.o
LOAD /usr/lib/gcc/armv6-alpine-linux-musleabihf/12.2.1/../../../crti.o
LOAD /usr/lib/gcc/armv6-alpine-linux-musleabihf/12.2.1/crtbeginT.o
START GROUP
LOAD applets/built-in.o
LOAD archival/lib.a
LOAD archival/libarchive/lib.a
LOAD console-tools/lib.a
LOAD coreutils/lib.a
LOAD coreutils/libcoreutils/lib.a
LOAD debianutils/lib.a
LOAD klibc-utils/lib.a
LOAD e2fsprogs/lib.a
LOAD editors/lib.a
LOAD findutils/lib.a
LOAD init/lib.a
LOAD libbb/lib.a
LOAD libpwdgrp/lib.a
LOAD loginutils/lib.a
LOAD mailutils/lib.a
LOAD miscutils/lib.a
LOAD modutils/lib.a
LOAD networking/lib.a
LOAD networking/libiproute/lib.a
LOAD networking/udhcp/lib.a
LOAD printutils/lib.a
LOAD procps/lib.a
LOAD runit/lib.a
LOAD selinux/lib.a
LOAD shell/lib.a
LOAD sysklogd/lib.a
LOAD util-linux/lib.a
LOAD util-linux/volume_id/lib.a
LOAD archival/built-in.o
LOAD archival/libarchive/built-in.o
LOAD console-tools/built-in.o
LOAD coreutils/built-in.o
LOAD coreutils/libcoreutils/built-in.o
LOAD debianutils/built-in.o
LOAD klibc-utils/built-in.o
LOAD e2fsprogs/built-in.o
LOAD editors/built-in.o
LOAD findutils/built-in.o
LOAD init/built-in.o
LOAD libbb/built-in.o
LOAD libpwdgrp/built-in.o
LOAD loginutils/built-in.o
LOAD mailutils/built-in.o
LOAD miscutils/built-in.o
LOAD modutils/built-in.o
LOAD networking/built-in.o
LOAD networking/libiproute/built-in.o
LOAD networking/udhcp/built-in.o
LOAD printutils/built-in.o
LOAD procps/built-in.o
LOAD runit/built-in.o
LOAD selinux/built-in.o
LOAD shell/built-in.o
LOAD sysklogd/built-in.o
LOAD util-linux/built-in.o
LOAD util-linux/volume_id/built-in.o
END GROUP
LOAD /usr/lib/gcc/armv6-alpine-linux-musleabihf/12.2.1/../../../libssp_nonshared.a
START GROUP
LOAD /usr/lib/gcc/armv6-alpine-linux-musleabihf/12.2.1/libgcc.a
LOAD /usr/lib/gcc/armv6-alpine-linux-musleabihf/12.2.1/libgcc_eh.a
LOAD /usr/lib/gcc/armv6-alpine-linux-musleabihf/12.2.1/../../../libc.a
END GROUP
LOAD /usr/lib/gcc/armv6-alpine-linux-musleabihf/12.2.1/crtend.o
LOAD /usr/lib/gcc/armv6-alpine-linux-musleabihf/12.2.1/../../../crtn.o
                0x03000000                        . = 0x3000000

.text           0x03000000    0x23c40
 *(SORT_BY_ALIGNMENT(.text.unlikely) SORT_BY_ALIGNMENT(.text.*_unlikely) SORT_BY_ALIGNMENT(.text.unlikely.*))
 *(SORT_BY_ALIGNMENT(.text.exit) SORT_BY_ALIGNMENT(.text.exit.*))
 .text.exit     0x03000000       0x1c /usr/lib/gcc/armv6-alpine-linux-musleabihf/12.2.1/../../../libc.a(exit.lo)
                0x03000000                exit
 *(SORT_BY_ALIGNMENT(.text.startup) SORT_BY_ALIGNMENT(.text.startup.*))
 *(SORT_BY_ALIGNMENT(.text.hot) SORT_BY_ALIGNMENT(.text.hot.*))
 *(SORT_BY_ALIGNMENT(.text) SORT_BY_ALIGNMENT(.stub) SORT_BY_ALIGNMENT(.text.*) SORT_BY_ALIGNMENT(.gnu.linkonce.t.*))
 *fill*         0x0300001c        0x4 
 .text.fmt_fp   0x03000020      0xd80 /usr/lib/gcc/armv6-alpine-linux-musleabihf/12.2.1/../../../libc.a(vfprintf.lo)
 .text.decfloat
                0x03000da0      0xa54 /usr/lib/gcc/armv6-alpine-linux-musleabihf/12.2.1/../../../libc.a(floatscan.lo)
 *fill*         0x030017f4        0x4 
 .text.__floatscan
                0x030017f8      0x890 /usr/lib/gcc/armv6-alpine-linux-musleabihf/12.2.1/../../../libc.a(floatscan.lo)
                0x030017f8                __floatscan
 .text.frexp    0x03002088       0x8c /usr/lib/gcc/armv6-alpine-linux-musleabihf/12.2.1/../../../libc.a(frexp.lo)
                0x03002088                frexp
 *fill*         0x03002114        0x4 
 .text.scalbn   0x03002118       0xb0 /usr/lib/gcc/armv6-alpine-linux-musleabihf/12.2.1/../../../libc.a(scalbn.lo)
                0x03002118                scalbn
 .text.fmod     0x030021c8      0x1f0 /usr/lib/gcc/armv6-alpine-linux-musleabihf/12.2.1/../../../libc.a(fmod.lo)
                0x030021c8                fmod
 .text          0x030023b8       0x24 /usr/lib/gcc/armv6-alpine-linux-musleabihf/12.2.1/../../../crt1.o
                0x030023b8                _start
 .text._start_c
                0x030023dc       0x64 /usr/lib/gcc/armv6-alpine-linux-musleabihf/12.2.1/../../../crt1.o
                0x030023dc                _start_c
 .text          0x03002440       0xdc /usr/lib/gcc/armv6-alpine-linux-musleabihf/12.2.1/crtbeginT.o
 .text.string_array_len
                0x0300251c       0x24 libbb/lib.a(appletlib.o)
                0x0300251c                string_array_len
 .text.bb_show_usage
                0x03002540        0x8 libbb/lib.a(appletlib.o)
                0x03002540                bb_show_usage
 .text.find_applet_by_name
                0x03002548       0x80 libbb/lib.a(appletlib.o)
                0x03002548                find_applet_by_name
 .text.lbb_prepare
                0x030025c8       0x30 libbb/lib.a(appletlib.o)
                0x030025c8                lbb_prepare
 .text.show_usage_if_dash_dash_help
                0x030025f8       0x3c libbb/lib.a(appletlib.o)
                0x030025f8                show_usage_if_dash_dash_help
 .text.run_applet_no_and_exit
                0x03002634       0x58 libbb/lib.a(appletlib.o)
                0x03002634                run_applet_no_and_exit
 .text.run_applet_and_exit
                0x0300268c      0x270 libbb/lib.a(appletlib.o)
 .text.main     0x030028fc       0x5c libbb/lib.a(appletlib.o)
                0x030028fc                main
 .text.is_prefixed_with
                0x03002958       0x24 libbb/lib.a(compare_string_array.o)
                0x03002958                is_prefixed_with
 .text.nth_string
                0x0300297c       0x28 libbb/lib.a(compare_string_array.o)
                0x0300297c                nth_string
 .text.bb_basename
                0x030029a4       0x20 libbb/lib.a(get_last_path_component.o)
                0x030029a4                bb_basename
 .text.bb_get_last_path_component_nostrip
                0x030029c4       0x3c libbb/lib.a(get_last_path_component.o)
                0x030029c4                bb_get_last_path_component_nostrip
 .text.last_char_is
                0x03002a00       0x34 libbb/lib.a(last_char_is.o)
                0x03002a00                last_char_is
 .text.xfunc_die
                0x03002a34       0x34 libbb/lib.a(xfunc_die.o)
                0x03002a34                xfunc_die
 .text.utoa_to_buf
                0x03002a68       0x88 libbb/lib.a(xfuncs.o)
                0x03002a68                utoa_to_buf
 .text.itoa_to_buf
                0x03002af0       0x28 libbb/lib.a(xfuncs.o)
                0x03002af0                itoa_to_buf
 .text.utoa     0x03002b18       0x2c libbb/lib.a(xfuncs.o)
                0x03002b18                utoa
 .text.itoa     0x03002b44       0x2c libbb/lib.a(xfuncs.o)
                0x03002b44                itoa
 .text.full_write2_str
                0x03002b70       0x20 libbb/lib.a(xfuncs.o)
                0x03002b70                full_write2_str
 .text.get_terminal_width_height
                0x03002b90      0x198 libbb/lib.a(xfuncs.o)
                0x03002b90                get_terminal_width_height
 .text.get_terminal_width
                0x03002d28       0x6c libbb/lib.a(xfuncs.o)
                0x03002d28                get_terminal_width
 .text.tcsetattr_stdin_TCSANOW
                0x03002d94       0x10 libbb/lib.a(xfuncs.o)
                0x03002d94                tcsetattr_stdin_TCSANOW
 .text.get_termios_and_make_raw
                0x03002da4       0xb4 libbb/lib.a(xfuncs.o)
                0x03002da4                get_termios_and_make_raw
 .text.set_termios_to_raw
                0x03002e58       0x88 libbb/lib.a(xfuncs.o)
                0x03002e58                set_termios_to_raw
 .text._exit_SUCCESS
                0x03002ee0        0xc libbb/lib.a(xfuncs.o)
                0x03002ee0                _exit_SUCCESS
 .text.full_write
                0x03002eec       0x54 libbb/lib.a(full_write.o)
                0x03002eec                full_write
 .text.safe_write
                0x03002f40       0x50 libbb/lib.a(safe_write.o)
                0x03002f40                safe_write
 .text.prefix   0x03002f90       0x24 shell/lib.a(ash.o)
 .text.is_number
                0x03002fb4       0x2c shell/lib.a(ash.o)
 .text.varcmp   0x03002fe0       0x40 shell/lib.a(ash.o)
 .text.hashvar  0x03003020       0x58 shell/lib.a(ash.o)
 .text.vpcmp    0x03003078        0xc shell/lib.a(ash.o)
 .text.findvar  0x03003084       0x3c shell/lib.a(ash.o)
 .text.getstatus
                0x030030c0       0x28 shell/lib.a(ash.o)
 .text.skiploop
                0x030030e8       0x48 shell/lib.a(ash.o)
 .text.falsecmd
                0x03003130        0x8 shell/lib.a(ash.o)
 .text.truecmd  0x03003138        0x8 shell/lib.a(ash.o)
 .text.bltincmd
                0x03003140       0x24 shell/lib.a(ash.o)
 .text.nlnoprompt
                0x03003164       0x60 shell/lib.a(ash.o)
 .text.pungetc  0x030031c4       0x1c shell/lib.a(ash.o)
 .text.pushfile
                0x030031e0       0x30 shell/lib.a(ash.o)
 .text.pushredir
                0x03003210       0x94 shell/lib.a(ash.o)
 .text.freeparam
                0x030032a4       0x38 shell/lib.a(ash.o)
 .text.freefunc
                0x030032dc       0x20 shell/lib.a(ash.o)
 .text.ignoresig
                0x030032fc       0x4c shell/lib.a(ash.o)
 .text.raise_exception
                0x03003348       0x3c shell/lib.a(ash.o)
 .text.raise_interrupt
                0x03003384       0x6c shell/lib.a(ash.o)
 .text.int_on   0x030033f0       0x44 shell/lib.a(ash.o)
 .text.clearcmdentry
                0x03003434       0xbc shell/lib.a(ash.o)
 .text.changepath
                0x030034f0       0x70 shell/lib.a(ash.o)
 .text.ifsfree  0x03003560       0x80 shell/lib.a(ash.o)
 .text.freestrings
                0x030035e0       0x6c shell/lib.a(ash.o)
 .text.delete_cmd_entry
                0x0300364c       0x6c shell/lib.a(ash.o)
 .text.recordregion
                0x030036b8       0x98 shell/lib.a(ash.o)
 .text.popstackmark
                0x03003750       0x8c shell/lib.a(ash.o)
 .text.signal_handler
                0x030037dc       0x80 shell/lib.a(ash.o)
 .text.force_int_on
                0x0300385c       0x38 shell/lib.a(ash.o)
 .text.setinputstring
                0x03003894       0x80 shell/lib.a(ash.o)
 .text.nodeckstrdup
                0x03003914       0x44 shell/lib.a(ash.o)
 .text.copynode
                0x03003958      0x1a0 shell/lib.a(ash.o)
 .text.copynodelist
                0x03003af8       0xa8 shell/lib.a(ash.o)
 .text.pstrcmp1
                0x03003ba0        0xc shell/lib.a(ash.o)
 .text.cmdlookup
                0x03003bac       0xd0 shell/lib.a(ash.o)
 .text.pstrcmp  0x03003c7c        0x8 shell/lib.a(ash.o)
 .text.flush_stdout_stderr
                0x03003c84       0x38 shell/lib.a(ash.o)
 .text.popstring
                0x03003cbc       0xa8 shell/lib.a(ash.o)
 .text.popfile  0x03003d64       0xbc shell/lib.a(ash.o)
 .text.unwindfiles
                0x03003e20       0x28 shell/lib.a(ash.o)
 .text.setsignal
                0x03003e48      0x1f0 shell/lib.a(ash.o)
 .text.out1fmt  0x03004038       0xac shell/lib.a(ash.o)
 .text.optschanged
                0x030040e4       0xbc shell/lib.a(ash.o)
 .text.newline_and_flush
                0x030041a0       0x4c shell/lib.a(ash.o)
 .text.ash_vmsg
                0x030041ec       0xe8 shell/lib.a(ash.o)
 .text.ash_msg_and_raise_error
                0x030042d4       0x6c shell/lib.a(ash.o)
 .text.setvareq
                0x03004340      0x18c shell/lib.a(ash.o)
 .text.setvar   0x030044cc      0x114 shell/lib.a(ash.o)
 .text.setvar0  0x030045e0        0x8 shell/lib.a(ash.o)
 .text.raise_error_syntax
                0x030045e8       0x4c shell/lib.a(ash.o)
 .text.nextopt  0x03004634      0x144 shell/lib.a(ash.o)
 .text.unsetcmd
                0x03004778       0x94 shell/lib.a(ash.o)
 .text.cdopt    0x0300480c       0x40 shell/lib.a(ash.o)
 .text.ash_msg  0x0300484c       0x78 shell/lib.a(ash.o)
 .text.stalloc  0x030048c4       0xb0 shell/lib.a(ash.o)
 .text.setstackmark
                0x03004974       0x50 shell/lib.a(ash.o)
 .text.sstrdup  0x030049c4       0x50 shell/lib.a(ash.o)
 .text.setparam
                0x03004a14       0x88 shell/lib.a(ash.o)
 .text.options  0x03004a9c      0x378 shell/lib.a(ash.o)
 .text.setpwd   0x03004e14       0xf8 shell/lib.a(ash.o)
 .text.pwdcmd   0x03004f0c       0x6c shell/lib.a(ash.o)
 .text.setinputfile
                0x03004f78      0x148 shell/lib.a(ash.o)
 .text.dup_CLOEXEC
                0x030050c0       0x50 shell/lib.a(ash.o)
 .text.fmtstr   0x03005110       0xb8 shell/lib.a(ash.o)
 .text.out2str  0x030051c8       0x4c shell/lib.a(ash.o)
 .text.setprompt_if
                0x03005214       0x80 shell/lib.a(ash.o)
 .text.nlprompt
                0x03005294       0x54 shell/lib.a(ash.o)
 .text.stoppedjobs
                0x030052e8       0x84 shell/lib.a(ash.o)
 .text.__pgetc  0x0300536c      0x1fc shell/lib.a(ash.o)
 .text.pgetc    0x03005568       0x2c shell/lib.a(ash.o)
 .text.pgetc_eatbnl
                0x03005594       0x34 shell/lib.a(ash.o)
 .text.number   0x030055c8       0x30 shell/lib.a(ash.o)
 .text.shiftcmd
                0x030055f8       0xd0 shell/lib.a(ash.o)
 .text.returncmd
                0x030056c8       0x54 shell/lib.a(ash.o)
 .text.exitcmd  0x0300571c       0x54 shell/lib.a(ash.o)
 .text.breakcmd
                0x03005770       0x94 shell/lib.a(ash.o)
 .text.stzalloc
                0x03005804       0x1c shell/lib.a(ash.o)
 .text.makename
                0x03005820       0x40 shell/lib.a(ash.o)
 .text.growstackblock
                0x03005860      0x114 shell/lib.a(ash.o)
 .text.growstackstr
                0x03005974       0x38 shell/lib.a(ash.o)
 .text._STPUTC  0x030059ac       0x40 shell/lib.a(ash.o)
 .text.listvars
                0x030059ec       0xb8 shell/lib.a(ash.o)
 .text.growstackto
                0x03005aa4       0x38 shell/lib.a(ash.o)
 .text.makestrspace
                0x03005adc       0x38 shell/lib.a(ash.o)
 .text.single_quote
                0x03005b14       0xd4 shell/lib.a(ash.o)
 .text.maybe_single_quote
                0x03005be8       0x48 shell/lib.a(ash.o)
 .text.stack_putstr
                0x03005c30       0x2c shell/lib.a(ash.o)
 .text.memtodest
                0x03005c5c       0xe0 shell/lib.a(ash.o)
 .text.findkwd  0x03005d3c       0x38 shell/lib.a(ash.o)
 .text.umaskcmd
                0x03005d74      0x1cc shell/lib.a(ash.o)
 .text.ulimitcmd
                0x03005f40        0x8 shell/lib.a(ash.o)
 .text.errmsg   0x03005f48       0x18 shell/lib.a(ash.o)
 .text.trapcmd  0x03005f60      0x1f0 shell/lib.a(ash.o)
 .text.timescmd
                0x03006150       0xfc shell/lib.a(ash.o)
 .text.showvars
                0x0300624c      0x12c shell/lib.a(ash.o)
 .text.setcmd   0x03006378       0x80 shell/lib.a(ash.o)
 .text.exportcmd
                0x030063f8       0xe4 shell/lib.a(ash.o)
 .text.tryexec  0x030064dc       0x6c shell/lib.a(ash.o)
 .text.echocmd  0x03006548        0x4 shell/lib.a(ash.o)
 .text.rmescapes
                0x0300654c      0x1a0 shell/lib.a(ash.o)
 .text.tokname  0x030066ec       0x40 shell/lib.a(ash.o)
 .text.raise_error_unexpected_syntax
                0x0300672c       0xb0 shell/lib.a(ash.o)
 .text.cvtnum   0x030067dc       0x94 shell/lib.a(ash.o)
 .text.scanright
                0x03006870      0x128 shell/lib.a(ash.o)
 .text.scanleft
                0x03006998       0x78 shell/lib.a(ash.o)
 .text.legal_pathopt.constprop.0
                0x03006a10       0x4c shell/lib.a(ash.o)
 .text.padvance
                0x03006a5c      0x150 shell/lib.a(ash.o)
 .text.dup2_or_raise.isra.0
                0x03006bac       0x38 shell/lib.a(ash.o)
 .text.popredir
                0x03006be4       0xc8 shell/lib.a(ash.o)
 .text.exitreset
                0x03006cac       0xb0 shell/lib.a(ash.o)
 .text.dowait.isra.0
                0x03006d5c      0x2e0 shell/lib.a(ash.o)
 .text.waitcmd  0x0300703c      0x2e8 shell/lib.a(ash.o)
 .text.parse_command
                0x03007324      0x8b4 shell/lib.a(ash.o)
 .text.pipeline
                0x03007bd8      0x100 shell/lib.a(ash.o)
 .text.list     0x03007cd8      0x22c shell/lib.a(ash.o)
 .text.readtoken1
                0x03007f04      0xfc4 shell/lib.a(ash.o)
 .text.xxreadtoken
                0x03008ec8      0x138 shell/lib.a(ash.o)
 .text.parseheredoc
                0x03009000       0xc8 shell/lib.a(ash.o)
 .text.readtoken
                0x030090c8       0xd4 shell/lib.a(ash.o)
 .text.parsefname
                0x0300919c      0x150 shell/lib.a(ash.o)
 .text.parsecmd
                0x030092ec       0x6c shell/lib.a(ash.o)
 .text.calcsize
                0x03009358      0x1b8 shell/lib.a(ash.o)
 .text.freejob  0x03009510       0xb0 shell/lib.a(ash.o)
 .text.makejob  0x030095c0      0x1a0 shell/lib.a(ash.o)
 .text.waitforjob
                0x03009760       0x60 shell/lib.a(ash.o)
 .text.forkchild
                0x030097c0      0x220 shell/lib.a(ash.o)
 .text.forkshell
                0x030099e0       0xfc shell/lib.a(ash.o)
 .text.mklocal  0x03009adc      0x1d0 shell/lib.a(ash.o)
 .text.localcmd
                0x03009cac       0x54 shell/lib.a(ash.o)
 .text.ash_msg_and_raise.constprop.0
                0x03009d00       0x50 shell/lib.a(ash.o)
 .text.shellexec
                0x03009d50      0x178 shell/lib.a(ash.o)
 .text.execcmd  0x03009ec8       0xc4 shell/lib.a(ash.o)
 .text.out1str  0x03009f8c       0x48 shell/lib.a(ash.o)
 .text.unwindlocalvars
                0x03009fd4      0x160 shell/lib.a(ash.o)
 .text.lookupvar
                0x0300a134       0xd4 shell/lib.a(ash.o)
 .text.init     0x0300a208      0x22c shell/lib.a(ash.o)
 .text.readcmd  0x0300a434      0x20c shell/lib.a(ash.o)
 .text.cdcmd    0x0300a640      0x48c shell/lib.a(ash.o)
 .text.varvalue
                0x0300aacc      0x3a4 shell/lib.a(ash.o)
 .text.evalvar  0x0300ae70      0x288 shell/lib.a(ash.o)
 .text.argstr   0x0300b0f8      0x610 shell/lib.a(ash.o)
 .text.subevalvar
                0x0300b708      0x36c shell/lib.a(ash.o)
 .text.expandarg
                0x0300ba74      0x554 shell/lib.a(ash.o)
 .text.redirect
                0x0300bfc8      0x6b0 shell/lib.a(ash.o)
 .text.redirectsafe.constprop.0
                0x0300c678      0x12c shell/lib.a(ash.o)
 .text.expredir
                0x0300c7a4      0x160 shell/lib.a(ash.o)
 .text.evaltree
                0x0300c904      0x4a4 shell/lib.a(ash.o)
 .text.evalloop
                0x0300cda8       0xb0 shell/lib.a(ash.o)
 .text.evalfun  0x0300ce58      0x274 shell/lib.a(ash.o)
 .text.evalstring
                0x0300d0cc      0x1c8 shell/lib.a(ash.o)
 .text.dotrap   0x0300d294      0x108 shell/lib.a(ash.o)
 .text.exitshell
                0x0300d39c       0xe8 shell/lib.a(ash.o)
 .text.evalbltin
                0x0300d484      0x230 shell/lib.a(ash.o)
 .text.cmdloop  0x0300d6b4      0x178 shell/lib.a(ash.o)
 .text.find_command
                0x0300d82c      0x4ac shell/lib.a(ash.o)
 .text.hashcmd  0x0300dcd8      0x238 shell/lib.a(ash.o)
 .text.typecmd  0x0300df10      0x24c shell/lib.a(ash.o)
 .text.dotcmd   0x0300e15c      0x1fc shell/lib.a(ash.o)
 .text.evalpipe
                0x0300e358      0x220 shell/lib.a(ash.o)
 .text.evalsubshell
                0x0300e578       0xec shell/lib.a(ash.o)
 .text.evalcase
                0x0300e664      0x1e4 shell/lib.a(ash.o)
 .text.evalfor  0x0300e848      0x150 shell/lib.a(ash.o)
 .text.expandstr.constprop.0
                0x0300e998      0x1d4 shell/lib.a(ash.o)
 .text.read_profile
                0x0300eb6c       0x28 shell/lib.a(ash.o)
 .text.evalcommand
                0x0300eb94      0x6e4 shell/lib.a(ash.o)
 .text.ash_main
                0x0300f278      0x57c shell/lib.a(ash.o)
                0x0300f278                ash_main
 .text.printlim
                0x0300f7f4       0x5c shell/lib.a(shell_common.o)
 .text.shell_builtin_read
                0x0300f850      0x66c shell/lib.a(shell_common.o)
                0x0300f850                shell_builtin_read
 .text.shell_builtin_ulimit
                0x0300febc      0x3e0 shell/lib.a(shell_common.o)
                0x0300febc                shell_builtin_ulimit
 .text.fatattr_main
                0x0301029c      0x19c util-linux/lib.a(fatattr.o)
                0x0301029c                fatattr_main
 .text.cat_main
                0x03010438       0x64 coreutils/lib.a(cat.o)
                0x03010438                cat_main
 .text.echo_main
                0x0301049c       0xe0 coreutils/lib.a(echo.o)
                0x0301049c                echo_main
 .text.dnalloc  0x0301057c       0x14 coreutils/lib.a(ls.o)
 .text.my_stat  0x03010590      0x19c coreutils/lib.a(ls.o)
 .text.print_name
                0x0301072c       0xe4 coreutils/lib.a(ls.o)
 .text.display_single
                0x03010810      0x1f4 coreutils/lib.a(ls.o)
 .text.display_files
                0x03010a04      0x240 coreutils/lib.a(ls.o)
 .text.ls_main  0x03010c44      0x428 coreutils/lib.a(ls.o)
                0x03010c44                ls_main
 .text.next_column
                0x0301106c       0x50 editors/lib.a(vi.o)
 .text.dot_left
                0x030110bc       0x30 editors/lib.a(vi.o)
 .text.dot_right
                0x030110ec       0x30 editors/lib.a(vi.o)
 .text.dot_skip_over_ws
                0x0301111c       0x58 editors/lib.a(vi.o)
 .text.at_eof   0x03011174       0x48 editors/lib.a(vi.o)
 .text.screen_erase
                0x030111bc       0x20 editors/lib.a(vi.o)
 .text.text_hole_delete
                0x030111dc       0xb4 editors/lib.a(vi.o)
 .text.text_hole_make
                0x03011290       0xbc editors/lib.a(vi.o)
 .text.status_line_bold
                0x0301134c       0xe8 editors/lib.a(vi.o)
 .text.not_implemented
                0x03011434       0xf4 editors/lib.a(vi.o)
 .text.begin_line
                0x03011528       0x3c editors/lib.a(vi.o)
 .text.get_column
                0x03011564       0x2c editors/lib.a(vi.o)
 .text.prev_line
                0x03011590       0x38 editors/lib.a(vi.o)
 .text.dot_prev
                0x030115c8       0x20 editors/lib.a(vi.o)
 .text.move_to_col
                0x030115e8       0x58 editors/lib.a(vi.o)
 .text.dot_begin
                0x03011640       0x20 editors/lib.a(vi.o)
 .text.skip_thing
                0x03011660      0x12c editors/lib.a(vi.o)
 .text.file_write
                0x0301178c       0x88 editors/lib.a(vi.o)
 .text.end_line
                0x03011814       0x4c editors/lib.a(vi.o)
 .text.count_lines
                0x03011860       0x70 editors/lib.a(vi.o)
 .text.next_line
                0x030118d0       0x38 editors/lib.a(vi.o)
 .text.find_line
                0x03011908       0x30 editors/lib.a(vi.o)
 .text.dot_next
                0x03011938       0x20 editors/lib.a(vi.o)
 .text.end_screen
                0x03011958       0x40 editors/lib.a(vi.o)
 .text.dot_scroll
                0x03011998       0x70 editors/lib.a(vi.o)
 .text.dot_end  0x03011a08       0x20 editors/lib.a(vi.o)
 .text.indicate_error
                0x03011a28       0x28 editors/lib.a(vi.o)
 .text.place_cursor
                0x03011a50       0xd0 editors/lib.a(vi.o)
 .text.refresh  0x03011b20      0x47c editors/lib.a(vi.o)
 .text.go_bottom_and_clear_to_eol
                0x03011f9c       0x38 editors/lib.a(vi.o)
 .text.readit   0x03011fd4       0x6c editors/lib.a(vi.o)
 .text.redraw   0x03012040       0x44 editors/lib.a(vi.o)
 .text.show_status_line
                0x03012084      0x208 editors/lib.a(vi.o)
 .text.yank_delete.constprop.0
                0x0301228c       0x28 editors/lib.a(vi.o)
 .text.status_line.constprop.0
                0x030122b4       0x9c editors/lib.a(vi.o)
 .text.char_insert
                0x03012350      0x1b0 editors/lib.a(vi.o)
 .text.do_cmd   0x03012500     0x139c editors/lib.a(vi.o)
 .text.find_range
                0x0301389c      0x340 editors/lib.a(vi.o)
 .text.vi_main  0x03013bdc      0x3a4 editors/lib.a(vi.o)
                0x03013bdc                vi_main
 .text.bb_cat   0x03013f80       0x6c libbb/lib.a(bb_cat.o)
                0x03013f80                bb_cat
 .text.handle_errors.isra.0
                0x03013fec       0x64 libbb/lib.a(bb_strtonum.o)
 .text.bb_strtoull
                0x03014050       0xc4 libbb/lib.a(bb_strtonum.o)
                0x03014050                bb_strtoull
 .text.bb_strtoul
                0x03014114       0xc0 libbb/lib.a(bb_strtonum.o)
                0x03014114                bb_strtoul
 .text.concat_path_file
                0x030141d4       0x74 libbb/lib.a(concat_path_file.o)
                0x030141d4                concat_path_file
 .text.bb_full_fd_action
                0x03014248      0x188 libbb/lib.a(copyfd.o)
 .text.bb_copyfd_eof
                0x030143d0        0xc libbb/lib.a(copyfd.o)
                0x030143d0                bb_copyfd_eof
 .text.endofname
                0x030143dc       0x44 libbb/lib.a(endofname.o)
                0x030143dc                endofname
 .text.vgetopt32
                0x03014420      0x534 libbb/lib.a(getopt32.o)
 .text.getopt32
                0x03014954       0x78 libbb/lib.a(getopt32.o)
                0x03014954                getopt32
 .text.llist_add_to_end
                0x030149cc       0x34 libbb/lib.a(llist.o)
                0x030149cc                llist_add_to_end
 .text.bb_mode_string
                0x03014a00       0xc4 libbb/lib.a(mode_string.o)
                0x03014a00                bb_mode_string
 .text.bb_parse_mode
                0x03014ac4      0x2c4 libbb/lib.a(parse_mode.o)
                0x03014ac4                bb_parse_mode
 .text.bb_perror_msg
                0x03014d88       0xa4 libbb/lib.a(perror_msg.o)
                0x03014d88                bb_perror_msg
 .text.bb_perror_msg_and_die
                0x03014e2c       0x6c libbb/lib.a(perror_msg.o)
                0x03014e2c                bb_perror_msg_and_die
 .text.bb_simple_perror_msg
                0x03014e98       0x14 libbb/lib.a(perror_msg.o)
                0x03014e98                bb_simple_perror_msg
 .text.bb_simple_perror_msg_and_die
                0x03014eac       0x18 libbb/lib.a(perror_msg.o)
                0x03014eac                bb_simple_perror_msg_and_die
 .text.printable_string2
                0x03014ec4       0x8c libbb/lib.a(printable_string.o)
                0x03014ec4                printable_string2
 .text.safe_read
                0x03014f50       0x50 libbb/lib.a(read.o)
                0x03014f50                safe_read
 .text.full_read
                0x03014fa0       0x58 libbb/lib.a(read.o)
                0x03014fa0                full_read
 .text.read_key
                0x03014ff8      0x280 libbb/lib.a(read_key.o)
                0x03014ff8                read_key
 .text.safe_read_key
                0x03015278       0x40 libbb/lib.a(read_key.o)
                0x03015278                safe_read_key
 .text.nonblock_immune_read
                0x030152b8       0xc4 libbb/lib.a(read_printf.o)
                0x030152b8                nonblock_immune_read
 .text.safe_poll
                0x0301537c       0x74 libbb/lib.a(safe_poll.o)
                0x0301537c                safe_poll
 .text.safe_strncpy
                0x030153f0       0x18 libbb/lib.a(safe_strncpy.o)
                0x030153f0                safe_strncpy
 .text.overlapping_strcpy
                0x03015408       0x24 libbb/lib.a(safe_strncpy.o)
                0x03015408                overlapping_strcpy
 .text.sigaction_set
                0x0301542c        0x8 libbb/lib.a(signals.o)
                0x0301542c                sigaction_set
 .text.sigprocmask_allsigs
                0x03015434       0x80 libbb/lib.a(signals.o)
                0x03015434                sigprocmask_allsigs
 .text.sigprocmask2
                0x030154b4        0x8 libbb/lib.a(signals.o)
                0x030154b4                sigprocmask2
 .text.bb_clk_tck
                0x030154bc        0x8 libbb/lib.a(sysconf.o)
                0x030154bc                bb_clk_tck
 .text.monotonic_ms
                0x030154c4       0x94 libbb/lib.a(time.o)
                0x030154c4                monotonic_ms
 .text.get_signum
                0x03015558       0x80 libbb/lib.a(u_signal_names.o)
                0x03015558                get_signum
 .text.get_signame
                0x030155d8       0x34 libbb/lib.a(u_signal_names.o)
                0x030155d8                get_signame
 .text.bb_verror_msg
                0x0301560c      0x268 libbb/lib.a(verror_msg.o)
                0x0301560c                bb_verror_msg
 .text.bb_error_msg_and_die
                0x03015874       0x44 libbb/lib.a(verror_msg.o)
                0x03015874                bb_error_msg_and_die
 .text.bb_error_msg
                0x030158b8       0x7c libbb/lib.a(verror_msg.o)
                0x030158b8                bb_error_msg
 .text.bb_simple_error_msg
                0x03015934       0x14 libbb/lib.a(verror_msg.o)
                0x03015934                bb_simple_error_msg
 .text.bb_simple_error_msg_and_die
                0x03015948       0x18 libbb/lib.a(verror_msg.o)
                0x03015948                bb_simple_error_msg_and_die
 .text.open_or_warn_stdin
                0x03015960       0x3c libbb/lib.a(wfopen_input.o)
                0x03015960                open_or_warn_stdin
 .text.xstrtoul_range_sfx
                0x0301599c      0x178 libbb/lib.a(xatonum.o)
                0x0301599c                xstrtoul_range_sfx
 .text.xatoul_range
                0x03015b14       0x24 libbb/lib.a(xatonum.o)
                0x03015b14                xatoul_range
 .text.xatoi_positive
                0x03015b38        0xc libbb/lib.a(xatonum.o)
                0x03015b38                xatoi_positive
 .text.bb_die_memory_exhausted
                0x03015b44       0x14 libbb/lib.a(xfuncs_printf.o)
                0x03015b44                bb_die_memory_exhausted
 .text.xmalloc  0x03015b58       0x28 libbb/lib.a(xfuncs_printf.o)
                0x03015b58                xmalloc
 .text.xrealloc
                0x03015b80       0x28 libbb/lib.a(xfuncs_printf.o)
                0x03015b80                xrealloc
 .text.xzalloc  0x03015ba8       0x24 libbb/lib.a(xfuncs_printf.o)
                0x03015ba8                xzalloc
 .text.xstrdup  0x03015bcc       0x2c libbb/lib.a(xfuncs_printf.o)
                0x03015bcc                xstrdup
 .text.xmemdup  0x03015bf8       0x4c libbb/lib.a(xfuncs_printf.o)
                0x03015bf8                xmemdup
 .text.xopen3   0x03015c44       0x28 libbb/lib.a(xfuncs_printf.o)
                0x03015c44                xopen3
 .text.xopen    0x03015c6c        0xc libbb/lib.a(xfuncs_printf.o)
                0x03015c6c                xopen
 .text.open3_or_warn
                0x03015c78       0x30 libbb/lib.a(xfuncs_printf.o)
                0x03015c78                open3_or_warn
 .text.open_or_warn
                0x03015ca8        0xc libbb/lib.a(xfuncs_printf.o)
                0x03015ca8                open_or_warn
 .text.xwrite   0x03015cb4       0x40 libbb/lib.a(xfuncs_printf.o)
                0x03015cb4                xwrite
 .text.fflush_all
                0x03015cf4        0x8 libbb/lib.a(xfuncs_printf.o)
                0x03015cf4                fflush_all
 .text.bb_putchar
                0x03015cfc        0x4 libbb/lib.a(xfuncs_printf.o)
                0x03015cfc                bb_putchar
 .text.fputs_stdout
                0x03015d00       0x20 libbb/lib.a(xfuncs_printf.o)
                0x03015d00                fputs_stdout
 .text.xasprintf
                0x03015d20       0x8c libbb/lib.a(xfuncs_printf.o)
                0x03015d20                xasprintf
 .text.warn_opendir
                0x03015dac       0x30 libbb/lib.a(xfuncs_printf.o)
                0x03015dac                warn_opendir
 .text.bb_xioctl
                0x03015ddc       0x28 libbb/lib.a(xfuncs_printf.o)
                0x03015ddc                bb_xioctl
 .text.xgettimeofday
                0x03015e04        0x8 libbb/lib.a(xfuncs_printf.o)
                0x03015e04                xgettimeofday
 .text.xmalloc_readlink
                0x03015e0c       0x64 libbb/lib.a(xreadlink.o)
                0x03015e0c                xmalloc_readlink
 .text.xmalloc_readlink_or_warn
                0x03015e70       0x64 libbb/lib.a(xreadlink.o)
                0x03015e70                xmalloc_readlink_or_warn
 .text.auto_string
                0x03015ed4       0x44 libbb/lib.a(auto_string.o)
                0x03015ed4                auto_string
 .text          0x03015f18      0x20c /usr/lib/gcc/armv6-alpine-linux-musleabihf/12.2.1/libgcc.a(_udivsi3.o)
                0x03015f18                __udivsi3
                0x03015f18                __aeabi_uidiv
                0x03016104                __aeabi_uidivmod
 .text          0x03016124      0x240 /usr/lib/gcc/armv6-alpine-linux-musleabihf/12.2.1/libgcc.a(_divsi3.o)
                0x03016124                __aeabi_idiv
                0x03016124                __divsi3
                0x03016344                __aeabi_idivmod
 .text          0x03016364       0xd4 /usr/lib/gcc/armv6-alpine-linux-musleabihf/12.2.1/libgcc.a(_aeabi_ldivmod.o)
                0x03016364                __aeabi_ldivmod
 .text          0x03016438       0x10 /usr/lib/gcc/armv6-alpine-linux-musleabihf/12.2.1/libgcc.a(_dvmd_lnx.o)
                0x03016438                __aeabi_ldiv0
                0x03016438                __aeabi_idiv0
 .text          0x03016448      0x120 /usr/lib/gcc/armv6-alpine-linux-musleabihf/12.2.1/libgcc.a(_udivmoddi4.o)
                0x03016448                __udivmoddi4
 .text.sysconf  0x03016568      0x200 /usr/lib/gcc/armv6-alpine-linux-musleabihf/12.2.1/../../../libc.a(sysconf.lo)
                0x03016568                sysconf
 .text.closedir
                0x03016768       0x24 /usr/lib/gcc/armv6-alpine-linux-musleabihf/12.2.1/../../../libc.a(closedir.lo)
                0x03016768                closedir
 .text.opendir  0x0301678c       0x48 /usr/lib/gcc/armv6-alpine-linux-musleabihf/12.2.1/../../../libc.a(opendir.lo)
                0x0301678c                opendir
 .text.readdir  0x030167d4       0x84 /usr/lib/gcc/armv6-alpine-linux-musleabihf/12.2.1/../../../libc.a(readdir.lo)
                0x030167d4                readdir
                0x030167d4                readdir64
 .text.__init_libc
                0x03016858      0x200 /usr/lib/gcc/armv6-alpine-linux-musleabihf/12.2.1/../../../libc.a(__libc_start_main.lo)
                0x03016858                __init_libc
 .text.libc_start_init
                0x03016a58       0x40 /usr/lib/gcc/armv6-alpine-linux-musleabihf/12.2.1/../../../libc.a(__libc_start_main.lo)
                0x03016a58                __libc_start_init
 .text.libc_start_main_stage2
                0x03016a98       0x30 /usr/lib/gcc/armv6-alpine-linux-musleabihf/12.2.1/../../../libc.a(__libc_start_main.lo)
 .text.__libc_start_main
                0x03016ac8       0x40 /usr/lib/gcc/armv6-alpine-linux-musleabihf/12.2.1/../../../libc.a(__libc_start_main.lo)
                0x03016ac8                __libc_start_main
 .text.__init_ssp
                0x03016b08       0x54 /usr/lib/gcc/armv6-alpine-linux-musleabihf/12.2.1/../../../libc.a(__stack_chk_fail.lo)
                0x03016b08                __init_ssp
 .text.__stack_chk_fail
                0x03016b5c        0x8 /usr/lib/gcc/armv6-alpine-linux-musleabihf/12.2.1/../../../libc.a(__stack_chk_fail.lo)
                0x03016b5c                __stack_chk_fail_local
                0x03016b5c                __stack_chk_fail
 .text.getenv   0x03016b64       0x90 /usr/lib/gcc/armv6-alpine-linux-musleabihf/12.2.1/../../../libc.a(getenv.lo)
                0x03016b64                getenv
 .text.__errno_location
                0x03016bf4        0xc /usr/lib/gcc/armv6-alpine-linux-musleabihf/12.2.1/../../../libc.a(__errno_location.lo)
                0x03016bf4                ___errno_location
                0x03016bf4                __errno_location
 .text.__strerror_l
                0x03016c00       0x34 /usr/lib/gcc/armv6-alpine-linux-musleabihf/12.2.1/../../../libc.a(strerror.lo)
                0x03016c00                strerror_l
                0x03016c00                __strerror_l
 .text.strerror
                0x03016c34        0xc /usr/lib/gcc/armv6-alpine-linux-musleabihf/12.2.1/../../../libc.a(strerror.lo)
                0x03016c34                strerror
 .text.dummy    0x03016c40        0x4 /usr/lib/gcc/armv6-alpine-linux-musleabihf/12.2.1/../../../libc.a(exit.lo)
                0x03016c40                __funcs_on_exit
 .text.libc_exit_fini
                0x03016c44       0x44 /usr/lib/gcc/armv6-alpine-linux-musleabihf/12.2.1/../../../libc.a(exit.lo)
                0x03016c44                __libc_exit_fini
 .text.fcntl    0x03016c88      0x170 /usr/lib/gcc/armv6-alpine-linux-musleabihf/12.2.1/../../../libc.a(fcntl.lo)
                0x03016c88                fcntl
 .text.open     0x03016df8       0x8c /usr/lib/gcc/armv6-alpine-linux-musleabihf/12.2.1/../../../libc.a(open.lo)
                0x03016df8                open64
                0x03016df8                open
 .text.__syscall_ret
                0x03016e84       0x24 /usr/lib/gcc/armv6-alpine-linux-musleabihf/12.2.1/../../../libc.a(syscall_ret.lo)
                0x03016e84                __syscall_ret
 .text.__lsysinfo
                0x03016ea8       0x14 /usr/lib/gcc/armv6-alpine-linux-musleabihf/12.2.1/../../../libc.a(sysinfo.lo)
                0x03016ea8                __lsysinfo
                0x03016ea8                sysinfo
 .text.dummy    0x03016ebc        0x4 /usr/lib/gcc/armv6-alpine-linux-musleabihf/12.2.1/../../../libc.a(__lctrans.lo)
                0x03016ebc                __lctrans_impl
 .text.__lctrans
                0x03016ec0        0x4 /usr/lib/gcc/armv6-alpine-linux-musleabihf/12.2.1/../../../libc.a(__lctrans.lo)
                0x03016ec0                __lctrans
 .text.__lctrans_cur
                0x03016ec4       0x10 /usr/lib/gcc/armv6-alpine-linux-musleabihf/12.2.1/../../../libc.a(__lctrans.lo)
                0x03016ec4                __lctrans_cur
 .text.calloc   0x03016ed4       0xe0 /usr/lib/gcc/armv6-alpine-linux-musleabihf/12.2.1/../../../libc.a(calloc.lo)
                0x03016ed4                calloc
 .text.free     0x03016fb4        0x4 /usr/lib/gcc/armv6-alpine-linux-musleabihf/12.2.1/../../../libc.a(free.lo)
                0x03016fb4                free
 .text.default_malloc
                0x03016fb8        0x4 /usr/lib/gcc/armv6-alpine-linux-musleabihf/12.2.1/../../../libc.a(lite_malloc.lo)
                0x03016fb8                malloc
 .text.a_barrier
                0x03016fbc       0x18 /usr/lib/gcc/armv6-alpine-linux-musleabihf/12.2.1/../../../libc.a(free.lo)
 .text.queue    0x03016fd4       0x58 /usr/lib/gcc/armv6-alpine-linux-musleabihf/12.2.1/../../../libc.a(free.lo)
 .text.get_meta
                0x0301702c      0x170 /usr/lib/gcc/armv6-alpine-linux-musleabihf/12.2.1/../../../libc.a(free.lo)
 .text.get_stride
                0x0301719c       0x4c /usr/lib/gcc/armv6-alpine-linux-musleabihf/12.2.1/../../../libc.a(free.lo)
 .text.nontrivial_free
                0x030171e8      0x378 /usr/lib/gcc/armv6-alpine-linux-musleabihf/12.2.1/../../../libc.a(free.lo)
 .text.__libc_free
                0x03017560      0x1c4 /usr/lib/gcc/armv6-alpine-linux-musleabihf/12.2.1/../../../libc.a(free.lo)
                0x03017560                __libc_free
 .text.queue    0x03017724       0x58 /usr/lib/gcc/armv6-alpine-linux-musleabihf/12.2.1/../../../libc.a(malloc.lo)
 .text.get_stride
                0x0301777c       0x4c /usr/lib/gcc/armv6-alpine-linux-musleabihf/12.2.1/../../../libc.a(malloc.lo)
 .text.enframe  0x030177c8      0x108 /usr/lib/gcc/armv6-alpine-linux-musleabihf/12.2.1/../../../libc.a(malloc.lo)
 .text.size_to_class
                0x030178d0       0x5c /usr/lib/gcc/armv6-alpine-linux-musleabihf/12.2.1/../../../libc.a(malloc.lo)
 .text.step_seq
                0x0301792c       0x58 /usr/lib/gcc/armv6-alpine-linux-musleabihf/12.2.1/../../../libc.a(malloc.lo)
 .text.__malloc_atfork
                0x03017984       0x5c /usr/lib/gcc/armv6-alpine-linux-musleabihf/12.2.1/../../../libc.a(malloc.lo)
                0x03017984                __malloc_atfork
 .text.__malloc_alloc_meta
                0x030179e0      0x330 /usr/lib/gcc/armv6-alpine-linux-musleabihf/12.2.1/../../../libc.a(malloc.lo)
                0x030179e0                __malloc_alloc_meta
 .text.alloc_slot
                0x03017d10      0x734 /usr/lib/gcc/armv6-alpine-linux-musleabihf/12.2.1/../../../libc.a(malloc.lo)
 .text.__libc_malloc_impl
                0x03018444      0x2b0 /usr/lib/gcc/armv6-alpine-linux-musleabihf/12.2.1/../../../libc.a(malloc.lo)
                0x03018444                __libc_malloc_impl
 .text.__malloc_allzerop
                0x030186f4      0x1b0 /usr/lib/gcc/armv6-alpine-linux-musleabihf/12.2.1/../../../libc.a(malloc.lo)
                0x030186f4                __malloc_allzerop
 .text.realloc  0x030188a4        0x4 /usr/lib/gcc/armv6-alpine-linux-musleabihf/12.2.1/../../../libc.a(realloc.lo)
                0x030188a4                realloc
 .text.__getauxval
                0x030188a8       0x64 /usr/lib/gcc/armv6-alpine-linux-musleabihf/12.2.1/../../../libc.a(getauxval.lo)
                0x030188a8                getauxval
                0x030188a8                __getauxval
 .text.__getopt_msg
                0x0301890c       0xe4 /usr/lib/gcc/armv6-alpine-linux-musleabihf/12.2.1/../../../libc.a(getopt.lo)
                0x0301890c                __getopt_msg
 .text.getopt   0x030189f0      0x2f8 /usr/lib/gcc/armv6-alpine-linux-musleabihf/12.2.1/../../../libc.a(getopt.lo)
                0x030189f0                __posix_getopt
                0x030189f0                getopt
 .text.getrlimit
                0x03018ce8       0xe8 /usr/lib/gcc/armv6-alpine-linux-musleabihf/12.2.1/../../../libc.a(getrlimit.lo)
                0x03018ce8                getrlimit
                0x03018ce8                getrlimit64
 .text.convert_ioctl_struct
                0x03018dd0      0x188 /usr/lib/gcc/armv6-alpine-linux-musleabihf/12.2.1/../../../libc.a(ioctl.lo)
 .text.ioctl    0x03018f58       0xe4 /usr/lib/gcc/armv6-alpine-linux-musleabihf/12.2.1/../../../libc.a(ioctl.lo)
                0x03018f58                ioctl
 .text.do_setrlimit
                0x0301903c       0x2c /usr/lib/gcc/armv6-alpine-linux-musleabihf/12.2.1/../../../libc.a(setrlimit.lo)
 .text.setrlimit
                0x03019068       0xac /usr/lib/gcc/armv6-alpine-linux-musleabihf/12.2.1/../../../libc.a(setrlimit.lo)
                0x03019068                setrlimit64
                0x03019068                setrlimit
 .text.dummy    0x03019114        0x4 /usr/lib/gcc/armv6-alpine-linux-musleabihf/12.2.1/../../../libc.a(mmap.lo)
                0x03019114                __vm_wait
 .text.__mmap   0x03019118       0xb0 /usr/lib/gcc/armv6-alpine-linux-musleabihf/12.2.1/../../../libc.a(mmap.lo)
                0x03019118                __mmap
                0x03019118                mmap
                0x03019118                mmap64
 .text.__mprotect
                0x030191c8       0x44 /usr/lib/gcc/armv6-alpine-linux-musleabihf/12.2.1/../../../libc.a(mprotect.lo)
                0x030191c8                __mprotect
                0x030191c8                mprotect
 .text.__munmap
                0x0301920c       0x28 /usr/lib/gcc/armv6-alpine-linux-musleabihf/12.2.1/../../../libc.a(munmap.lo)
                0x0301920c                munmap
                0x0301920c                __munmap
 .text.mbtowc   0x03019234      0x12c /usr/lib/gcc/armv6-alpine-linux-musleabihf/12.2.1/../../../libc.a(mbtowc.lo)
                0x03019234                mbtowc
 .text.socket   0x03019360       0xa0 /usr/lib/gcc/armv6-alpine-linux-musleabihf/12.2.1/../../../libc.a(socket.lo)
                0x03019360                socket
 .text.getpwnam
                0x03019400       0x48 /usr/lib/gcc/armv6-alpine-linux-musleabihf/12.2.1/../../../libc.a(getpwent.lo)
                0x03019400                getpwnam
 .text.__getpwent_a
                0x03019448      0x1a0 /usr/lib/gcc/armv6-alpine-linux-musleabihf/12.2.1/../../../libc.a(getpwent_a.lo)
                0x03019448                __getpwent_a
 .text.execve   0x030195e8       0x14 /usr/lib/gcc/armv6-alpine-linux-musleabihf/12.2.1/../../../libc.a(execve.lo)
                0x030195e8                execve
 .text.dummy    0x030195fc        0x4 /usr/lib/gcc/armv6-alpine-linux-musleabihf/12.2.1/../../../libc.a(fork.lo)
                0x030195fc                __pthread_key_atfork
                0x030195fc                __aio_atfork
                0x030195fc                __ldso_atfork
                0x030195fc                __fork_handler
 .text.dummy_0  0x03019600        0x4 /usr/lib/gcc/armv6-alpine-linux-musleabihf/12.2.1/../../../libc.a(fork.lo)
                0x03019600                __tl_lock
                0x03019600                __tl_unlock
 .text.fork     0x03019604      0x1a0 /usr/lib/gcc/armv6-alpine-linux-musleabihf/12.2.1/../../../libc.a(fork.lo)
                0x03019604                fork
 .text.waitpid  0x030197a4       0x34 /usr/lib/gcc/armv6-alpine-linux-musleabihf/12.2.1/../../../libc.a(waitpid.lo)
                0x030197a4                waitpid
 .text.casefold
                0x030197d8       0x1c /usr/lib/gcc/armv6-alpine-linux-musleabihf/12.2.1/../../../libc.a(fnmatch.lo)
 .text.match_bracket
                0x030197f4      0x200 /usr/lib/gcc/armv6-alpine-linux-musleabihf/12.2.1/../../../libc.a(fnmatch.lo)
 .text.pat_next
                0x030199f4      0x1f8 /usr/lib/gcc/armv6-alpine-linux-musleabihf/12.2.1/../../../libc.a(fnmatch.lo)
 .text.str_next
                0x03019bec       0x5c /usr/lib/gcc/armv6-alpine-linux-musleabihf/12.2.1/../../../libc.a(fnmatch.lo)
 .text.fnmatch_internal
                0x03019c48      0x40c /usr/lib/gcc/armv6-alpine-linux-musleabihf/12.2.1/../../../libc.a(fnmatch.lo)
 .text.fnmatch  0x0301a054      0x144 /usr/lib/gcc/armv6-alpine-linux-musleabihf/12.2.1/../../../libc.a(fnmatch.lo)
                0x0301a054                fnmatch
 .text.ignore_err
                0x0301a198        0x8 /usr/lib/gcc/armv6-alpine-linux-musleabihf/12.2.1/../../../libc.a(glob.lo)
 .text.freelist
                0x0301a1a0       0x28 /usr/lib/gcc/armv6-alpine-linux-musleabihf/12.2.1/../../../libc.a(glob.lo)
 .text.sort     0x0301a1c8        0xc /usr/lib/gcc/armv6-alpine-linux-musleabihf/12.2.1/../../../libc.a(glob.lo)
 .text.append   0x0301a1d4       0x94 /usr/lib/gcc/armv6-alpine-linux-musleabihf/12.2.1/../../../libc.a(glob.lo)
 .text.do_glob  0x0301a268      0x54c /usr/lib/gcc/armv6-alpine-linux-musleabihf/12.2.1/../../../libc.a(glob.lo)
 .text.glob     0x0301a7b4      0x384 /usr/lib/gcc/armv6-alpine-linux-musleabihf/12.2.1/../../../libc.a(glob.lo)
                0x0301a7b4                glob
                0x0301a7b4                glob64
 .text.globfree
                0x0301ab38       0x4c /usr/lib/gcc/armv6-alpine-linux-musleabihf/12.2.1/../../../libc.a(glob.lo)
                0x0301ab38                globfree
                0x0301ab38                globfree64
 .text.poll     0x0301ab84       0x34 /usr/lib/gcc/armv6-alpine-linux-musleabihf/12.2.1/../../../libc.a(poll.lo)
                0x0301ab84                poll
 .text          0x0301abb8       0x6c /usr/lib/gcc/armv6-alpine-linux-musleabihf/12.2.1/../../../libc.a(longjmp.lo)
                0x0301abb8                longjmp
                0x0301abb8                _longjmp
 .text          0x0301ac24       0x68 /usr/lib/gcc/armv6-alpine-linux-musleabihf/12.2.1/../../../libc.a(setjmp.lo)
                0x0301ac24                setjmp
                0x0301ac24                __setjmp
                0x0301ac24                _setjmp
 .text.__block_all_sigs
                0x0301ac8c       0x28 /usr/lib/gcc/armv6-alpine-linux-musleabihf/12.2.1/../../../libc.a(block.lo)
                0x0301ac8c                __block_all_sigs
 .text.__block_app_sigs
                0x0301acb4       0x28 /usr/lib/gcc/armv6-alpine-linux-musleabihf/12.2.1/../../../libc.a(block.lo)
                0x0301acb4                __block_app_sigs
 .text.__restore_sigs
                0x0301acdc       0x20 /usr/lib/gcc/armv6-alpine-linux-musleabihf/12.2.1/../../../libc.a(block.lo)
                0x0301acdc                __restore_sigs
 .text.raise    0x0301acfc       0x48 /usr/lib/gcc/armv6-alpine-linux-musleabihf/12.2.1/../../../libc.a(raise.lo)
                0x0301acfc                raise
 .text.a_barrier
                0x0301ad44       0x18 /usr/lib/gcc/armv6-alpine-linux-musleabihf/12.2.1/../../../libc.a(sigaction.lo)
 .text.__libc_sigaction
                0x0301ad5c      0x1a0 /usr/lib/gcc/armv6-alpine-linux-musleabihf/12.2.1/../../../libc.a(sigaction.lo)
                0x0301ad5c                __libc_sigaction
 .text.__sigaction
                0x0301aefc       0xac /usr/lib/gcc/armv6-alpine-linux-musleabihf/12.2.1/../../../libc.a(sigaction.lo)
                0x0301aefc                sigaction
                0x0301aefc                __sigaction
 .text.sigfillset
                0x0301afa8       0x14 /usr/lib/gcc/armv6-alpine-linux-musleabihf/12.2.1/../../../libc.a(sigfillset.lo)
                0x0301afa8                sigfillset
 .text.signal   0x0301afbc       0x50 /usr/lib/gcc/armv6-alpine-linux-musleabihf/12.2.1/../../../libc.a(signal.lo)
                0x0301afbc                __sysv_signal
                0x0301afbc                bsd_signal
                0x0301afbc                signal
 .text.sigprocmask
                0x0301b00c       0x24 /usr/lib/gcc/armv6-alpine-linux-musleabihf/12.2.1/../../../libc.a(sigprocmask.lo)
                0x0301b00c                sigprocmask
 .text.sigsuspend
                0x0301b030       0x30 /usr/lib/gcc/armv6-alpine-linux-musleabihf/12.2.1/../../../libc.a(sigsuspend.lo)
                0x0301b030                sigsuspend
 .text.__fstat  0x0301b060       0x28 /usr/lib/gcc/armv6-alpine-linux-musleabihf/12.2.1/../../../libc.a(fstat.lo)
                0x0301b060                __fstat_time64
                0x0301b060                __fstat
 .text.__fstatat
                0x0301b088      0x3e0 /usr/lib/gcc/armv6-alpine-linux-musleabihf/12.2.1/../../../libc.a(fstatat.lo)
                0x0301b088                __fstatat
                0x0301b088                __fstatat_time64
 .text.__lstat_time64
                0x0301b468       0x14 /usr/lib/gcc/armv6-alpine-linux-musleabihf/12.2.1/../../../libc.a(lstat.lo)
                0x0301b468                __lstat_time64
 .text.__stat_time64
                0x0301b47c       0x14 /usr/lib/gcc/armv6-alpine-linux-musleabihf/12.2.1/../../../libc.a(stat.lo)
                0x0301b47c                __stat_time64
 .text.umask    0x0301b490       0x14 /usr/lib/gcc/armv6-alpine-linux-musleabihf/12.2.1/../../../libc.a(umask.lo)
                0x0301b490                umask
 .text.__fdopen
                0x0301b4a4      0x1a8 /usr/lib/gcc/armv6-alpine-linux-musleabihf/12.2.1/../../../libc.a(__fdopen.lo)
                0x0301b4a4                fdopen
                0x0301b4a4                __fdopen
 .text.a_barrier
                0x0301b64c       0x18 /usr/lib/gcc/armv6-alpine-linux-musleabihf/12.2.1/../../../libc.a(__lockfile.lo)
 .text.__lockfile
                0x0301b664       0xe0 /usr/lib/gcc/armv6-alpine-linux-musleabihf/12.2.1/../../../libc.a(__lockfile.lo)
                0x0301b664                __lockfile
 .text.__unlockfile
                0x0301b744       0x58 /usr/lib/gcc/armv6-alpine-linux-musleabihf/12.2.1/../../../libc.a(__lockfile.lo)
                0x0301b744                __unlockfile
 .text.dummy    0x0301b79c        0x4 /usr/lib/gcc/armv6-alpine-linux-musleabihf/12.2.1/../../../libc.a(__stdio_close.lo)
                0x0301b79c                __aio_close
 .text.__stdio_close
                0x0301b7a0       0x1c /usr/lib/gcc/armv6-alpine-linux-musleabihf/12.2.1/../../../libc.a(__stdio_close.lo)
                0x0301b7a0                __stdio_close
 .text.__stdio_read
                0x0301b7bc       0xcc /usr/lib/gcc/armv6-alpine-linux-musleabihf/12.2.1/../../../libc.a(__stdio_read.lo)
                0x0301b7bc                __stdio_read
 .text.__stdio_seek
                0x0301b888        0x8 /usr/lib/gcc/armv6-alpine-linux-musleabihf/12.2.1/../../../libc.a(__stdio_seek.lo)
                0x0301b888                __stdio_seek
 .text.__stdio_write
                0x0301b890       0xe8 /usr/lib/gcc/armv6-alpine-linux-musleabihf/12.2.1/../../../libc.a(__stdio_write.lo)
                0x0301b890                __stdio_write
 .text.clearerr
                0x0301b978       0x48 /usr/lib/gcc/armv6-alpine-linux-musleabihf/12.2.1/../../../libc.a(clearerr.lo)
                0x0301b978                clearerr_unlocked
                0x0301b978                clearerr
 .text.dprintf  0x0301b9c0       0x28 /usr/lib/gcc/armv6-alpine-linux-musleabihf/12.2.1/../../../libc.a(dprintf.lo)
                0x0301b9c0                dprintf
 .text.dummy    0x0301b9e8        0x4 /usr/lib/gcc/armv6-alpine-linux-musleabihf/12.2.1/../../../libc.a(fclose.lo)
                0x0301b9e8                __unlist_locked_file
 .text.fclose   0x0301b9ec       0xb0 /usr/lib/gcc/armv6-alpine-linux-musleabihf/12.2.1/../../../libc.a(fclose.lo)
                0x0301b9ec                fclose
 .text.ferror   0x0301ba9c       0x44 /usr/lib/gcc/armv6-alpine-linux-musleabihf/12.2.1/../../../libc.a(ferror.lo)
                0x0301ba9c                ferror
                0x0301ba9c                _IO_ferror_unlocked
                0x0301ba9c                ferror_unlocked
 .text.fflush   0x0301bae0      0x1a8 /usr/lib/gcc/armv6-alpine-linux-musleabihf/12.2.1/../../../libc.a(fflush.lo)
                0x0301bae0                fflush
                0x0301bae0                fflush_unlocked
 .text.fopen    0x0301bc88       0xa8 /usr/lib/gcc/armv6-alpine-linux-musleabihf/12.2.1/../../../libc.a(fopen.lo)
                0x0301bc88                fopen
                0x0301bc88                fopen64
 .text.fprintf  0x0301bd30       0x28 /usr/lib/gcc/armv6-alpine-linux-musleabihf/12.2.1/../../../libc.a(fprintf.lo)
                0x0301bd30                fprintf
 .text.fputs    0x0301bd58       0x34 /usr/lib/gcc/armv6-alpine-linux-musleabihf/12.2.1/../../../libc.a(fputs.lo)
                0x0301bd58                fputs_unlocked
                0x0301bd58                fputs
 .text.__fwritex
                0x0301bd8c       0xe0 /usr/lib/gcc/armv6-alpine-linux-musleabihf/12.2.1/../../../libc.a(fwrite.lo)
                0x0301bd8c                __fwritex
 .text.fwrite   0x0301be6c       0x94 /usr/lib/gcc/armv6-alpine-linux-musleabihf/12.2.1/../../../libc.a(fwrite.lo)
                0x0301be6c                fwrite_unlocked
                0x0301be6c                fwrite
 .text.getline  0x0301bf00        0xc /usr/lib/gcc/armv6-alpine-linux-musleabihf/12.2.1/../../../libc.a(getline.lo)
                0x0301bf00                getline
 .text.__ofl_lock
                0x0301bf0c       0x24 /usr/lib/gcc/armv6-alpine-linux-musleabihf/12.2.1/../../../libc.a(ofl.lo)
                0x0301bf0c                __ofl_lock
 .text.__ofl_unlock
                0x0301bf30       0x10 /usr/lib/gcc/armv6-alpine-linux-musleabihf/12.2.1/../../../libc.a(ofl.lo)
                0x0301bf30                __ofl_unlock
 .text.__ofl_add
                0x0301bf40       0x2c /usr/lib/gcc/armv6-alpine-linux-musleabihf/12.2.1/../../../libc.a(ofl_add.lo)
                0x0301bf40                __ofl_add
 .text.printf   0x0301bf6c       0x34 /usr/lib/gcc/armv6-alpine-linux-musleabihf/12.2.1/../../../libc.a(printf.lo)
                0x0301bf6c                printf
 .text.a_barrier
                0x0301bfa0       0x18 /usr/lib/gcc/armv6-alpine-linux-musleabihf/12.2.1/../../../libc.a(putc.lo)
 .text.locking_putc
                0x0301bfb8       0xd0 /usr/lib/gcc/armv6-alpine-linux-musleabihf/12.2.1/../../../libc.a(putc.lo)
 .text.putc     0x0301c088       0x6c /usr/lib/gcc/armv6-alpine-linux-musleabihf/12.2.1/../../../libc.a(putc.lo)
                0x0301c088                putc
                0x0301c088                _IO_putc
 .text.putc_unlocked
                0x0301c0f4       0x44 /usr/lib/gcc/armv6-alpine-linux-musleabihf/12.2.1/../../../libc.a(putc_unlocked.lo)
                0x0301c0f4                putc_unlocked
                0x0301c0f4                _IO_putc_unlocked
                0x0301c0f4                fputc_unlocked
 .text.putchar_unlocked
                0x0301c138       0x54 /usr/lib/gcc/armv6-alpine-linux-musleabihf/12.2.1/../../../libc.a(putchar_unlocked.lo)
                0x0301c138                putchar_unlocked
 .text.puts     0x0301c18c       0xbc /usr/lib/gcc/armv6-alpine-linux-musleabihf/12.2.1/../../../libc.a(puts.lo)
                0x0301c18c                puts
 .text.snprintf
                0x0301c248       0x28 /usr/lib/gcc/armv6-alpine-linux-musleabihf/12.2.1/../../../libc.a(snprintf.lo)
                0x0301c248                snprintf
 .text.sprintf  0x0301c270       0x28 /usr/lib/gcc/armv6-alpine-linux-musleabihf/12.2.1/../../../libc.a(sprintf.lo)
                0x0301c270                sprintf
 .text.sscanf   0x0301c298       0x28 /usr/lib/gcc/armv6-alpine-linux-musleabihf/12.2.1/../../../libc.a(sscanf.lo)
                0x0301c298                sscanf
                0x0301c298                __isoc99_sscanf
 .text.vasprintf
                0x0301c2c0       0x68 /usr/lib/gcc/armv6-alpine-linux-musleabihf/12.2.1/../../../libc.a(vasprintf.lo)
                0x0301c2c0                vasprintf
 .text.vdprintf
                0x0301c328       0x60 /usr/lib/gcc/armv6-alpine-linux-musleabihf/12.2.1/../../../libc.a(vdprintf.lo)
                0x0301c328                vdprintf
 .text.pop_arg  0x0301c388      0x140 /usr/lib/gcc/armv6-alpine-linux-musleabihf/12.2.1/../../../libc.a(vfprintf.lo)
 .text.fmt_u    0x0301c4c8       0x70 /usr/lib/gcc/armv6-alpine-linux-musleabihf/12.2.1/../../../libc.a(vfprintf.lo)
 .text.getint   0x0301c538       0x58 /usr/lib/gcc/armv6-alpine-linux-musleabihf/12.2.1/../../../libc.a(vfprintf.lo)
 .text.out      0x0301c590       0x20 /usr/lib/gcc/armv6-alpine-linux-musleabihf/12.2.1/../../../libc.a(vfprintf.lo)
 .text.pad      0x0301c5b0       0x8c /usr/lib/gcc/armv6-alpine-linux-musleabihf/12.2.1/../../../libc.a(vfprintf.lo)
 .text.printf_core
                0x0301c63c      0xb0c /usr/lib/gcc/armv6-alpine-linux-musleabihf/12.2.1/../../../libc.a(vfprintf.lo)
 .text.vfprintf
                0x0301d148      0x17c /usr/lib/gcc/armv6-alpine-linux-musleabihf/12.2.1/../../../libc.a(vfprintf.lo)
                0x0301d148                vfprintf
 .text.vprintf  0x0301d2c4       0x18 /usr/lib/gcc/armv6-alpine-linux-musleabihf/12.2.1/../../../libc.a(vprintf.lo)
                0x0301d2c4                vprintf
 .text.sn_write
                0x0301d2dc       0xb4 /usr/lib/gcc/armv6-alpine-linux-musleabihf/12.2.1/../../../libc.a(vsnprintf.lo)
 .text.vsnprintf
                0x0301d390       0xa8 /usr/lib/gcc/armv6-alpine-linux-musleabihf/12.2.1/../../../libc.a(vsnprintf.lo)
                0x0301d390                vsnprintf
 .text.vsprintf
                0x0301d438       0x10 /usr/lib/gcc/armv6-alpine-linux-musleabihf/12.2.1/../../../libc.a(vsprintf.lo)
                0x0301d438                vsprintf
 .text.string_read
                0x0301d448       0x64 /usr/lib/gcc/armv6-alpine-linux-musleabihf/12.2.1/../../../libc.a(vsscanf.lo)
 .text.vsscanf  0x0301d4ac       0x5c /usr/lib/gcc/armv6-alpine-linux-musleabihf/12.2.1/../../../libc.a(vsscanf.lo)
                0x0301d4ac                vsscanf
                0x0301d4ac                __isoc99_vsscanf
 .text.atoi     0x0301d508       0x70 /usr/lib/gcc/armv6-alpine-linux-musleabihf/12.2.1/../../../libc.a(atoi.lo)
                0x0301d508                atoi
 .text.bsearch  0x0301d578       0x60 /usr/lib/gcc/armv6-alpine-linux-musleabihf/12.2.1/../../../libc.a(bsearch.lo)
                0x0301d578                bsearch
 .text.wrapper_cmp
                0x0301d5d8        0x4 /usr/lib/gcc/armv6-alpine-linux-musleabihf/12.2.1/../../../libc.a(qsort_nr.lo)
 .text.qsort    0x0301d5dc       0x20 /usr/lib/gcc/armv6-alpine-linux-musleabihf/12.2.1/../../../libc.a(qsort_nr.lo)
                0x0301d5dc                qsort
 .text.strtox   0x0301d5fc       0x7c /usr/lib/gcc/armv6-alpine-linux-musleabihf/12.2.1/../../../libc.a(strtol.lo)
 .text.strtoull
                0x0301d678       0x1c /usr/lib/gcc/armv6-alpine-linux-musleabihf/12.2.1/../../../libc.a(strtol.lo)
                0x0301d678                __strtoull_internal
                0x0301d678                strtoull
 .text.strtoul  0x0301d694       0x1c /usr/lib/gcc/armv6-alpine-linux-musleabihf/12.2.1/../../../libc.a(strtol.lo)
                0x0301d694                strtoul
                0x0301d694                __strtoul_internal
 .text          0x0301d6b0      0x304 /usr/lib/gcc/armv6-alpine-linux-musleabihf/12.2.1/../../../libc.a(memcpy.lo)
                0x0301d6b0                memcpy
 .text.memchr   0x0301d9b4       0xc0 /usr/lib/gcc/armv6-alpine-linux-musleabihf/12.2.1/../../../libc.a(memchr.lo)
                0x0301d9b4                memchr
 .text.memcmp   0x0301da74       0x40 /usr/lib/gcc/armv6-alpine-linux-musleabihf/12.2.1/../../../libc.a(memcmp.lo)
                0x0301da74                memcmp
 .text.memmove  0x0301dab4      0x140 /usr/lib/gcc/armv6-alpine-linux-musleabihf/12.2.1/../../../libc.a(memmove.lo)
                0x0301dab4                memmove
 .text.mempcpy  0x0301dbf4       0x14 /usr/lib/gcc/armv6-alpine-linux-musleabihf/12.2.1/../../../libc.a(mempcpy.lo)
                0x0301dbf4                mempcpy
 .text.__memrchr
                0x0301dc08       0x34 /usr/lib/gcc/armv6-alpine-linux-musleabihf/12.2.1/../../../libc.a(memrchr.lo)
                0x0301dc08                memrchr
                0x0301dc08                __memrchr
 .text.memset   0x0301dc3c       0xfc /usr/lib/gcc/armv6-alpine-linux-musleabihf/12.2.1/../../../libc.a(memset.lo)
                0x0301dc3c                memset
 .text.__stpcpy
                0x0301dd38       0x84 /usr/lib/gcc/armv6-alpine-linux-musleabihf/12.2.1/../../../libc.a(stpcpy.lo)
                0x0301dd38                stpcpy
                0x0301dd38                __stpcpy
 .text.__stpncpy
                0x0301ddbc       0xdc /usr/lib/gcc/armv6-alpine-linux-musleabihf/12.2.1/../../../libc.a(stpncpy.lo)
                0x0301ddbc                stpncpy
                0x0301ddbc                __stpncpy
 .text.strcasecmp
                0x0301de98       0x6c /usr/lib/gcc/armv6-alpine-linux-musleabihf/12.2.1/../../../libc.a(strcasecmp.lo)
                0x0301de98                strcasecmp
 .text.strcat   0x0301df04       0x24 /usr/lib/gcc/armv6-alpine-linux-musleabihf/12.2.1/../../../libc.a(strcat.lo)
                0x0301df04                strcat
 .text.strchr   0x0301df28       0x20 /usr/lib/gcc/armv6-alpine-linux-musleabihf/12.2.1/../../../libc.a(strchr.lo)
                0x0301df28                strchr
 .text.__strchrnul
                0x0301df48       0xa0 /usr/lib/gcc/armv6-alpine-linux-musleabihf/12.2.1/../../../libc.a(strchrnul.lo)
                0x0301df48                __strchrnul
                0x0301df48                strchrnul
 .text.strcmp   0x0301dfe8       0x28 /usr/lib/gcc/armv6-alpine-linux-musleabihf/12.2.1/../../../libc.a(strcmp.lo)
                0x0301dfe8                strcmp
 .text.strcpy   0x0301e010       0x14 /usr/lib/gcc/armv6-alpine-linux-musleabihf/12.2.1/../../../libc.a(strcpy.lo)
                0x0301e010                strcpy
 .text.strcspn  0x0301e024       0xb8 /usr/lib/gcc/armv6-alpine-linux-musleabihf/12.2.1/../../../libc.a(strcspn.lo)
                0x0301e024                strcspn
 .text.strdup   0x0301e0dc       0x30 /usr/lib/gcc/armv6-alpine-linux-musleabihf/12.2.1/../../../libc.a(strdup.lo)
                0x0301e0dc                strdup
 .text.strlen   0x0301e10c       0x74 /usr/lib/gcc/armv6-alpine-linux-musleabihf/12.2.1/../../../libc.a(strlen.lo)
                0x0301e10c                strlen
 .text.strncasecmp
                0x0301e180       0x7c /usr/lib/gcc/armv6-alpine-linux-musleabihf/12.2.1/../../../libc.a(strncasecmp.lo)
                0x0301e180                strncasecmp
 .text.strncmp  0x0301e1fc       0x58 /usr/lib/gcc/armv6-alpine-linux-musleabihf/12.2.1/../../../libc.a(strncmp.lo)
                0x0301e1fc                strncmp
 .text.strncpy  0x0301e254       0x14 /usr/lib/gcc/armv6-alpine-linux-musleabihf/12.2.1/../../../libc.a(strncpy.lo)
                0x0301e254                strncpy
 .text.strnlen  0x0301e268       0x28 /usr/lib/gcc/armv6-alpine-linux-musleabihf/12.2.1/../../../libc.a(strnlen.lo)
                0x0301e268                strnlen
 .text.strpbrk  0x0301e290       0x20 /usr/lib/gcc/armv6-alpine-linux-musleabihf/12.2.1/../../../libc.a(strpbrk.lo)
                0x0301e290                strpbrk
 .text.strrchr  0x0301e2b0       0x24 /usr/lib/gcc/armv6-alpine-linux-musleabihf/12.2.1/../../../libc.a(strrchr.lo)
                0x0301e2b0                strrchr
 .text.strsignal
                0x0301e2d4       0x38 /usr/lib/gcc/armv6-alpine-linux-musleabihf/12.2.1/../../../libc.a(strsignal.lo)
                0x0301e2d4                strsignal
 .text.twoway_strstr
                0x0301e30c      0x2bc /usr/lib/gcc/armv6-alpine-linux-musleabihf/12.2.1/../../../libc.a(strstr.lo)
 .text.strstr   0x0301e5c8      0x15c /usr/lib/gcc/armv6-alpine-linux-musleabihf/12.2.1/../../../libc.a(strstr.lo)
                0x0301e5c8                strstr
 .text.strtok_r
                0x0301e724       0x7c /usr/lib/gcc/armv6-alpine-linux-musleabihf/12.2.1/../../../libc.a(strtok_r.lo)
                0x0301e724                strtok_r
 .text.tcgetattr
                0x0301e7a0       0x24 /usr/lib/gcc/armv6-alpine-linux-musleabihf/12.2.1/../../../libc.a(tcgetattr.lo)
                0x0301e7a0                tcgetattr
 .text.tcsetattr
                0x0301e7c4       0x2c /usr/lib/gcc/armv6-alpine-linux-musleabihf/12.2.1/../../../libc.a(tcsetattr.lo)
                0x0301e7c4                tcsetattr
 .text.a_barrier
                0x0301e7f0       0x18 /usr/lib/gcc/armv6-alpine-linux-musleabihf/12.2.1/../../../libc.a(__lock.lo)
 .text.__lock   0x0301e808      0x134 /usr/lib/gcc/armv6-alpine-linux-musleabihf/12.2.1/../../../libc.a(__lock.lo)
                0x0301e808                __lock
 .text.__unlock
                0x0301e93c       0x64 /usr/lib/gcc/armv6-alpine-linux-musleabihf/12.2.1/../../../libc.a(__lock.lo)
                0x0301e93c                __unlock
 .text.sccp     0x0301e9a0       0x24 /usr/lib/gcc/armv6-alpine-linux-musleabihf/12.2.1/../../../libc.a(__syscall_cp.lo)
                0x0301e9a0                __syscall_cp_c
 .text.__syscall_cp
                0x0301e9c4        0x4 /usr/lib/gcc/armv6-alpine-linux-musleabihf/12.2.1/../../../libc.a(__syscall_cp.lo)
                0x0301e9c4                __syscall_cp
 .text          0x0301e9c8       0x9c /usr/lib/gcc/armv6-alpine-linux-musleabihf/12.2.1/../../../libc.a(atomics.lo)
                0x0301e9c8                __a_barrier_dummy
                0x0301e9cc                __a_barrier_oldkuser
                0x0301e9ec                __a_barrier_v6
                0x0301e9f4                __a_barrier_v7
                0x0301e9fc                __a_cas_dummy
                0x0301ea10                __a_cas_v6
                0x0301ea34                __a_cas_v7
                0x0301ea58                __a_gettp_cp15
 .text.__inhibit_ptc
                0x0301ea64       0x10 /usr/lib/gcc/armv6-alpine-linux-musleabihf/12.2.1/../../../libc.a(lock_ptc.lo)
                0x0301ea64                __inhibit_ptc
 .text.__release_ptc
                0x0301ea74       0x10 /usr/lib/gcc/armv6-alpine-linux-musleabihf/12.2.1/../../../libc.a(lock_ptc.lo)
                0x0301ea74                __release_ptc
 .text.__pthread_rwlock_unlock
                0x0301ea84       0xd4 /usr/lib/gcc/armv6-alpine-linux-musleabihf/12.2.1/../../../libc.a(pthread_rwlock_unlock.lo)
                0x0301ea84                pthread_rwlock_unlock
                0x0301ea84                __pthread_rwlock_unlock
 .text.__pthread_rwlock_wrlock
                0x0301eb58        0x8 /usr/lib/gcc/armv6-alpine-linux-musleabihf/12.2.1/../../../libc.a(pthread_rwlock_wrlock.lo)
                0x0301eb58                __pthread_rwlock_wrlock
                0x0301eb58                pthread_rwlock_wrlock
 .text.__pthread_setcancelstate
                0x0301eb60       0x34 /usr/lib/gcc/armv6-alpine-linux-musleabihf/12.2.1/../../../libc.a(pthread_setcancelstate.lo)
                0x0301eb60                __pthread_setcancelstate
                0x0301eb60                pthread_setcancelstate
 .text.pthread_sigmask
                0x0301eb94       0x68 /usr/lib/gcc/armv6-alpine-linux-musleabihf/12.2.1/../../../libc.a(pthread_sigmask.lo)
                0x0301eb94                pthread_sigmask
 .text.dummy    0x0301ebfc        0x4 /usr/lib/gcc/armv6-alpine-linux-musleabihf/12.2.1/../../../libc.a(synccall.lo)
 .text.handler  0x0301ec00       0x98 /usr/lib/gcc/armv6-alpine-linux-musleabihf/12.2.1/../../../libc.a(synccall.lo)
 .text.__synccall
                0x0301ec98      0x298 /usr/lib/gcc/armv6-alpine-linux-musleabihf/12.2.1/../../../libc.a(synccall.lo)
                0x0301ec98                __synccall
 .text.__gettimeofday_time64
                0x0301ef30       0x50 /usr/lib/gcc/armv6-alpine-linux-musleabihf/12.2.1/../../../libc.a(gettimeofday.lo)
                0x0301ef30                __gettimeofday_time64
 .text.times    0x0301ef80       0x10 /usr/lib/gcc/armv6-alpine-linux-musleabihf/12.2.1/../../../libc.a(times.lo)
                0x0301ef80                times
 .text._exit    0x0301ef90        0x8 /usr/lib/gcc/armv6-alpine-linux-musleabihf/12.2.1/../../../libc.a(_exit.lo)
                0x0301ef90                _exit
 .text.chdir    0x0301ef98       0x14 /usr/lib/gcc/armv6-alpine-linux-musleabihf/12.2.1/../../../libc.a(chdir.lo)
                0x0301ef98                chdir
 .text.close    0x0301efac       0x3c /usr/lib/gcc/armv6-alpine-linux-musleabihf/12.2.1/../../../libc.a(close.lo)
                0x0301efac                close
 .text.dup2     0x0301efe8       0x24 /usr/lib/gcc/armv6-alpine-linux-musleabihf/12.2.1/../../../libc.a(dup2.lo)
                0x0301efe8                dup2
 .text.ftruncate
                0x0301f00c       0x18 /usr/lib/gcc/armv6-alpine-linux-musleabihf/12.2.1/../../../libc.a(ftruncate.lo)
                0x0301f00c                ftruncate
                0x0301f00c                ftruncate64
 .text.getcwd   0x0301f024       0x9c /usr/lib/gcc/armv6-alpine-linux-musleabihf/12.2.1/../../../libc.a(getcwd.lo)
                0x0301f024                getcwd
 .text.geteuid  0x0301f0c0       0x10 /usr/lib/gcc/armv6-alpine-linux-musleabihf/12.2.1/../../../libc.a(geteuid.lo)
                0x0301f0c0                geteuid
 .text.getpid   0x0301f0d0       0x10 /usr/lib/gcc/armv6-alpine-linux-musleabihf/12.2.1/../../../libc.a(getpid.lo)
                0x0301f0d0                getpid
 .text.getppid  0x0301f0e0       0x10 /usr/lib/gcc/armv6-alpine-linux-musleabihf/12.2.1/../../../libc.a(getppid.lo)
                0x0301f0e0                getppid
 .text.getuid   0x0301f0f0       0x10 /usr/lib/gcc/armv6-alpine-linux-musleabihf/12.2.1/../../../libc.a(getuid.lo)
                0x0301f0f0                getuid
 .text.isatty   0x0301f100       0x48 /usr/lib/gcc/armv6-alpine-linux-musleabihf/12.2.1/../../../libc.a(isatty.lo)
                0x0301f100                isatty
 .text.__lseek  0x0301f148       0x34 /usr/lib/gcc/armv6-alpine-linux-musleabihf/12.2.1/../../../libc.a(lseek.lo)
                0x0301f148                lseek
                0x0301f148                __lseek
                0x0301f148                lseek64
 .text.pipe     0x0301f17c       0x14 /usr/lib/gcc/armv6-alpine-linux-musleabihf/12.2.1/../../../libc.a(pipe.lo)
                0x0301f17c                pipe
 .text.read     0x0301f190       0x34 /usr/lib/gcc/armv6-alpine-linux-musleabihf/12.2.1/../../../libc.a(read.lo)
                0x0301f190                read
 .text.readlink
                0x0301f1c4       0x30 /usr/lib/gcc/armv6-alpine-linux-musleabihf/12.2.1/../../../libc.a(readlink.lo)
                0x0301f1c4                readlink
 .text.write    0x0301f1f4       0x34 /usr/lib/gcc/armv6-alpine-linux-musleabihf/12.2.1/../../../libc.a(write.lo)
                0x0301f1f4                write
 .text.iswctype
                0x0301f228       0x88 /usr/lib/gcc/armv6-alpine-linux-musleabihf/12.2.1/../../../libc.a(iswctype.lo)
                0x0301f228                iswctype
 .text.wctype   0x0301f2b0       0x60 /usr/lib/gcc/armv6-alpine-linux-musleabihf/12.2.1/../../../libc.a(iswctype.lo)
                0x0301f2b0                wctype
 .text.iswgraph
                0x0301f310       0x30 /usr/lib/gcc/armv6-alpine-linux-musleabihf/12.2.1/../../../libc.a(iswgraph.lo)
                0x0301f310                iswgraph
 .text.iswlower
                0x0301f340       0x18 /usr/lib/gcc/armv6-alpine-linux-musleabihf/12.2.1/../../../libc.a(iswlower.lo)
                0x0301f340                iswlower
 .text.iswprint
                0x0301f358       0x9c /usr/lib/gcc/armv6-alpine-linux-musleabihf/12.2.1/../../../libc.a(iswprint.lo)
                0x0301f358                iswprint
 .text.iswpunct
                0x0301f3f4       0x40 /usr/lib/gcc/armv6-alpine-linux-musleabihf/12.2.1/../../../libc.a(iswpunct.lo)
                0x0301f3f4                iswpunct
 .text.iswspace
                0x0301f434       0x30 /usr/lib/gcc/armv6-alpine-linux-musleabihf/12.2.1/../../../libc.a(iswspace.lo)
                0x0301f434                iswspace
 .text.iswupper
                0x0301f464       0x18 /usr/lib/gcc/armv6-alpine-linux-musleabihf/12.2.1/../../../libc.a(iswupper.lo)
                0x0301f464                iswupper
 .text.iswxdigit
                0x0301f47c       0x2c /usr/lib/gcc/armv6-alpine-linux-musleabihf/12.2.1/../../../libc.a(iswxdigit.lo)
                0x0301f47c                iswxdigit
 .text.tolower  0x0301f4a8       0x10 /usr/lib/gcc/armv6-alpine-linux-musleabihf/12.2.1/../../../libc.a(tolower.lo)
                0x0301f4a8                tolower
 .text.casemap  0x0301f4b8      0x148 /usr/lib/gcc/armv6-alpine-linux-musleabihf/12.2.1/../../../libc.a(towctrans.lo)
 .text.towlower
                0x0301f600        0x8 /usr/lib/gcc/armv6-alpine-linux-musleabihf/12.2.1/../../../libc.a(towctrans.lo)
                0x0301f600                towlower
 .text.towupper
                0x0301f608        0x8 /usr/lib/gcc/armv6-alpine-linux-musleabihf/12.2.1/../../../libc.a(towctrans.lo)
                0x0301f608                towupper
 .text.__init_tp
                0x0301f610       0x9c /usr/lib/gcc/armv6-alpine-linux-musleabihf/12.2.1/../../../libc.a(__init_tls.lo)
                0x0301f610                __init_tp
 .text.__copy_tls
                0x0301f6ac       0x98 /usr/lib/gcc/armv6-alpine-linux-musleabihf/12.2.1/../../../libc.a(__init_tls.lo)
                0x0301f6ac                __copy_tls
 .text.static_init_tls
                0x0301f744      0x1d8 /usr/lib/gcc/armv6-alpine-linux-musleabihf/12.2.1/../../../libc.a(__init_tls.lo)
                0x0301f744                __init_tls
 .text._Exit    0x0301f91c       0x1c /usr/lib/gcc/armv6-alpine-linux-musleabihf/12.2.1/../../../libc.a(_Exit.lo)
                0x0301f91c                _Exit
 .text.__intscan
                0x0301f938      0x614 /usr/lib/gcc/armv6-alpine-linux-musleabihf/12.2.1/../../../libc.a(intscan.lo)
                0x0301f938                __intscan
 .text.__procfdname
                0x0301ff4c       0xb0 /usr/lib/gcc/armv6-alpine-linux-musleabihf/12.2.1/../../../libc.a(procfdname.lo)
                0x0301ff4c                __procfdname
 .text.__shlim  0x0301fffc       0x48 /usr/lib/gcc/armv6-alpine-linux-musleabihf/12.2.1/../../../libc.a(shgetc.lo)
                0x0301fffc                __shlim
 .text.__shgetc
                0x03020044       0xf0 /usr/lib/gcc/armv6-alpine-linux-musleabihf/12.2.1/../../../libc.a(shgetc.lo)
                0x03020044                __shgetc
 .text.set_size
                0x03020134       0x3c /usr/lib/gcc/armv6-alpine-linux-musleabihf/12.2.1/../../../libc.a(realloc.lo)
 .text.__libc_realloc
                0x03020170      0x3f4 /usr/lib/gcc/armv6-alpine-linux-musleabihf/12.2.1/../../../libc.a(realloc.lo)
                0x03020170                __libc_realloc
 .text.frexpl   0x03020564        0x4 /usr/lib/gcc/armv6-alpine-linux-musleabihf/12.2.1/../../../libc.a(frexpl.lo)
                0x03020564                frexpl
 .text.__mremap
                0x03020568       0x78 /usr/lib/gcc/armv6-alpine-linux-musleabihf/12.2.1/../../../libc.a(mremap.lo)
                0x03020568                mremap
                0x03020568                __mremap
 .text.wctomb   0x030205e0       0x10 /usr/lib/gcc/armv6-alpine-linux-musleabihf/12.2.1/../../../libc.a(wctomb.lo)
                0x030205e0                wctomb
 .text.__getpw_a
                0x030205f0      0x3e8 /usr/lib/gcc/armv6-alpine-linux-musleabihf/12.2.1/../../../libc.a(getpw_a.lo)
                0x030205f0                __getpw_a
 .text.getpw_r  0x030209d8      0x118 /usr/lib/gcc/armv6-alpine-linux-musleabihf/12.2.1/../../../libc.a(getpw_r.lo)
 .text.getpwnam_r
                0x03020af0       0x24 /usr/lib/gcc/armv6-alpine-linux-musleabihf/12.2.1/../../../libc.a(getpw_r.lo)
                0x03020af0                getpwnam_r
 .text.getpwuid_r
                0x03020b14       0x28 /usr/lib/gcc/armv6-alpine-linux-musleabihf/12.2.1/../../../libc.a(getpw_r.lo)
                0x03020b14                getpwuid_r
 .text.__nscd_query
                0x03020b3c      0x25c /usr/lib/gcc/armv6-alpine-linux-musleabihf/12.2.1/../../../libc.a(nscd_query.lo)
                0x03020b3c                __nscd_query
 .text._Fork    0x03020d98       0xc4 /usr/lib/gcc/armv6-alpine-linux-musleabihf/12.2.1/../../../libc.a(_Fork.lo)
                0x03020d98                _Fork
 .text          0x03020e5c       0x10 /usr/lib/gcc/armv6-alpine-linux-musleabihf/12.2.1/../../../libc.a(restore.lo)
                0x03020e5c                __restore
                0x03020e64                __restore_rt
 .text.__fmodeflags
                0x03020e6c       0x7c /usr/lib/gcc/armv6-alpine-linux-musleabihf/12.2.1/../../../libc.a(__fmodeflags.lo)
                0x03020e6c                __fmodeflags
 .text.__overflow
                0x03020ee8       0x80 /usr/lib/gcc/armv6-alpine-linux-musleabihf/12.2.1/../../../libc.a(__overflow.lo)
                0x03020ee8                __overflow
 .text.__stdout_write
                0x03020f68       0x68 /usr/lib/gcc/armv6-alpine-linux-musleabihf/12.2.1/../../../libc.a(__stdout_write.lo)
                0x03020f68                __stdout_write
 .text.__towrite
                0x03020fd0       0x54 /usr/lib/gcc/armv6-alpine-linux-musleabihf/12.2.1/../../../libc.a(__towrite.lo)
                0x03020fd0                __towrite
 .text.__uflow  0x03021024       0x44 /usr/lib/gcc/armv6-alpine-linux-musleabihf/12.2.1/../../../libc.a(__uflow.lo)
                0x03021024                __uflow
 .text.fread    0x03021068      0x108 /usr/lib/gcc/armv6-alpine-linux-musleabihf/12.2.1/../../../libc.a(fread.lo)
                0x03021068                fread
                0x03021068                fread_unlocked
 .text.getdelim
                0x03021170      0x2a4 /usr/lib/gcc/armv6-alpine-linux-musleabihf/12.2.1/../../../libc.a(getdelim.lo)
                0x03021170                __getdelim
                0x03021170                getdelim
 .text.store_int
                0x03021414       0x50 /usr/lib/gcc/armv6-alpine-linux-musleabihf/12.2.1/../../../libc.a(vfscanf.lo)
 .text.arg_n    0x03021464       0x60 /usr/lib/gcc/armv6-alpine-linux-musleabihf/12.2.1/../../../libc.a(vfscanf.lo)
 .text.vfscanf  0x030214c4      0xbe0 /usr/lib/gcc/armv6-alpine-linux-musleabihf/12.2.1/../../../libc.a(vfscanf.lo)
                0x030214c4                __isoc99_vfscanf
                0x030214c4                vfscanf
 .text.shl      0x030220a4       0x3c /usr/lib/gcc/armv6-alpine-linux-musleabihf/12.2.1/../../../libc.a(qsort.lo)
 .text.shr      0x030220e0       0x40 /usr/lib/gcc/armv6-alpine-linux-musleabihf/12.2.1/../../../libc.a(qsort.lo)
 .text.cycle    0x03022120       0x80 /usr/lib/gcc/armv6-alpine-linux-musleabihf/12.2.1/../../../libc.a(qsort.lo)
 .text.sift     0x030221a0       0xc8 /usr/lib/gcc/armv6-alpine-linux-musleabihf/12.2.1/../../../libc.a(qsort.lo)
 .text.pntz     0x03022268       0x40 /usr/lib/gcc/armv6-alpine-linux-musleabihf/12.2.1/../../../libc.a(qsort.lo)
 .text.trinkle  0x030222a8      0x168 /usr/lib/gcc/armv6-alpine-linux-musleabihf/12.2.1/../../../libc.a(qsort.lo)
 .text.__qsort_r
                0x03022410      0x26c /usr/lib/gcc/armv6-alpine-linux-musleabihf/12.2.1/../../../libc.a(qsort.lo)
                0x03022410                __qsort_r
                0x03022410                qsort_r
 .text.strspn   0x0302267c       0xcc /usr/lib/gcc/armv6-alpine-linux-musleabihf/12.2.1/../../../libc.a(strspn.lo)
                0x0302267c                strspn
 .text.wcschr   0x03022748       0x44 /usr/lib/gcc/armv6-alpine-linux-musleabihf/12.2.1/../../../libc.a(wcschr.lo)
                0x03022748                wcschr
 .text.wcslen   0x0302278c       0x24 /usr/lib/gcc/armv6-alpine-linux-musleabihf/12.2.1/../../../libc.a(wcslen.lo)
                0x0302278c                wcslen
 .text.__timedwait_cp
                0x030227b0      0x1c8 /usr/lib/gcc/armv6-alpine-linux-musleabihf/12.2.1/../../../libc.a(__timedwait.lo)
                0x030227b0                __timedwait_cp
 .text.__timedwait
                0x03022978       0x5c /usr/lib/gcc/armv6-alpine-linux-musleabihf/12.2.1/../../../libc.a(__timedwait.lo)
                0x03022978                __timedwait
 .text.__set_thread_area
                0x030229d4      0x170 /usr/lib/gcc/armv6-alpine-linux-musleabihf/12.2.1/../../../libc.a(__set_thread_area.lo)
                0x030229d4                __set_thread_area
 .text.a_barrier
                0x03022b44       0x18 /usr/lib/gcc/armv6-alpine-linux-musleabihf/12.2.1/../../../libc.a(pthread_rwlock_timedwrlock.lo)
 .text.__pthread_rwlock_timedwrlock
                0x03022b5c       0xec /usr/lib/gcc/armv6-alpine-linux-musleabihf/12.2.1/../../../libc.a(pthread_rwlock_timedwrlock.lo)
                0x03022b5c                __pthread_rwlock_timedwrlock
                0x03022b5c                __pthread_rwlock_timedwrlock_time64
 .text.__pthread_rwlock_trywrlock
                0x03022c48       0x50 /usr/lib/gcc/armv6-alpine-linux-musleabihf/12.2.1/../../../libc.a(pthread_rwlock_trywrlock.lo)
                0x03022c48                __pthread_rwlock_trywrlock
                0x03022c48                pthread_rwlock_trywrlock
 .text.sem_destroy
                0x03022c98        0x8 /usr/lib/gcc/armv6-alpine-linux-musleabihf/12.2.1/../../../libc.a(sem_destroy.lo)
                0x03022c98                sem_destroy
 .text.sem_init
                0x03022ca0       0x44 /usr/lib/gcc/armv6-alpine-linux-musleabihf/12.2.1/../../../libc.a(sem_init.lo)
                0x03022ca0                sem_init
 .text.sem_post
                0x03022ce4       0xe0 /usr/lib/gcc/armv6-alpine-linux-musleabihf/12.2.1/../../../libc.a(sem_post.lo)
                0x03022ce4                sem_post
 .text.sem_wait
                0x03022dc4        0x8 /usr/lib/gcc/armv6-alpine-linux-musleabihf/12.2.1/../../../libc.a(sem_wait.lo)
                0x03022dc4                sem_wait
 .text.a_cas_p.isra.0
                0x03022dcc       0x40 /usr/lib/gcc/armv6-alpine-linux-musleabihf/12.2.1/../../../libc.a(clock_gettime.lo)
 .text.cgt_init
                0x03022e0c       0xf4 /usr/lib/gcc/armv6-alpine-linux-musleabihf/12.2.1/../../../libc.a(clock_gettime.lo)
 .text.cgt_time32_wrap
                0x03022f00       0x78 /usr/lib/gcc/armv6-alpine-linux-musleabihf/12.2.1/../../../libc.a(clock_gettime.lo)
 .text.__clock_gettime
                0x03022f78       0xd4 /usr/lib/gcc/armv6-alpine-linux-musleabihf/12.2.1/../../../libc.a(clock_gettime.lo)
                0x03022f78                __clock_gettime
                0x03022f78                __clock_gettime64
 .text.iswalnum
                0x0302304c       0x28 /usr/lib/gcc/armv6-alpine-linux-musleabihf/12.2.1/../../../libc.a(iswalnum.lo)
                0x0302304c                iswalnum
 .text.iswalpha
                0x03023074       0x50 /usr/lib/gcc/armv6-alpine-linux-musleabihf/12.2.1/../../../libc.a(iswalpha.lo)
                0x03023074                iswalpha
 .text.iswblank
                0x030230c4        0x4 /usr/lib/gcc/armv6-alpine-linux-musleabihf/12.2.1/../../../libc.a(iswblank.lo)
                0x030230c4                iswblank
 .text.iswcntrl
                0x030230c8       0x40 /usr/lib/gcc/armv6-alpine-linux-musleabihf/12.2.1/../../../libc.a(iswcntrl.lo)
                0x030230c8                iswcntrl
 .text.scanexp  0x03023108      0x224 /usr/lib/gcc/armv6-alpine-linux-musleabihf/12.2.1/../../../libc.a(floatscan.lo)
 .text.__vdsosym
                0x0302332c      0x23c /usr/lib/gcc/armv6-alpine-linux-musleabihf/12.2.1/../../../libc.a(vdso.lo)
                0x0302332c                __vdsosym
 .text.copysignl
                0x03023568        0x4 /usr/lib/gcc/armv6-alpine-linux-musleabihf/12.2.1/../../../libc.a(copysignl.lo)
                0x03023568                copysignl
 .text.fabsl    0x0302356c        0x4 /usr/lib/gcc/armv6-alpine-linux-musleabihf/12.2.1/../../../libc.a(fabsl.lo)
                0x0302356c                fabsl
 .text.fmodl    0x03023570        0x4 /usr/lib/gcc/armv6-alpine-linux-musleabihf/12.2.1/../../../libc.a(fmodl.lo)
                0x03023570                fmodl
 .text.scalbnl  0x03023574        0x4 /usr/lib/gcc/armv6-alpine-linux-musleabihf/12.2.1/../../../libc.a(scalbnl.lo)
                0x03023574                scalbnl
 .text.mbrtowc  0x03023578      0x148 /usr/lib/gcc/armv6-alpine-linux-musleabihf/12.2.1/../../../libc.a(mbrtowc.lo)
                0x03023578                mbrtowc
 .text.mbsinit  0x030236c0       0x18 /usr/lib/gcc/armv6-alpine-linux-musleabihf/12.2.1/../../../libc.a(mbsinit.lo)
                0x030236c0                mbsinit
 .text.wcrtomb  0x030236d8      0x118 /usr/lib/gcc/armv6-alpine-linux-musleabihf/12.2.1/../../../libc.a(wcrtomb.lo)
                0x030236d8                wcrtomb
 .text.connect  0x030237f0       0x38 /usr/lib/gcc/armv6-alpine-linux-musleabihf/12.2.1/../../../libc.a(connect.lo)
                0x030237f0                connect
 .text.sendmsg  0x03023828       0x34 /usr/lib/gcc/armv6-alpine-linux-musleabihf/12.2.1/../../../libc.a(sendmsg.lo)
                0x03023828                sendmsg
 .text.close_file
                0x0302385c       0x70 /usr/lib/gcc/armv6-alpine-linux-musleabihf/12.2.1/../../../libc.a(__stdio_exit.lo)
 .text.__stdio_exit
                0x030238cc       0x70 /usr/lib/gcc/armv6-alpine-linux-musleabihf/12.2.1/../../../libc.a(__stdio_exit.lo)
                0x030238cc                __stdio_exit
                0x030238cc                __stdio_exit_needed
 .text.__toread
                0x0302393c       0x80 /usr/lib/gcc/armv6-alpine-linux-musleabihf/12.2.1/../../../libc.a(__toread.lo)
                0x0302393c                __toread
 .text.a_barrier
                0x030239bc       0x18 /usr/lib/gcc/armv6-alpine-linux-musleabihf/12.2.1/../../../libc.a(sem_timedwait.lo)
 .text.cleanup  0x030239d4       0x24 /usr/lib/gcc/armv6-alpine-linux-musleabihf/12.2.1/../../../libc.a(sem_timedwait.lo)
 .text.__sem_timedwait_time64
                0x030239f8      0x10c /usr/lib/gcc/armv6-alpine-linux-musleabihf/12.2.1/../../../libc.a(sem_timedwait.lo)
                0x030239f8                __sem_timedwait_time64
 .text.sem_trywait
                0x03023b04       0x84 /usr/lib/gcc/armv6-alpine-linux-musleabihf/12.2.1/../../../libc.a(sem_trywait.lo)
                0x03023b04                sem_trywait
 .text.isblank  0x03023b88       0x14 /usr/lib/gcc/armv6-alpine-linux-musleabihf/12.2.1/../../../libc.a(isblank.lo)
                0x03023b88                isblank
 .text.fabs     0x03023b9c        0x8 /usr/lib/gcc/armv6-alpine-linux-musleabihf/12.2.1/../../../libc.a(fabs.lo)
                0x03023b9c                fabs
 .text.copysign
                0x03023ba4       0x24 /usr/lib/gcc/armv6-alpine-linux-musleabihf/12.2.1/../../../libc.a(copysign.lo)
                0x03023ba4                copysign
 .text.dummy    0x03023bc8        0x4 /usr/lib/gcc/armv6-alpine-linux-musleabihf/12.2.1/../../../libc.a(pthread_cleanup_push.lo)
                0x03023bc8                __do_cleanup_push
                0x03023bc8                __do_cleanup_pop
 .text._pthread_cleanup_push
                0x03023bcc        0x8 /usr/lib/gcc/armv6-alpine-linux-musleabihf/12.2.1/../../../libc.a(pthread_cleanup_push.lo)
                0x03023bcc                _pthread_cleanup_push
 .text._pthread_cleanup_pop
                0x03023bd4       0x28 /usr/lib/gcc/armv6-alpine-linux-musleabihf/12.2.1/../../../libc.a(pthread_cleanup_push.lo)
                0x03023bd4                _pthread_cleanup_pop
 .text.dummy    0x03023bfc        0x4 /usr/lib/gcc/armv6-alpine-linux-musleabihf/12.2.1/../../../libc.a(pthread_testcancel.lo)
                0x03023bfc                __testcancel
 .text.__pthread_testcancel
                0x03023c00        0x4 /usr/lib/gcc/armv6-alpine-linux-musleabihf/12.2.1/../../../libc.a(pthread_testcancel.lo)
                0x03023c00                pthread_testcancel
                0x03023c00                __pthread_testcancel
 .text          0x03023c04       0x3c /usr/lib/gcc/armv6-alpine-linux-musleabihf/12.2.1/libgcc.a(_aeabi_uldivmod.o)
                0x03023c04                __aeabi_uldivmod

.glue_7         0x03023c40        0x0
 .glue_7        0x03023c40        0x0 linker stubs

.glue_7t        0x03023c40        0x0
 .glue_7t       0x03023c40        0x0 linker stubs

.vfp11_veneer   0x03023c40        0x0
 .vfp11_veneer  0x03023c40        0x0 linker stubs

.v4_bx          0x03023c40        0x0
 .v4_bx         0x03023c40        0x0 linker stubs

.iplt           0x03023c40        0x0
 .iplt          0x03023c40        0x0 /usr/lib/gcc/armv6-alpine-linux-musleabihf/12.2.1/../../../crt1.o

.init           0x03023c40        0xc
 *crti.o(.init)
 .init          0x03023c40        0x4 /usr/lib/gcc/armv6-alpine-linux-musleabihf/12.2.1/../../../crti.o
                0x03023c40                _init
 *(.init)
 .init          0x03023c44        0x8 /usr/lib/gcc/armv6-alpine-linux-musleabihf/12.2.1/../../../crtn.o
 *crtn.o(.init)

.fini           0x03023c4c        0xc
 *crti.o(.fini)
 .fini          0x03023c4c        0x4 /usr/lib/gcc/armv6-alpine-linux-musleabihf/12.2.1/../../../crti.o
                0x03023c4c                _fini
 *(.fini)
 .fini          0x03023c50        0x8 /usr/lib/gcc/armv6-alpine-linux-musleabihf/12.2.1/../../../crtn.o
 *crtn.o(.fini)

.init_array     0x03023c58        0x4
                0x03023c58                        __init_array_start = .
 *crti.o(SORT_BY_ALIGNMENT(.init_array))
 *(SORT_BY_NAME(SORT_BY_ALIGNMENT(.init_array.*)))
 *(SORT_BY_ALIGNMENT(.init_array))
 .init_array    0x03023c58        0x4 /usr/lib/gcc/armv6-alpine-linux-musleabihf/12.2.1/crtbeginT.o
 .init_array    0x03023c5c        0x0 applets/built-in.o
 *crtn.o(SORT_BY_ALIGNMENT(.init_array))
                0x03023c5c                        __init_array_end = .

.preinit_array  0x03023c5c        0x0
                0x03023c5c                        __preinit_array_start = .
 *(SORT_BY_ALIGNMENT(.preinit_array*))
 .preinit_array
                0x03023c5c        0x0 applets/built-in.o
                0x03023c5c                        __preinit_array_end = .

.fini_array     0x03023c5c        0x4
                0x03023c5c                        __fini_array_start = .
 *crti.o(SORT_BY_ALIGNMENT(.fini_array))
 *(SORT_BY_NAME(SORT_BY_ALIGNMENT(.fini_array.*)))
 *(SORT_BY_ALIGNMENT(.fini_array))
 .fini_array    0x03023c5c        0x4 /usr/lib/gcc/armv6-alpine-linux-musleabihf/12.2.1/crtbeginT.o
 .fini_array    0x03023c60        0x0 applets/built-in.o
 *crtn.o(SORT_BY_ALIGNMENT(.fini_array))
                0x03023c60                        __fini_array_end = .

.rodata         0x03023c60     0x56e3
 *(SORT_BY_ALIGNMENT(.rodata) SORT_BY_ALIGNMENT(.rodata.*) SORT_BY_ALIGNMENT(.gnu.linkonce.r.*))
 .rodata.compat_map
                0x03023c60      0x190 /usr/lib/gcc/armv6-alpine-linux-musleabihf/12.2.1/../../../libc.a(ioctl.lo)
 .rodata.dummy_lockptr
                0x03023df0        0x4 /usr/lib/gcc/armv6-alpine-linux-musleabihf/12.2.1/../../../libc.a(fork.lo)
                0x03023df0                __atexit_lockptr
                0x03023df0                __sem_open_lockptr
                0x03023df0                __locale_lockptr
                0x03023df0                __vmlock_lockptr
                0x03023df0                __syslog_lockptr
                0x03023df0                __at_quick_exit_lockptr
                0x03023df0                __gettext_lockptr
                0x03023df0                __random_lockptr
 .rodata.app_mask
                0x03023df4        0x8 /usr/lib/gcc/armv6-alpine-linux-musleabihf/12.2.1/../../../libc.a(block.lo)
 .rodata.all_mask
                0x03023dfc        0x8 /usr/lib/gcc/armv6-alpine-linux-musleabihf/12.2.1/../../../libc.a(block.lo)
 .rodata.spaces.0
                0x03023e04       0x58 /usr/lib/gcc/armv6-alpine-linux-musleabihf/12.2.1/../../../libc.a(iswspace.lo)
 .rodata.mt.0   0x03023e5c        0xc /usr/lib/gcc/armv6-alpine-linux-musleabihf/12.2.1/../../../libc.a(towctrans.lo)